59.42.126.32 - - [26/Sep/2019:14:02:28 +0800] "GET /notifications/api/unread_list/?max=5 HTTP/1.1" 200 38 "https://www.zymblog.top/" "Mozilla/5.0 (Windows NT 10.0; Win64; x64) AppleWebKit/537.36 (KHTML, like Gecko) Chrome/69.0.3497.81 Safari/537.36"
59.42.126.32 - - [26/Sep/2019:14:02:44 +0800] "GET /notifications/api/unread_list/?max=5 HTTP/1.1" 200 38 "https://www.zymblog.top/" "Mozilla/5.0 (Windows NT 10.0; Win64; x64) AppleWebKit/537.36 (KHTML, like Gecko) Chrome/69.0.3497.81 Safari/537.36"
59.42.126.32 - - [26/Sep/2019:14:02:59 +0800] "GET /notifications/api/unread_list/?max=5 HTTP/1.1" 200 38 "https://www.zymblog.top/" "Mozilla/5.0 (Windows NT 10.0; Win64; x64) AppleWebKit/537.36 (KHTML, like Gecko) Chrome/69.0.3497.81 Safari/537.36"
59.42.126.32 - - [26/Sep/2019:14:03:15 +0800] "GET /notifications/api/unread_list/?max=5 HTTP/1.1" 200 38 "https://www.zymblog.top/" "Mozilla/5.0 (Windows NT 10.0; Win64; x64) AppleWebKit/537.36 (KHTML, like Gecko) Chrome/69.0.3497.81 Safari/537.36"
59.42.126.32 - - [26/Sep/2019:14:03:31 +0800] "GET /notifications/api/unread_list/?max=5 HTTP/1.1" 200 38 "https://www.zymblog.top/" "Mozilla/5.0 (Windows NT 10.0; Win64; x64) AppleWebKit/537.36 (KHTML, like Gecko) Chrome/69.0.3497.81 Safari/537.36"
59.42.126.32 - - [26/Sep/2019:14:03:48 +0800] "GET /notifications/api/unread_list/?max=5 HTTP/1.1" 200 38 "https://www.zymblog.top/" "Mozilla/5.0 (Windows NT 10.0; Win64; x64) AppleWebKit/537.36 (KHTML, like Gecko) Chrome/69.0.3497.81 Safari/537.36"
59.42.126.32 - - [26/Sep/2019:14:04:03 +0800] "GET /notifications/api/unread_list/?max=5 HTTP/1.1" 200 38 "https://www.zymblog.top/" "Mozilla/5.0 (Windows NT 10.0; Win64; x64) AppleWebKit/537.36 (KHTML, like Gecko) Chrome/69.0.3497.81 Safari/537.36"
59.42.126.32 - - [26/Sep/2019:14:04:20 +0800] "GET /notifications/api/unread_list/?max=5 HTTP/1.1" 200 38 "https://www.zymblog.top/" "Mozilla/5.0 (Windows NT 10.0; Win64; x64) AppleWebKit/537.36 (KHTML, like Gecko) Chrome/69.0.3497.81 Safari/537.36"
59.42.126.32 - - [26/Sep/2019:14:04:36 +0800] "GET /notifications/api/unread_list/?max=5 HTTP/1.1" 200 38 "https://www.zymblog.top/" "Mozilla/5.0 (Windows NT 10.0; Win64; x64) AppleWebKit/537.36 (KHTML, like Gecko) Chrome/69.0.3497.81 Safari/537.36"
59.42.126.32 - - [26/Sep/2019:14:04:52 +0800] "GET /notifications/api/unread_list/?max=5 HTTP/1.1" 200 38 "https://www.zymblog.top/" "Mozilla/5.0 (Windows NT 10.0; Win64; x64) AppleWebKit/537.36 (KHTML, like Gecko) Chrome/69.0.3497.81 Safari/537.36"
59.42.126.32 - - [26/Sep/2019:14:05:08 +0800] "GET /notifications/api/unread_list/?max=5 HTTP/1.1" 200 38 "https://www.zymblog.top/" "Mozilla/5.0 (Windows NT 10.0; Win64; x64) AppleWebKit/537.36 (KHTML, like Gecko) Chrome/69.0.3497.81 Safari/537.36"
59.42.126.32 - - [26/Sep/2019:14:05:24 +0800] "GET /notifications/api/unread_list/?max=5 HTTP/1.1" 200 38 "https://www.zymblog.top/" "Mozilla/5.0 (Windows NT 10.0; Win64; x64) AppleWebKit/537.36 (KHTML, like Gecko) Chrome/69.0.3497.81 Safari/537.36"
59.42.126.32 - - [26/Sep/2019:14:05:40 +0800] "GET /notifications/api/unread_list/?max=5 HTTP/1.1" 200 38 "https://www.zymblog.top/" "Mozilla/5.0 (Windows NT 10.0; Win64; x64) AppleWebKit/537.36 (KHTML, like Gecko) Chrome/69.0.3497.81 Safari/537.36"
59.42.126.32 - - [26/Sep/2019:14:05:56 +0800] "GET /notifications/api/unread_list/?max=5 HTTP/1.1" 200 38 "https://www.zymblog.top/" "Mozilla/5.0 (Windows NT 10.0; Win64; x64) AppleWebKit/537.36 (KHTML, like Gecko) Chrome/69.0.3497.81 Safari/537.36"
59.42.126.32 - - [26/Sep/2019:14:06:11 +0800] "GET /notifications/api/unread_list/?max=5 HTTP/1.1" 200 38 "https://www.zymblog.top/" "Mozilla/5.0 (Windows NT 10.0; Win64; x64) AppleWebKit/537.36 (KHTML, like Gecko) Chrome/69.0.3497.81 Safari/537.36"
59.42.126.32 - - [26/Sep/2019:14:06:28 +0800] "GET /notifications/api/unread_list/?max=5 HTTP/1.1" 200 38 "https://www.zymblog.top/" "Mozilla/5.0 (Windows NT 10.0; Win64; x64) AppleWebKit/537.36 (KHTML, like Gecko) Chrome/69.0.3497.81 Safari/537.36"
59.42.126.32 - - [26/Sep/2019:14:06:43 +0800] "GET /notifications/api/unread_list/?max=5 HTTP/1.1" 200 38 "https://www.zymblog.top/" "Mozilla/5.0 (Windows NT 10.0; Win64; x64) AppleWebKit/537.36 (KHTML, like Gecko) Chrome/69.0.3497.81 Safari/537.36"
59.42.126.32 - - [26/Sep/2019:14:06:59 +0800] "GET /notifications/api/unread_list/?max=5 HTTP/1.1" 200 38 "https://www.zymblog.top/" "Mozilla/5.0 (Windows NT 10.0; Win64; x64) AppleWebKit/537.36 (KHTML, like Gecko) Chrome/69.0.3497.81 Safari/537.36"
59.42.126.32 - - [26/Sep/2019:14:07:15 +0800] "GET /notifications/api/unread_list/?max=5 HTTP/1.1" 200 38 "https://www.zymblog.top/" "Mozilla/5.0 (Windows NT 10.0; Win64; x64) AppleWebKit/537.36 (KHTML, like Gecko) Chrome/69.0.3497.81 Safari/537.36"
59.42.126.32 - - [26/Sep/2019:14:07:32 +0800] "GET /notifications/api/unread_list/?max=5 HTTP/1.1" 200 38 "https://www.zymblog.top/" "Mozilla/5.0 (Windows NT 10.0; Win64; x64) AppleWebKit/537.36 (KHTML, like Gecko) Chrome/69.0.3497.81 Safari/537.36"
59.42.126.32 - - [26/Sep/2019:14:07:48 +0800] "GET /notifications/api/unread_list/?max=5 HTTP/1.1" 200 38 "https://www.zymblog.top/" "Mozilla/5.0 (Windows NT 10.0; Win64; x64) AppleWebKit/537.36 (KHTML, like Gecko) Chrome/69.0.3497.81 Safari/537.36"
141.98.80.117 - - [26/Sep/2019:14:28:46 +0800] "\x03\x00\x00/*\xE0\x00\x00\x00\x00\x00Cookie: mstshash=Administr" 400 182 "-" "-"
141.98.80.117 - - [26/Sep/2019:14:28:46 +0800] "\x03\x00\x00/*\xE0\x00\x00\x00\x00\x00Cookie: mstshash=Administr" 400 182 "-" "-"
61.219.11.153 - - [26/Sep/2019:15:13:53 +0800] "\x01\x00\x00\x00" 400 182 "-" "-"
89.148.195.148 - - [26/Sep/2019:15:19:15 +0800] "GET / HTTP/1.1" 302 170 "-" "Mozilla/5.0 (Windows NT 10.0; WOW64) AppleWebKit/537.36 (KHTML, like Gecko) Chrome/51.0.2704.103 Safari/537.36"
219.128.144.222 - - [26/Sep/2019:16:13:27 +0800] "GET /blog/?page=1 HTTP/1.1" 200 6585 "-" "Mozilla/5.0 (Windows NT 5.1) AppleWebKit/537.36 (KHTML, like Gecko) Chrome/36.0.1985.67 Safari/537.36"
219.128.144.222 - - [26/Sep/2019:16:13:41 +0800] "GET /blog/124 HTTP/1.1" 200 12746 "https://www.zymblog.top/blog/?page=1" "Mozilla/5.0 (Windows; U; Windows NT 6.1; de-DE) AppleWebKit/533.20.25 (KHTML, like Gecko) Version/5.0.3 Safari/533.19.4"
219.128.144.222 - - [26/Sep/2019:16:13:53 +0800] "GET /blog/122 HTTP/1.1" 200 11654 "https://www.zymblog.top/blog/?page=1" "Mozilla/5.0 (Macintosh; Intel Mac OS X 10_9_2) AppleWebKit/537.36 (KHTML, like Gecko) Chrome/36.0.1944.0 Safari/537.36"
219.128.144.222 - - [26/Sep/2019:16:14:05 +0800] "GET /blog/117 HTTP/1.1" 200 11617 "https://www.zymblog.top/blog/?page=1" "Mozilla/5.0 (Windows NT 6.2; Win64; x64) AppleWebKit/537.36 (KHTML, like Gecko) Chrome/32.0.1667.0 Safari/537.36"
219.128.144.222 - - [26/Sep/2019:16:14:12 +0800] "GET /blog/123 HTTP/1.1" 200 11230 "https://www.zymblog.top/blog/?page=1" "Mozilla/5.0 (X11; CrOS i686 4319.74.0) AppleWebKit/537.36 (KHTML, like Gecko) Chrome/29.0.1547.57 Safari/537.36"
219.128.144.222 - - [26/Sep/2019:16:14:17 +0800] "GET /blog/118 HTTP/1.1" 200 9661 "https://www.zymblog.top/blog/?page=1" "Mozilla/5.0 (Windows NT 6.1; rv:21.0) Gecko/20130401 Firefox/21.0"
219.128.144.222 - - [26/Sep/2019:16:14:17 +0800] "GET /blog/116 HTTP/1.1" 200 12468 "https://www.zymblog.top/blog/?page=1" "Mozilla/5.0 (Windows NT 6.1; WOW64) AppleWebKit/537.36 (KHTML, like Gecko) Chrome/41.0.2227.0 Safari/537.36"
219.128.144.222 - - [26/Sep/2019:16:14:17 +0800] "GET /blog/121 HTTP/1.1" 200 12993 "https://www.zymblog.top/blog/?page=1" "Mozilla/5.0 (Windows NT 6.1; WOW64) AppleWebKit/537.17 (KHTML, like Gecko) Chrome/24.0.1312.60 Safari/537.17"
219.128.144.222 - - [26/Sep/2019:16:14:21 +0800] "GET /blog/115 HTTP/1.1" 200 7785 "https://www.zymblog.top/blog/?page=1" "Mozilla/5.0 (Windows NT 5.0; rv:21.0) Gecko/20100101 Firefox/21.0"
219.128.144.222 - - [26/Sep/2019:16:14:25 +0800] "GET /blog/?page=2 HTTP/1.1" 200 6512 "https://www.zymblog.top/blog/?page=1" "Mozilla/5.0 (Windows NT 6.2; WOW64) AppleWebKit/537.36 (KHTML, like Gecko) Chrome/27.0.1453.93 Safari/537.36"
219.128.144.222 - - [26/Sep/2019:16:14:37 +0800] "GET /blog/112 HTTP/1.1" 200 13668 "https://www.zymblog.top/blog/?page=2" "Mozilla/5.0 (X11; NetBSD) AppleWebKit/537.36 (KHTML, like Gecko) Chrome/27.0.1453.116 Safari/537.36"
219.128.144.222 - - [26/Sep/2019:16:14:43 +0800] "GET /blog/108 HTTP/1.1" 200 8287 "https://www.zymblog.top/blog/?page=2" "Mozilla/5.0 (Windows NT 6.2; Win64; x64) AppleWebKit/537.36 (KHTML, like Gecko) Chrome/32.0.1667.0 Safari/537.36"
219.128.144.222 - - [26/Sep/2019:16:14:49 +0800] "GET /blog/103 HTTP/1.1" 200 8541 "https://www.zymblog.top/blog/?page=2" "Mozilla/5.0 (Windows NT 5.1) AppleWebKit/537.36 (KHTML, like Gecko) Chrome/35.0.2309.372 Safari/537.36"
219.128.144.222 - - [26/Sep/2019:16:14:49 +0800] "GET /blog/107 HTTP/1.1" 200 20169 "https://www.zymblog.top/blog/?page=2" "Mozilla/5.0 (Windows NT 5.1) AppleWebKit/537.36 (KHTML, like Gecko) Chrome/35.0.2117.157 Safari/537.36"
219.128.144.222 - - [26/Sep/2019:16:14:53 +0800] "GET /blog/?page=3 HTTP/1.1" 200 6886 "https://www.zymblog.top/blog/?page=2" "Mozilla/5.0 (X11; Linux x86_64) AppleWebKit/537.36 (KHTML, like Gecko) Chrome/33.0.1750.517 Safari/537.36"
219.128.144.222 - - [26/Sep/2019:16:15:10 +0800] "GET /blog/102 HTTP/1.1" 200 10396 "https://www.zymblog.top/blog/?page=3" "Mozilla/5.0 (Macintosh; U; Intel Mac OS X 10_6_6; es-es) AppleWebKit/533.20.25 (KHTML, like Gecko) Version/5.0.4 Safari/533.20.27"
59.42.126.32 - - [26/Sep/2019:16:15:13 +0800] "GET /notifications/api/unread_list/?max=5 HTTP/1.1" 200 38 "https://www.zymblog.top/" "Mozilla/5.0 (Windows NT 10.0; Win64; x64) AppleWebKit/537.36 (KHTML, like Gecko) Chrome/69.0.3497.81 Safari/537.36"
59.42.126.32 - - [26/Sep/2019:16:15:15 +0800] "GET /blog/ HTTP/1.1" 200 6870 "https://www.zymblog.top/" "Mozilla/5.0 (Windows NT 10.0; Win64; x64) AppleWebKit/537.36 (KHTML, like Gecko) Chrome/69.0.3497.81 Safari/537.36"
219.128.144.222 - - [26/Sep/2019:16:15:15 +0800] "GET /blog/99 HTTP/1.1" 200 8146 "https://www.zymblog.top/blog/?page=3" "Mozilla/5.0 (Windows NT 6.1) AppleWebKit/537.36 (KHTML, like Gecko) Chrome/41.0.2228.0 Safari/537.36"
59.42.126.32 - - [26/Sep/2019:16:15:16 +0800] "GET /notifications/api/unread_list/?max=5 HTTP/1.1" 200 38 "https://www.zymblog.top/blog/" "Mozilla/5.0 (Windows NT 10.0; Win64; x64) AppleWebKit/537.36 (KHTML, like Gecko) Chrome/69.0.3497.81 Safari/537.36"
219.128.144.222 - - [26/Sep/2019:16:15:18 +0800] "GET /blog/95 HTTP/1.1" 200 10067 "https://www.zymblog.top/blog/?page=3" "Mozilla/5.0 (Windows NT 6.2; WOW64) AppleWebKit/537.14 (KHTML, like Gecko) Chrome/24.0.1292.0 Safari/537.14"
219.128.144.222 - - [26/Sep/2019:16:15:22 +0800] "GET /blog/98 HTTP/1.1" 200 8034 "https://www.zymblog.top/blog/?page=3" "Mozilla/5.0 (Windows NT 6.2; WOW64) AppleWebKit/537.36 (KHTML, like Gecko) Chrome/30.0.1599.17 Safari/537.36"
59.42.126.32 - - [26/Sep/2019:16:15:22 +0800] "GET /blog/?page=2 HTTP/1.1" 200 6800 "https://www.zymblog.top/blog/" "Mozilla/5.0 (Windows NT 10.0; Win64; x64) AppleWebKit/537.36 (KHTML, like Gecko) Chrome/69.0.3497.81 Safari/537.36"
59.42.126.32 - - [26/Sep/2019:16:15:23 +0800] "GET /notifications/api/unread_list/?max=5 HTTP/1.1" 200 38 "https://www.zymblog.top/blog/?page=2" "Mozilla/5.0 (Windows NT 10.0; Win64; x64) AppleWebKit/537.36 (KHTML, like Gecko) Chrome/69.0.3497.81 Safari/537.36"
219.128.144.222 - - [26/Sep/2019:16:15:24 +0800] "GET /blog/93 HTTP/1.1" 200 14291 "https://www.zymblog.top/blog/?page=3" "Mozilla/5.0 (Windows NT 6.2; WOW64) AppleWebKit/537.15 (KHTML, like Gecko) Chrome/24.0.1295.0 Safari/537.15"
219.128.144.222 - - [26/Sep/2019:16:15:28 +0800] "GET /blog/92 HTTP/1.1" 200 8016 "https://www.zymblog.top/blog/?page=3" "Mozilla/5.0 (Windows NT 6.1; WOW64) AppleWebKit/537.36 (KHTML, like Gecko) Chrome/36.0.1985.67 Safari/537.36"
219.128.144.222 - - [26/Sep/2019:16:15:32 +0800] "GET /blog/?page=4 HTTP/1.1" 200 6630 "https://www.zymblog.top/blog/?page=3" "Mozilla/5.0 (compatible; MSIE 8.0; Windows NT 5.1; SLCC1; .NET CLR 1.1.4322)"
59.42.126.32 - - [26/Sep/2019:16:15:39 +0800] "GET /notifications/api/unread_list/?max=5 HTTP/1.1" 200 38 "https://www.zymblog.top/blog/?page=2" "Mozilla/5.0 (Windows NT 10.0; Win64; x64) AppleWebKit/537.36 (KHTML, like Gecko) Chrome/69.0.3497.81 Safari/537.36"
219.128.144.222 - - [26/Sep/2019:16:15:44 +0800] "GET /blog/91 HTTP/1.1" 200 7809 "https://www.zymblog.top/blog/?page=4" "Mozilla/5.0 (Windows NT 6.2; WOW64) AppleWebKit/537.14 (KHTML, like Gecko) Chrome/24.0.1292.0 Safari/537.14"
219.128.144.222 - - [26/Sep/2019:16:15:50 +0800] "GET /blog/90 HTTP/1.1" 200 11931 "https://www.zymblog.top/blog/?page=4" "Mozilla/5.0 (Windows NT 6.1; WOW64) AppleWebKit/537.36 (KHTML, like Gecko) Chrome/31.0.1623.0 Safari/537.36"
59.42.126.32 - - [26/Sep/2019:16:15:54 +0800] "GET /notifications/api/unread_list/?max=5 HTTP/1.1" 200 38 "https://www.zymblog.top/blog/?page=2" "Mozilla/5.0 (Windows NT 10.0; Win64; x64) AppleWebKit/537.36 (KHTML, like Gecko) Chrome/69.0.3497.81 Safari/537.36"
219.128.144.222 - - [26/Sep/2019:16:15:58 +0800] "GET /blog/87 HTTP/1.1" 200 10194 "https://www.zymblog.top/blog/?page=4" "Mozilla/5.0 (Windows NT 5.1) AppleWebKit/537.36 (KHTML, like Gecko) Chrome/34.0.1866.237 Safari/537.36"
219.128.144.222 - - [26/Sep/2019:16:16:05 +0800] "GET /blog/85 HTTP/1.1" 200 8238 "https://www.zymblog.top/blog/?page=4" "Mozilla/4.0 (compatible; MSIE 8.0; Windows NT 6.1; de) Opera 11.01"
219.128.144.222 - - [26/Sep/2019:16:16:05 +0800] "GET /blog/84 HTTP/1.1" 200 11096 "https://www.zymblog.top/blog/?page=4" "Mozilla/5.0 (Windows NT 6.2; WOW64) AppleWebKit/537.36 (KHTML, like Gecko) Chrome/27.0.1500.55 Safari/537.36"
219.128.144.222 - - [26/Sep/2019:16:16:08 +0800] "GET /blog/?page=5 HTTP/1.1" 200 6559 "https://www.zymblog.top/blog/?page=4" "Mozilla/5.0 (X11; OpenBSD i386) AppleWebKit/537.36 (KHTML, like Gecko) Chrome/36.0.1985.125 Safari/537.36"
59.42.126.32 - - [26/Sep/2019:16:16:09 +0800] "GET /notifications/api/unread_list/?max=5 HTTP/1.1" 200 38 "https://www.zymblog.top/blog/?page=2" "Mozilla/5.0 (Windows NT 10.0; Win64; x64) AppleWebKit/537.36 (KHTML, like Gecko) Chrome/69.0.3497.81 Safari/537.36"
219.128.144.222 - - [26/Sep/2019:16:16:20 +0800] "GET /blog/81 HTTP/1.1" 200 9436 "https://www.zymblog.top/blog/?page=5" "Mozilla/5.0 (Windows NT 6.0; WOW64; rv:24.0) Gecko/20100101 Firefox/24.0"
59.42.126.32 - - [26/Sep/2019:16:16:25 +0800] "GET /notifications/api/unread_list/?max=5 HTTP/1.1" 200 38 "https://www.zymblog.top/blog/?page=2" "Mozilla/5.0 (Windows NT 10.0; Win64; x64) AppleWebKit/537.36 (KHTML, like Gecko) Chrome/69.0.3497.81 Safari/537.36"
219.128.144.222 - - [26/Sep/2019:16:16:27 +0800] "GET /blog/78 HTTP/1.1" 200 10311 "https://www.zymblog.top/blog/?page=5" "Mozilla/5.0 (X11; Ubuntu; Linux x86_64; rv:24.0) Gecko/20100101 Firefox/24.0"
219.128.144.222 - - [26/Sep/2019:16:16:37 +0800] "GET /blog/79 HTTP/1.1" 200 10873 "https://www.zymblog.top/blog/?page=5" "Mozilla/5.0 (Windows NT 5.1) AppleWebKit/537.36 (KHTML, like Gecko) Chrome/34.0.1847.116 Safari/537.36 Mozilla/5.0 (iPad; U; CPU OS 3_2 like Mac OS X; en-us) AppleWebKit/531.21.10 (KHTML, like Gecko) Version/4.0.4 Mobile/7B334b Safari/531.21.10"
219.128.144.222 - - [26/Sep/2019:16:16:37 +0800] "GET /blog/75 HTTP/1.1" 200 13862 "https://www.zymblog.top/blog/?page=5" "Mozilla/5.0 (X11; CrOS i686 4319.74.0) AppleWebKit/537.36 (KHTML, like Gecko) Chrome/29.0.1547.57 Safari/537.36"
219.128.144.222 - - [26/Sep/2019:16:16:40 +0800] "GET /blog/73 HTTP/1.1" 200 7729 "https://www.zymblog.top/blog/?page=5" "Mozilla/5.0 (Macintosh; Intel Mac OS X 10_9_0) AppleWebKit/537.36 (KHTML, like Gecko) Chrome/32.0.1664.3 Safari/537.36"
59.42.126.32 - - [26/Sep/2019:16:16:41 +0800] "GET /notifications/api/unread_list/?max=5 HTTP/1.1" 200 38 "https://www.zymblog.top/blog/?page=2" "Mozilla/5.0 (Windows NT 10.0; Win64; x64) AppleWebKit/537.36 (KHTML, like Gecko) Chrome/69.0.3497.81 Safari/537.36"
219.128.144.222 - - [26/Sep/2019:16:16:44 +0800] "GET /blog/?page=6 HTTP/1.1" 200 6388 "https://www.zymblog.top/blog/?page=5" "Mozilla/5.0 (X11; Linux x86_64) AppleWebKit/537.36 (KHTML, like Gecko) Chrome/34.0.1847.137 Safari/4E423F"
219.128.144.222 - - [26/Sep/2019:16:16:54 +0800] "GET /blog/69 HTTP/1.1" 200 10617 "https://www.zymblog.top/blog/?page=6" "Mozilla/5.0 (Windows NT 6.1; WOW64) AppleWebKit/537.36 (KHTML, like Gecko) Chrome/36.0.1985.67 Safari/537.36"
59.42.126.32 - - [26/Sep/2019:16:16:57 +0800] "GET /notifications/api/unread_list/?max=5 HTTP/1.1" 200 38 "https://www.zymblog.top/blog/?page=2" "Mozilla/5.0 (Windows NT 10.0; Win64; x64) AppleWebKit/537.36 (KHTML, like Gecko) Chrome/69.0.3497.81 Safari/537.36"
219.128.144.222 - - [26/Sep/2019:16:16:58 +0800] "GET /blog/66 HTTP/1.1" 200 9246 "https://www.zymblog.top/blog/?page=6" "Mozilla/5.0 (Windows x86; rv:19.0) Gecko/20100101 Firefox/19.0"
219.128.144.222 - - [26/Sep/2019:16:17:05 +0800] "GET /blog/65 HTTP/1.1" 200 9669 "https://www.zymblog.top/blog/?page=6" "Mozilla/5.0 (Windows NT 6.1; WOW64) AppleWebKit/537.17 (KHTML, like Gecko) Chrome/24.0.1312.60 Safari/537.17"
219.128.144.222 - - [26/Sep/2019:16:17:05 +0800] "GET /blog/?page=7 HTTP/1.1" 200 6480 "https://www.zymblog.top/blog/?page=6" "Mozilla/5.0 (Windows NT 5.1) AppleWebKit/537.36 (KHTML, like Gecko) Chrome/36.0.1985.67 Safari/537.36"
59.42.126.32 - - [26/Sep/2019:16:17:12 +0800] "GET /notifications/api/unread_list/?max=5 HTTP/1.1" 200 38 "https://www.zymblog.top/blog/?page=2" "Mozilla/5.0 (Windows NT 10.0; Win64; x64) AppleWebKit/537.36 (KHTML, like Gecko) Chrome/69.0.3497.81 Safari/537.36"
219.128.144.222 - - [26/Sep/2019:16:17:16 +0800] "GET /blog/58 HTTP/1.1" 200 10707 "https://www.zymblog.top/blog/?page=6" "Mozilla/5.0 (Macintosh; Intel Mac OS X 10_9_0) AppleWebKit/537.36 (KHTML, like Gecko) Chrome/32.0.1664.3 Safari/537.36"
219.128.144.222 - - [26/Sep/2019:16:17:20 +0800] "GET /blog/57 HTTP/1.1" 200 11480 "https://www.zymblog.top/blog/?page=7" "Mozilla/5.0 (Windows NT 5.1) AppleWebKit/537.36 (KHTML, like Gecko) Chrome/34.0.1866.237 Safari/537.36"
219.128.144.222 - - [26/Sep/2019:16:17:26 +0800] "GET /blog/55 HTTP/1.1" 200 20081 "https://www.zymblog.top/blog/?page=7" "Mozilla/5.0 (Windows NT 5.1) AppleWebKit/537.36 (KHTML, like Gecko) Chrome/31.0.1650.16 Safari/537.36"
59.42.126.32 - - [26/Sep/2019:16:17:29 +0800] "GET /notifications/api/unread_list/?max=5 HTTP/1.1" 200 38 "https://www.zymblog.top/blog/?page=2" "Mozilla/5.0 (Windows NT 10.0; Win64; x64) AppleWebKit/537.36 (KHTML, like Gecko) Chrome/69.0.3497.81 Safari/537.36"
219.128.144.222 - - [26/Sep/2019:16:17:30 +0800] "GET /blog/53 HTTP/1.1" 200 11370 "https://www.zymblog.top/blog/?page=7" "Mozilla/5.0 (Macintosh; Intel Mac OS X 10_8_2) AppleWebKit/537.17 (KHTML, like Gecko) Chrome/24.0.1309.0 Safari/537.17"
219.128.144.222 - - [26/Sep/2019:16:17:31 +0800] "GET /blog/52 HTTP/1.1" 200 10698 "https://www.zymblog.top/blog/?page=7" "Mozilla/5.0 (Windows NT 5.0; rv:21.0) Gecko/20100101 Firefox/21.0"
219.128.144.222 - - [26/Sep/2019:16:17:35 +0800] "GET /blog/51 HTTP/1.1" 200 10292 "https://www.zymblog.top/blog/?page=7" "Mozilla/5.0 (Windows NT 5.1) AppleWebKit/537.36 (KHTML, like Gecko) Chrome/34.0.1847.116 Safari/537.36 Mozilla/5.0 (iPad; U; CPU OS 3_2 like Mac OS X; en-us) AppleWebKit/531.21.10 (KHTML, like Gecko) Version/4.0.4 Mobile/7B334b Safari/531.21.10"
219.128.144.222 - - [26/Sep/2019:16:17:39 +0800] "GET /blog/?page=8 HTTP/1.1" 200 5092 "https://www.zymblog.top/blog/?page=7" "Mozilla/5.0 (Windows NT 6.2; WOW64) AppleWebKit/537.36 (KHTML, like Gecko) Chrome/29.0.1547.2 Safari/537.36"
59.42.126.32 - - [26/Sep/2019:16:17:45 +0800] "GET /notifications/api/unread_list/?max=5 HTTP/1.1" 200 38 "https://www.zymblog.top/blog/?page=2" "Mozilla/5.0 (Windows NT 10.0; Win64; x64) AppleWebKit/537.36 (KHTML, like Gecko) Chrome/69.0.3497.81 Safari/537.36"
219.128.144.222 - - [26/Sep/2019:16:17:45 +0800] "GET /blog/46 HTTP/1.1" 200 12064 "https://www.zymblog.top/blog/?page=8" "Mozilla/5.0 (Windows NT 6.1; WOW64; rv:23.0) Gecko/20130406 Firefox/23.0"
59.42.126.32 - - [26/Sep/2019:16:18:00 +0800] "GET /notifications/api/unread_list/?max=5 HTTP/1.1" 200 38 "https://www.zymblog.top/blog/?page=2" "Mozilla/5.0 (Windows NT 10.0; Win64; x64) AppleWebKit/537.36 (KHTML, like Gecko) Chrome/69.0.3497.81 Safari/537.36"
59.42.126.32 - - [26/Sep/2019:16:18:16 +0800] "GET /notifications/api/unread_list/?max=5 HTTP/1.1" 200 38 "https://www.zymblog.top/blog/?page=2" "Mozilla/5.0 (Windows NT 10.0; Win64; x64) AppleWebKit/537.36 (KHTML, like Gecko) Chrome/69.0.3497.81 Safari/537.36"
59.42.126.32 - - [26/Sep/2019:16:18:33 +0800] "GET /notifications/api/unread_list/?max=5 HTTP/1.1" 200 38 "https://www.zymblog.top/blog/?page=2" "Mozilla/5.0 (Windows NT 10.0; Win64; x64) AppleWebKit/537.36 (KHTML, like Gecko) Chrome/69.0.3497.81 Safari/537.36"
59.42.126.32 - - [26/Sep/2019:16:18:48 +0800] "GET /notifications/api/unread_list/?max=5 HTTP/1.1" 200 38 "https://www.zymblog.top/blog/?page=2" "Mozilla/5.0 (Windows NT 10.0; Win64; x64) AppleWebKit/537.36 (KHTML, like Gecko) Chrome/69.0.3497.81 Safari/537.36"
59.42.126.32 - - [26/Sep/2019:16:19:05 +0800] "GET /notifications/api/unread_list/?max=5 HTTP/1.1" 200 38 "https://www.zymblog.top/blog/?page=2" "Mozilla/5.0 (Windows NT 10.0; Win64; x64) AppleWebKit/537.36 (KHTML, like Gecko) Chrome/69.0.3497.81 Safari/537.36"
59.42.126.32 - - [26/Sep/2019:16:19:21 +0800] "GET /notifications/api/unread_list/?max=5 HTTP/1.1" 200 38 "https://www.zymblog.top/blog/?page=2" "Mozilla/5.0 (Windows NT 10.0; Win64; x64) AppleWebKit/537.36 (KHTML, like Gecko) Chrome/69.0.3497.81 Safari/537.36"
59.42.126.32 - - [26/Sep/2019:16:19:36 +0800] "GET /notifications/api/unread_list/?max=5 HTTP/1.1" 200 38 "https://www.zymblog.top/blog/?page=2" "Mozilla/5.0 (Windows NT 10.0; Win64; x64) AppleWebKit/537.36 (KHTML, like Gecko) Chrome/69.0.3497.81 Safari/537.36"
59.42.126.32 - - [26/Sep/2019:16:19:53 +0800] "GET /notifications/api/unread_list/?max=5 HTTP/1.1" 200 38 "https://www.zymblog.top/blog/?page=2" "Mozilla/5.0 (Windows NT 10.0; Win64; x64) AppleWebKit/537.36 (KHTML, like Gecko) Chrome/69.0.3497.81 Safari/537.36"
59.42.126.32 - - [26/Sep/2019:16:20:08 +0800] "GET /notifications/api/unread_list/?max=5 HTTP/1.1" 200 38 "https://www.zymblog.top/blog/?page=2" "Mozilla/5.0 (Windows NT 10.0; Win64; x64) AppleWebKit/537.36 (KHTML, like Gecko) Chrome/69.0.3497.81 Safari/537.36"
59.42.126.32 - - [26/Sep/2019:16:20:25 +0800] "GET /notifications/api/unread_list/?max=5 HTTP/1.1" 200 38 "https://www.zymblog.top/blog/?page=2" "Mozilla/5.0 (Windows NT 10.0; Win64; x64) AppleWebKit/537.36 (KHTML, like Gecko) Chrome/69.0.3497.81 Safari/537.36"
59.42.126.32 - - [26/Sep/2019:16:20:40 +0800] "GET /notifications/api/unread_list/?max=5 HTTP/1.1" 200 38 "https://www.zymblog.top/blog/?page=2" "Mozilla/5.0 (Windows NT 10.0; Win64; x64) AppleWebKit/537.36 (KHTML, like Gecko) Chrome/69.0.3497.81 Safari/537.36"
59.42.126.32 - - [26/Sep/2019:16:20:56 +0800] "GET /notifications/api/unread_list/?max=5 HTTP/1.1" 200 38 "https://www.zymblog.top/blog/?page=2" "Mozilla/5.0 (Windows NT 10.0; Win64; x64) AppleWebKit/537.36 (KHTML, like Gecko) Chrome/69.0.3497.81 Safari/537.36"
59.42.126.32 - - [26/Sep/2019:16:21:13 +0800] "GET /notifications/api/unread_list/?max=5 HTTP/1.1" 200 38 "https://www.zymblog.top/blog/?page=2" "Mozilla/5.0 (Windows NT 10.0; Win64; x64) AppleWebKit/537.36 (KHTML, like Gecko) Chrome/69.0.3497.81 Safari/537.36"
59.42.126.32 - - [26/Sep/2019:16:21:29 +0800] "GET /notifications/api/unread_list/?max=5 HTTP/1.1" 200 38 "https://www.zymblog.top/blog/?page=2" "Mozilla/5.0 (Windows NT 10.0; Win64; x64) AppleWebKit/537.36 (KHTML, like Gecko) Chrome/69.0.3497.81 Safari/537.36"
59.42.126.32 - - [26/Sep/2019:16:21:44 +0800] "GET /notifications/api/unread_list/?max=5 HTTP/1.1" 200 38 "https://www.zymblog.top/blog/?page=2" "Mozilla/5.0 (Windows NT 10.0; Win64; x64) AppleWebKit/537.36 (KHTML, like Gecko) Chrome/69.0.3497.81 Safari/537.36"
59.42.126.32 - - [26/Sep/2019:16:22:00 +0800] "GET /notifications/api/unread_list/?max=5 HTTP/1.1" 200 38 "https://www.zymblog.top/blog/?page=2" "Mozilla/5.0 (Windows NT 10.0; Win64; x64) AppleWebKit/537.36 (KHTML, like Gecko) Chrome/69.0.3497.81 Safari/537.36"
59.42.126.32 - - [26/Sep/2019:16:22:16 +0800] "GET /notifications/api/unread_list/?max=5 HTTP/1.1" 200 38 "https://www.zymblog.top/blog/?page=2" "Mozilla/5.0 (Windows NT 10.0; Win64; x64) AppleWebKit/537.36 (KHTML, like Gecko) Chrome/69.0.3497.81 Safari/537.36"
59.42.126.32 - - [26/Sep/2019:16:22:32 +0800] "GET /notifications/api/unread_list/?max=5 HTTP/1.1" 200 38 "https://www.zymblog.top/blog/?page=2" "Mozilla/5.0 (Windows NT 10.0; Win64; x64) AppleWebKit/537.36 (KHTML, like Gecko) Chrome/69.0.3497.81 Safari/537.36"
59.42.126.32 - - [26/Sep/2019:16:22:49 +0800] "GET /notifications/api/unread_list/?max=5 HTTP/1.1" 200 38 "https://www.zymblog.top/blog/?page=2" "Mozilla/5.0 (Windows NT 10.0; Win64; x64) AppleWebKit/537.36 (KHTML, like Gecko) Chrome/69.0.3497.81 Safari/537.36"
59.42.126.32 - - [26/Sep/2019:16:23:05 +0800] "GET /notifications/api/unread_list/?max=5 HTTP/1.1" 200 38 "https://www.zymblog.top/blog/?page=2" "Mozilla/5.0 (Windows NT 10.0; Win64; x64) AppleWebKit/537.36 (KHTML, like Gecko) Chrome/69.0.3497.81 Safari/537.36"
59.42.126.32 - - [26/Sep/2019:16:23:20 +0800] "GET /notifications/api/unread_list/?max=5 HTTP/1.1" 200 38 "https://www.zymblog.top/blog/?page=2" "Mozilla/5.0 (Windows NT 10.0; Win64; x64) AppleWebKit/537.36 (KHTML, like Gecko) Chrome/69.0.3497.81 Safari/537.36"
59.42.126.32 - - [26/Sep/2019:16:23:37 +0800] "GET /notifications/api/unread_list/?max=5 HTTP/1.1" 200 38 "https://www.zymblog.top/blog/?page=2" "Mozilla/5.0 (Windows NT 10.0; Win64; x64) AppleWebKit/537.36 (KHTML, like Gecko) Chrome/69.0.3497.81 Safari/537.36"
59.42.126.32 - - [26/Sep/2019:16:23:53 +0800] "GET /notifications/api/unread_list/?max=5 HTTP/1.1" 200 38 "https://www.zymblog.top/blog/?page=2" "Mozilla/5.0 (Windows NT 10.0; Win64; x64) AppleWebKit/537.36 (KHTML, like Gecko) Chrome/69.0.3497.81 Safari/537.36"
59.42.126.32 - - [26/Sep/2019:16:24:08 +0800] "GET /notifications/api/unread_list/?max=5 HTTP/1.1" 200 38 "https://www.zymblog.top/blog/?page=2" "Mozilla/5.0 (Windows NT 10.0; Win64; x64) AppleWebKit/537.36 (KHTML, like Gecko) Chrome/69.0.3497.81 Safari/537.36"
59.42.126.32 - - [26/Sep/2019:16:24:25 +0800] "GET /notifications/api/unread_list/?max=5 HTTP/1.1" 200 38 "https://www.zymblog.top/blog/?page=2" "Mozilla/5.0 (Windows NT 10.0; Win64; x64) AppleWebKit/537.36 (KHTML, like Gecko) Chrome/69.0.3497.81 Safari/537.36"
59.42.126.32 - - [26/Sep/2019:16:24:41 +0800] "GET /notifications/api/unread_list/?max=5 HTTP/1.1" 200 38 "https://www.zymblog.top/blog/?page=2" "Mozilla/5.0 (Windows NT 10.0; Win64; x64) AppleWebKit/537.36 (KHTML, like Gecko) Chrome/69.0.3497.81 Safari/537.36"
59.42.126.32 - - [26/Sep/2019:16:24:56 +0800] "GET /notifications/api/unread_list/?max=5 HTTP/1.1" 200 38 "https://www.zymblog.top/blog/?page=2" "Mozilla/5.0 (Windows NT 10.0; Win64; x64) AppleWebKit/537.36 (KHTML, like Gecko) Chrome/69.0.3497.81 Safari/537.36"
59.42.126.32 - - [26/Sep/2019:16:25:13 +0800] "GET /notifications/api/unread_list/?max=5 HTTP/1.1" 200 38 "https://www.zymblog.top/blog/?page=2" "Mozilla/5.0 (Windows NT 10.0; Win64; x64) AppleWebKit/537.36 (KHTML, like Gecko) Chrome/69.0.3497.81 Safari/537.36"
59.42.126.32 - - [26/Sep/2019:16:25:28 +0800] "GET /notifications/api/unread_list/?max=5 HTTP/1.1" 200 38 "https://www.zymblog.top/blog/?page=2" "Mozilla/5.0 (Windows NT 10.0; Win64; x64) AppleWebKit/537.36 (KHTML, like Gecko) Chrome/69.0.3497.81 Safari/537.36"
59.42.126.32 - - [26/Sep/2019:16:25:45 +0800] "GET /notifications/api/unread_list/?max=5 HTTP/1.1" 200 38 "https://www.zymblog.top/blog/?page=2" "Mozilla/5.0 (Windows NT 10.0; Win64; x64) AppleWebKit/537.36 (KHTML, like Gecko) Chrome/69.0.3497.81 Safari/537.36"
59.42.126.32 - - [26/Sep/2019:16:26:01 +0800] "GET /notifications/api/unread_list/?max=5 HTTP/1.1" 200 38 "https://www.zymblog.top/blog/?page=2" "Mozilla/5.0 (Windows NT 10.0; Win64; x64) AppleWebKit/537.36 (KHTML, like Gecko) Chrome/69.0.3497.81 Safari/537.36"
59.42.126.32 - - [26/Sep/2019:16:26:04 +0800] "GET / HTTP/1.1" 200 4874 "https://www.zymblog.top/blog/?page=2" "Mozilla/5.0 (Windows NT 10.0; Win64; x64) AppleWebKit/537.36 (KHTML, like Gecko) Chrome/69.0.3497.81 Safari/537.36"
59.42.126.32 - - [26/Sep/2019:16:26:05 +0800] "GET /notifications/api/unread_list/?max=5 HTTP/1.1" 200 38 "https://www.zymblog.top/" "Mozilla/5.0 (Windows NT 10.0; Win64; x64) AppleWebKit/537.36 (KHTML, like Gecko) Chrome/69.0.3497.81 Safari/537.36"
59.42.126.32 - - [26/Sep/2019:16:26:21 +0800] "GET /notifications/api/unread_list/?max=5 HTTP/1.1" 200 38 "https://www.zymblog.top/" "Mozilla/5.0 (Windows NT 10.0; Win64; x64) AppleWebKit/537.36 (KHTML, like Gecko) Chrome/69.0.3497.81 Safari/537.36"
59.42.126.32 - - [26/Sep/2019:16:26:36 +0800] "GET /notifications/api/unread_list/?max=5 HTTP/1.1" 200 38 "https://www.zymblog.top/" "Mozilla/5.0 (Windows NT 10.0; Win64; x64) AppleWebKit/537.36 (KHTML, like Gecko) Chrome/69.0.3497.81 Safari/537.36"
59.42.126.32 - - [26/Sep/2019:16:26:51 +0800] "GET /notifications/api/unread_list/?max=5 HTTP/1.1" 200 38 "https://www.zymblog.top/" "Mozilla/5.0 (Windows NT 10.0; Win64; x64) AppleWebKit/537.36 (KHTML, like Gecko) Chrome/69.0.3497.81 Safari/537.36"
59.42.126.32 - - [26/Sep/2019:16:27:06 +0800] "GET /notifications/api/unread_list/?max=5 HTTP/1.1" 200 38 "https://www.zymblog.top/" "Mozilla/5.0 (Windows NT 10.0; Win64; x64) AppleWebKit/537.36 (KHTML, like Gecko) Chrome/69.0.3497.81 Safari/537.36"
59.42.126.32 - - [26/Sep/2019:16:27:21 +0800] "GET /notifications/api/unread_list/?max=5 HTTP/1.1" 200 38 "https://www.zymblog.top/" "Mozilla/5.0 (Windows NT 10.0; Win64; x64) AppleWebKit/537.36 (KHTML, like Gecko) Chrome/69.0.3497.81 Safari/537.36"
59.42.126.32 - - [26/Sep/2019:16:27:36 +0800] "GET /notifications/api/unread_list/?max=5 HTTP/1.1" 200 38 "https://www.zymblog.top/" "Mozilla/5.0 (Windows NT 10.0; Win64; x64) AppleWebKit/537.36 (KHTML, like Gecko) Chrome/69.0.3497.81 Safari/537.36"
59.42.126.32 - - [26/Sep/2019:16:27:51 +0800] "GET /notifications/api/unread_list/?max=5 HTTP/1.1" 200 38 "https://www.zymblog.top/" "Mozilla/5.0 (Windows NT 10.0; Win64; x64) AppleWebKit/537.36 (KHTML, like Gecko) Chrome/69.0.3497.81 Safari/537.36"
59.42.126.32 - - [26/Sep/2019:16:28:06 +0800] "GET /notifications/api/unread_list/?max=5 HTTP/1.1" 200 38 "https://www.zymblog.top/" "Mozilla/5.0 (Windows NT 10.0; Win64; x64) AppleWebKit/537.36 (KHTML, like Gecko) Chrome/69.0.3497.81 Safari/537.36"
59.42.126.32 - - [26/Sep/2019:16:28:21 +0800] "GET /notifications/api/unread_list/?max=5 HTTP/1.1" 200 38 "https://www.zymblog.top/" "Mozilla/5.0 (Windows NT 10.0; Win64; x64) AppleWebKit/537.36 (KHTML, like Gecko) Chrome/69.0.3497.81 Safari/537.36"
59.42.126.32 - - [26/Sep/2019:16:28:36 +0800] "GET /notifications/api/unread_list/?max=5 HTTP/1.1" 200 38 "https://www.zymblog.top/" "Mozilla/5.0 (Windows NT 10.0; Win64; x64) AppleWebKit/537.36 (KHTML, like Gecko) Chrome/69.0.3497.81 Safari/537.36"
59.42.126.32 - - [26/Sep/2019:16:28:53 +0800] "GET /notifications/api/unread_list/?max=5 HTTP/1.1" 200 38 "https://www.zymblog.top/" "Mozilla/5.0 (Windows NT 10.0; Win64; x64) AppleWebKit/537.36 (KHTML, like Gecko) Chrome/69.0.3497.81 Safari/537.36"
59.42.126.32 - - [26/Sep/2019:16:29:09 +0800] "GET /notifications/api/unread_list/?max=5 HTTP/1.1" 200 38 "https://www.zymblog.top/" "Mozilla/5.0 (Windows NT 10.0; Win64; x64) AppleWebKit/537.36 (KHTML, like Gecko) Chrome/69.0.3497.81 Safari/537.36"
59.42.126.32 - - [26/Sep/2019:16:29:25 +0800] "GET /notifications/api/unread_list/?max=5 HTTP/1.1" 200 38 "https://www.zymblog.top/" "Mozilla/5.0 (Windows NT 10.0; Win64; x64) AppleWebKit/537.36 (KHTML, like Gecko) Chrome/69.0.3497.81 Safari/537.36"
59.42.126.32 - - [26/Sep/2019:16:29:41 +0800] "GET /notifications/api/unread_list/?max=5 HTTP/1.1" 200 38 "https://www.zymblog.top/" "Mozilla/5.0 (Windows NT 10.0; Win64; x64) AppleWebKit/537.36 (KHTML, like Gecko) Chrome/69.0.3497.81 Safari/537.36"
59.42.126.32 - - [26/Sep/2019:16:29:57 +0800] "GET /notifications/api/unread_list/?max=5 HTTP/1.1" 200 38 "https://www.zymblog.top/" "Mozilla/5.0 (Windows NT 10.0; Win64; x64) AppleWebKit/537.36 (KHTML, like Gecko) Chrome/69.0.3497.81 Safari/537.36"
59.42.126.32 - - [26/Sep/2019:16:30:13 +0800] "GET /notifications/api/unread_list/?max=5 HTTP/1.1" 200 38 "https://www.zymblog.top/" "Mozilla/5.0 (Windows NT 10.0; Win64; x64) AppleWebKit/537.36 (KHTML, like Gecko) Chrome/69.0.3497.81 Safari/537.36"
59.42.126.32 - - [26/Sep/2019:16:30:29 +0800] "GET /notifications/api/unread_list/?max=5 HTTP/1.1" 200 38 "https://www.zymblog.top/" "Mozilla/5.0 (Windows NT 10.0; Win64; x64) AppleWebKit/537.36 (KHTML, like Gecko) Chrome/69.0.3497.81 Safari/537.36"
59.42.126.32 - - [26/Sep/2019:16:30:45 +0800] "GET /notifications/api/unread_list/?max=5 HTTP/1.1" 200 38 "https://www.zymblog.top/" "Mozilla/5.0 (Windows NT 10.0; Win64; x64) AppleWebKit/537.36 (KHTML, like Gecko) Chrome/69.0.3497.81 Safari/537.36"
59.42.126.32 - - [26/Sep/2019:16:31:01 +0800] "GET /notifications/api/unread_list/?max=5 HTTP/1.1" 200 38 "https://www.zymblog.top/" "Mozilla/5.0 (Windows NT 10.0; Win64; x64) AppleWebKit/537.36 (KHTML, like Gecko) Chrome/69.0.3497.81 Safari/537.36"
59.42.126.32 - - [26/Sep/2019:16:31:17 +0800] "GET /notifications/api/unread_list/?max=5 HTTP/1.1" 200 38 "https://www.zymblog.top/" "Mozilla/5.0 (Windows NT 10.0; Win64; x64) AppleWebKit/537.36 (KHTML, like Gecko) Chrome/69.0.3497.81 Safari/537.36"
59.42.126.32 - - [26/Sep/2019:16:31:32 +0800] "GET /notifications/api/unread_list/?max=5 HTTP/1.1" 200 38 "https://www.zymblog.top/" "Mozilla/5.0 (Windows NT 10.0; Win64; x64) AppleWebKit/537.36 (KHTML, like Gecko) Chrome/69.0.3497.81 Safari/537.36"
59.42.126.32 - - [26/Sep/2019:16:31:48 +0800] "GET /notifications/api/unread_list/?max=5 HTTP/1.1" 200 38 "https://www.zymblog.top/" "Mozilla/5.0 (Windows NT 10.0; Win64; x64) AppleWebKit/537.36 (KHTML, like Gecko) Chrome/69.0.3497.81 Safari/537.36"
59.42.126.32 - - [26/Sep/2019:16:32:04 +0800] "GET /notifications/api/unread_list/?max=5 HTTP/1.1" 200 38 "https://www.zymblog.top/" "Mozilla/5.0 (Windows NT 10.0; Win64; x64) AppleWebKit/537.36 (KHTML, like Gecko) Chrome/69.0.3497.81 Safari/537.36"
59.42.126.32 - - [26/Sep/2019:16:32:21 +0800] "GET /notifications/api/unread_list/?max=5 HTTP/1.1" 200 38 "https://www.zymblog.top/" "Mozilla/5.0 (Windows NT 10.0; Win64; x64) AppleWebKit/537.36 (KHTML, like Gecko) Chrome/69.0.3497.81 Safari/537.36"
59.42.126.32 - - [26/Sep/2019:16:32:37 +0800] "GET /notifications/api/unread_list/?max=5 HTTP/1.1" 200 38 "https://www.zymblog.top/" "Mozilla/5.0 (Windows NT 10.0; Win64; x64) AppleWebKit/537.36 (KHTML, like Gecko) Chrome/69.0.3497.81 Safari/537.36"
59.42.126.32 - - [26/Sep/2019:16:32:52 +0800] "GET /notifications/api/unread_list/?max=5 HTTP/1.1" 200 38 "https://www.zymblog.top/" "Mozilla/5.0 (Windows NT 10.0; Win64; x64) AppleWebKit/537.36 (KHTML, like Gecko) Chrome/69.0.3497.81 Safari/537.36"
59.42.126.32 - - [26/Sep/2019:16:33:08 +0800] "GET /notifications/api/unread_list/?max=5 HTTP/1.1" 200 38 "https://www.zymblog.top/" "Mozilla/5.0 (Windows NT 10.0; Win64; x64) AppleWebKit/537.36 (KHTML, like Gecko) Chrome/69.0.3497.81 Safari/537.36"
59.42.126.32 - - [26/Sep/2019:16:33:24 +0800] "GET /notifications/api/unread_list/?max=5 HTTP/1.1" 200 38 "https://www.zymblog.top/" "Mozilla/5.0 (Windows NT 10.0; Win64; x64) AppleWebKit/537.36 (KHTML, like Gecko) Chrome/69.0.3497.81 Safari/537.36"
59.42.126.32 - - [26/Sep/2019:16:33:40 +0800] "GET /notifications/api/unread_list/?max=5 HTTP/1.1" 200 38 "https://www.zymblog.top/" "Mozilla/5.0 (Windows NT 10.0; Win64; x64) AppleWebKit/537.36 (KHTML, like Gecko) Chrome/69.0.3497.81 Safari/537.36"
59.42.126.32 - - [26/Sep/2019:16:33:57 +0800] "GET /notifications/api/unread_list/?max=5 HTTP/1.1" 200 38 "https://www.zymblog.top/" "Mozilla/5.0 (Windows NT 10.0; Win64; x64) AppleWebKit/537.36 (KHTML, like Gecko) Chrome/69.0.3497.81 Safari/537.36"
59.42.126.32 - - [26/Sep/2019:16:34:12 +0800] "GET /notifications/api/unread_list/?max=5 HTTP/1.1" 200 38 "https://www.zymblog.top/" "Mozilla/5.0 (Windows NT 10.0; Win64; x64) AppleWebKit/537.36 (KHTML, like Gecko) Chrome/69.0.3497.81 Safari/537.36"
59.42.126.32 - - [26/Sep/2019:16:34:28 +0800] "GET /notifications/api/unread_list/?max=5 HTTP/1.1" 200 38 "https://www.zymblog.top/" "Mozilla/5.0 (Windows NT 10.0; Win64; x64) AppleWebKit/537.36 (KHTML, like Gecko) Chrome/69.0.3497.81 Safari/537.36"
59.42.126.32 - - [26/Sep/2019:16:34:45 +0800] "GET /notifications/api/unread_list/?max=5 HTTP/1.1" 200 38 "https://www.zymblog.top/" "Mozilla/5.0 (Windows NT 10.0; Win64; x64) AppleWebKit/537.36 (KHTML, like Gecko) Chrome/69.0.3497.81 Safari/537.36"
59.42.126.32 - - [26/Sep/2019:16:35:00 +0800] "GET /notifications/api/unread_list/?max=5 HTTP/1.1" 200 38 "https://www.zymblog.top/" "Mozilla/5.0 (Windows NT 10.0; Win64; x64) AppleWebKit/537.36 (KHTML, like Gecko) Chrome/69.0.3497.81 Safari/537.36"
59.42.126.32 - - [26/Sep/2019:16:35:16 +0800] "GET /notifications/api/unread_list/?max=5 HTTP/1.1" 200 38 "https://www.zymblog.top/" "Mozilla/5.0 (Windows NT 10.0; Win64; x64) AppleWebKit/537.36 (KHTML, like Gecko) Chrome/69.0.3497.81 Safari/537.36"
59.42.126.32 - - [26/Sep/2019:16:35:32 +0800] "GET /notifications/api/unread_list/?max=5 HTTP/1.1" 200 38 "https://www.zymblog.top/" "Mozilla/5.0 (Windows NT 10.0; Win64; x64) AppleWebKit/537.36 (KHTML, like Gecko) Chrome/69.0.3497.81 Safari/537.36"
59.42.126.32 - - [26/Sep/2019:16:35:49 +0800] "GET /notifications/api/unread_list/?max=5 HTTP/1.1" 200 38 "https://www.zymblog.top/" "Mozilla/5.0 (Windows NT 10.0; Win64; x64) AppleWebKit/537.36 (KHTML, like Gecko) Chrome/69.0.3497.81 Safari/537.36"
59.42.126.32 - - [26/Sep/2019:16:36:04 +0800] "GET /notifications/api/unread_list/?max=5 HTTP/1.1" 200 38 "https://www.zymblog.top/" "Mozilla/5.0 (Windows NT 10.0; Win64; x64) AppleWebKit/537.36 (KHTML, like Gecko) Chrome/69.0.3497.81 Safari/537.36"
59.42.126.32 - - [26/Sep/2019:16:36:20 +0800] "GET /notifications/api/unread_list/?max=5 HTTP/1.1" 200 38 "https://www.zymblog.top/" "Mozilla/5.0 (Windows NT 10.0; Win64; x64) AppleWebKit/537.36 (KHTML, like Gecko) Chrome/69.0.3497.81 Safari/537.36"
59.42.126.32 - - [26/Sep/2019:16:36:37 +0800] "GET /notifications/api/unread_list/?max=5 HTTP/1.1" 200 38 "https://www.zymblog.top/" "Mozilla/5.0 (Windows NT 10.0; Win64; x64) AppleWebKit/537.36 (KHTML, like Gecko) Chrome/69.0.3497.81 Safari/537.36"
59.42.126.32 - - [26/Sep/2019:16:36:52 +0800] "GET /notifications/api/unread_list/?max=5 HTTP/1.1" 200 38 "https://www.zymblog.top/" "Mozilla/5.0 (Windows NT 10.0; Win64; x64) AppleWebKit/537.36 (KHTML, like Gecko) Chrome/69.0.3497.81 Safari/537.36"
59.42.126.32 - - [26/Sep/2019:16:37:09 +0800] "GET /notifications/api/unread_list/?max=5 HTTP/1.1" 200 38 "https://www.zymblog.top/" "Mozilla/5.0 (Windows NT 10.0; Win64; x64) AppleWebKit/537.36 (KHTML, like Gecko) Chrome/69.0.3497.81 Safari/537.36"
59.42.126.32 - - [26/Sep/2019:16:37:24 +0800] "GET /notifications/api/unread_list/?max=5 HTTP/1.1" 200 38 "https://www.zymblog.top/" "Mozilla/5.0 (Windows NT 10.0; Win64; x64) AppleWebKit/537.36 (KHTML, like Gecko) Chrome/69.0.3497.81 Safari/537.36"
59.42.126.32 - - [26/Sep/2019:16:37:41 +0800] "GET /notifications/api/unread_list/?max=5 HTTP/1.1" 200 38 "https://www.zymblog.top/" "Mozilla/5.0 (Windows NT 10.0; Win64; x64) AppleWebKit/537.36 (KHTML, like Gecko) Chrome/69.0.3497.81 Safari/537.36"
59.42.126.32 - - [26/Sep/2019:16:37:57 +0800] "GET /notifications/api/unread_list/?max=5 HTTP/1.1" 200 38 "https://www.zymblog.top/" "Mozilla/5.0 (Windows NT 10.0; Win64; x64) AppleWebKit/537.36 (KHTML, like Gecko) Chrome/69.0.3497.81 Safari/537.36"
59.42.126.32 - - [26/Sep/2019:16:38:13 +0800] "GET /notifications/api/unread_list/?max=5 HTTP/1.1" 200 38 "https://www.zymblog.top/" "Mozilla/5.0 (Windows NT 10.0; Win64; x64) AppleWebKit/537.36 (KHTML, like Gecko) Chrome/69.0.3497.81 Safari/537.36"
59.42.126.32 - - [26/Sep/2019:16:38:29 +0800] "GET /notifications/api/unread_list/?max=5 HTTP/1.1" 200 38 "https://www.zymblog.top/" "Mozilla/5.0 (Windows NT 10.0; Win64; x64) AppleWebKit/537.36 (KHTML, like Gecko) Chrome/69.0.3497.81 Safari/537.36"
59.42.126.32 - - [26/Sep/2019:16:38:45 +0800] "GET /notifications/api/unread_list/?max=5 HTTP/1.1" 200 38 "https://www.zymblog.top/" "Mozilla/5.0 (Windows NT 10.0; Win64; x64) AppleWebKit/537.36 (KHTML, like Gecko) Chrome/69.0.3497.81 Safari/537.36"
59.42.126.32 - - [26/Sep/2019:16:39:00 +0800] "GET /notifications/api/unread_list/?max=5 HTTP/1.1" 200 38 "https://www.zymblog.top/" "Mozilla/5.0 (Windows NT 10.0; Win64; x64) AppleWebKit/537.36 (KHTML, like Gecko) Chrome/69.0.3497.81 Safari/537.36"
59.42.126.32 - - [26/Sep/2019:16:39:17 +0800] "GET /notifications/api/unread_list/?max=5 HTTP/1.1" 200 38 "https://www.zymblog.top/" "Mozilla/5.0 (Windows NT 10.0; Win64; x64) AppleWebKit/537.36 (KHTML, like Gecko) Chrome/69.0.3497.81 Safari/537.36"
59.42.126.32 - - [26/Sep/2019:16:39:33 +0800] "GET /notifications/api/unread_list/?max=5 HTTP/1.1" 200 38 "https://www.zymblog.top/" "Mozilla/5.0 (Windows NT 10.0; Win64; x64) AppleWebKit/537.36 (KHTML, like Gecko) Chrome/69.0.3497.81 Safari/537.36"
59.42.126.32 - - [26/Sep/2019:16:39:48 +0800] "GET /notifications/api/unread_list/?max=5 HTTP/1.1" 200 38 "https://www.zymblog.top/" "Mozilla/5.0 (Windows NT 10.0; Win64; x64) AppleWebKit/537.36 (KHTML, like Gecko) Chrome/69.0.3497.81 Safari/537.36"
59.42.126.32 - - [26/Sep/2019:16:40:05 +0800] "GET /notifications/api/unread_list/?max=5 HTTP/1.1" 200 38 "https://www.zymblog.top/" "Mozilla/5.0 (Windows NT 10.0; Win64; x64) AppleWebKit/537.36 (KHTML, like Gecko) Chrome/69.0.3497.81 Safari/537.36"
59.42.126.32 - - [26/Sep/2019:16:40:21 +0800] "GET /notifications/api/unread_list/?max=5 HTTP/1.1" 200 38 "https://www.zymblog.top/" "Mozilla/5.0 (Windows NT 10.0; Win64; x64) AppleWebKit/537.36 (KHTML, like Gecko) Chrome/69.0.3497.81 Safari/537.36"
59.42.126.32 - - [26/Sep/2019:16:40:37 +0800] "GET /notifications/api/unread_list/?max=5 HTTP/1.1" 200 38 "https://www.zymblog.top/" "Mozilla/5.0 (Windows NT 10.0; Win64; x64) AppleWebKit/537.36 (KHTML, like Gecko) Chrome/69.0.3497.81 Safari/537.36"
59.42.126.32 - - [26/Sep/2019:16:40:53 +0800] "GET /notifications/api/unread_list/?max=5 HTTP/1.1" 200 38 "https://www.zymblog.top/" "Mozilla/5.0 (Windows NT 10.0; Win64; x64) AppleWebKit/537.36 (KHTML, like Gecko) Chrome/69.0.3497.81 Safari/537.36"
59.42.126.32 - - [26/Sep/2019:16:41:08 +0800] "GET /notifications/api/unread_list/?max=5 HTTP/1.1" 200 38 "https://www.zymblog.top/" "Mozilla/5.0 (Windows NT 10.0; Win64; x64) AppleWebKit/537.36 (KHTML, like Gecko) Chrome/69.0.3497.81 Safari/537.36"
59.42.126.32 - - [26/Sep/2019:16:41:24 +0800] "GET /notifications/api/unread_list/?max=5 HTTP/1.1" 200 38 "https://www.zymblog.top/" "Mozilla/5.0 (Windows NT 10.0; Win64; x64) AppleWebKit/537.36 (KHTML, like Gecko) Chrome/69.0.3497.81 Safari/537.36"
59.42.126.32 - - [26/Sep/2019:16:41:41 +0800] "GET /notifications/api/unread_list/?max=5 HTTP/1.1" 200 38 "https://www.zymblog.top/" "Mozilla/5.0 (Windows NT 10.0; Win64; x64) AppleWebKit/537.36 (KHTML, like Gecko) Chrome/69.0.3497.81 Safari/537.36"
59.42.126.32 - - [26/Sep/2019:16:41:57 +0800] "GET /notifications/api/unread_list/?max=5 HTTP/1.1" 200 38 "https://www.zymblog.top/" "Mozilla/5.0 (Windows NT 10.0; Win64; x64) AppleWebKit/537.36 (KHTML, like Gecko) Chrome/69.0.3497.81 Safari/537.36"
59.42.126.32 - - [26/Sep/2019:16:42:12 +0800] "GET /notifications/api/unread_list/?max=5 HTTP/1.1" 200 38 "https://www.zymblog.top/" "Mozilla/5.0 (Windows NT 10.0; Win64; x64) AppleWebKit/537.36 (KHTML, like Gecko) Chrome/69.0.3497.81 Safari/537.36"
59.42.126.32 - - [26/Sep/2019:16:42:29 +0800] "GET /notifications/api/unread_list/?max=5 HTTP/1.1" 200 38 "https://www.zymblog.top/" "Mozilla/5.0 (Windows NT 10.0; Win64; x64) AppleWebKit/537.36 (KHTML, like Gecko) Chrome/69.0.3497.81 Safari/537.36"
59.42.126.32 - - [26/Sep/2019:16:42:45 +0800] "GET /notifications/api/unread_list/?max=5 HTTP/1.1" 200 38 "https://www.zymblog.top/" "Mozilla/5.0 (Windows NT 10.0; Win64; x64) AppleWebKit/537.36 (KHTML, like Gecko) Chrome/69.0.3497.81 Safari/537.36"
59.42.126.32 - - [26/Sep/2019:16:43:01 +0800] "GET /notifications/api/unread_list/?max=5 HTTP/1.1" 200 38 "https://www.zymblog.top/" "Mozilla/5.0 (Windows NT 10.0; Win64; x64) AppleWebKit/537.36 (KHTML, like Gecko) Chrome/69.0.3497.81 Safari/537.36"
59.42.126.32 - - [26/Sep/2019:16:43:16 +0800] "GET /notifications/api/unread_list/?max=5 HTTP/1.1" 200 38 "https://www.zymblog.top/" "Mozilla/5.0 (Windows NT 10.0; Win64; x64) AppleWebKit/537.36 (KHTML, like Gecko) Chrome/69.0.3497.81 Safari/537.36"
59.42.126.32 - - [26/Sep/2019:16:43:32 +0800] "GET /notifications/api/unread_list/?max=5 HTTP/1.1" 200 38 "https://www.zymblog.top/" "Mozilla/5.0 (Windows NT 10.0; Win64; x64) AppleWebKit/537.36 (KHTML, like Gecko) Chrome/69.0.3497.81 Safari/537.36"
59.42.126.32 - - [26/Sep/2019:16:43:49 +0800] "GET /notifications/api/unread_list/?max=5 HTTP/1.1" 200 38 "https://www.zymblog.top/" "Mozilla/5.0 (Windows NT 10.0; Win64; x64) AppleWebKit/537.36 (KHTML, like Gecko) Chrome/69.0.3497.81 Safari/537.36"
59.42.126.32 - - [26/Sep/2019:16:44:05 +0800] "GET /notifications/api/unread_list/?max=5 HTTP/1.1" 200 38 "https://www.zymblog.top/" "Mozilla/5.0 (Windows NT 10.0; Win64; x64) AppleWebKit/537.36 (KHTML, like Gecko) Chrome/69.0.3497.81 Safari/537.36"
59.42.126.32 - - [26/Sep/2019:16:44:21 +0800] "GET /notifications/api/unread_list/?max=5 HTTP/1.1" 200 38 "https://www.zymblog.top/" "Mozilla/5.0 (Windows NT 10.0; Win64; x64) AppleWebKit/537.36 (KHTML, like Gecko) Chrome/69.0.3497.81 Safari/537.36"
59.42.126.32 - - [26/Sep/2019:16:44:37 +0800] "GET /notifications/api/unread_list/?max=5 HTTP/1.1" 200 38 "https://www.zymblog.top/" "Mozilla/5.0 (Windows NT 10.0; Win64; x64) AppleWebKit/537.36 (KHTML, like Gecko) Chrome/69.0.3497.81 Safari/537.36"
59.42.126.32 - - [26/Sep/2019:16:44:53 +0800] "GET /notifications/api/unread_list/?max=5 HTTP/1.1" 200 38 "https://www.zymblog.top/" "Mozilla/5.0 (Windows NT 10.0; Win64; x64) AppleWebKit/537.36 (KHTML, like Gecko) Chrome/69.0.3497.81 Safari/537.36"
59.42.126.32 - - [26/Sep/2019:16:45:09 +0800] "GET /notifications/api/unread_list/?max=5 HTTP/1.1" 200 38 "https://www.zymblog.top/" "Mozilla/5.0 (Windows NT 10.0; Win64; x64) AppleWebKit/537.36 (KHTML, like Gecko) Chrome/69.0.3497.81 Safari/537.36"
59.42.126.32 - - [26/Sep/2019:16:45:25 +0800] "GET /notifications/api/unread_list/?max=5 HTTP/1.1" 200 38 "https://www.zymblog.top/" "Mozilla/5.0 (Windows NT 10.0; Win64; x64) AppleWebKit/537.36 (KHTML, like Gecko) Chrome/69.0.3497.81 Safari/537.36"
59.42.126.32 - - [26/Sep/2019:16:45:40 +0800] "GET /notifications/api/unread_list/?max=5 HTTP/1.1" 200 38 "https://www.zymblog.top/" "Mozilla/5.0 (Windows NT 10.0; Win64; x64) AppleWebKit/537.36 (KHTML, like Gecko) Chrome/69.0.3497.81 Safari/537.36"
59.42.126.32 - - [26/Sep/2019:16:45:57 +0800] "GET /notifications/api/unread_list/?max=5 HTTP/1.1" 200 38 "https://www.zymblog.top/" "Mozilla/5.0 (Windows NT 10.0; Win64; x64) AppleWebKit/537.36 (KHTML, like Gecko) Chrome/69.0.3497.81 Safari/537.36"
59.42.126.32 - - [26/Sep/2019:16:46:13 +0800] "GET /notifications/api/unread_list/?max=5 HTTP/1.1" 200 38 "https://www.zymblog.top/" "Mozilla/5.0 (Windows NT 10.0; Win64; x64) AppleWebKit/537.36 (KHTML, like Gecko) Chrome/69.0.3497.81 Safari/537.36"
59.42.126.32 - - [26/Sep/2019:16:46:28 +0800] "GET /notifications/api/unread_list/?max=5 HTTP/1.1" 200 38 "https://www.zymblog.top/" "Mozilla/5.0 (Windows NT 10.0; Win64; x64) AppleWebKit/537.36 (KHTML, like Gecko) Chrome/69.0.3497.81 Safari/537.36"
59.42.126.32 - - [26/Sep/2019:16:46:45 +0800] "GET /notifications/api/unread_list/?max=5 HTTP/1.1" 200 38 "https://www.zymblog.top/" "Mozilla/5.0 (Windows NT 10.0; Win64; x64) AppleWebKit/537.36 (KHTML, like Gecko) Chrome/69.0.3497.81 Safari/537.36"
59.42.126.32 - - [26/Sep/2019:16:47:00 +0800] "GET /notifications/api/unread_list/?max=5 HTTP/1.1" 200 38 "https://www.zymblog.top/" "Mozilla/5.0 (Windows NT 10.0; Win64; x64) AppleWebKit/537.36 (KHTML, like Gecko) Chrome/69.0.3497.81 Safari/537.36"
59.42.126.32 - - [26/Sep/2019:16:47:17 +0800] "GET /notifications/api/unread_list/?max=5 HTTP/1.1" 200 38 "https://www.zymblog.top/" "Mozilla/5.0 (Windows NT 10.0; Win64; x64) AppleWebKit/537.36 (KHTML, like Gecko) Chrome/69.0.3497.81 Safari/537.36"
59.42.126.32 - - [26/Sep/2019:16:47:32 +0800] "GET /notifications/api/unread_list/?max=5 HTTP/1.1" 200 38 "https://www.zymblog.top/" "Mozilla/5.0 (Windows NT 10.0; Win64; x64) AppleWebKit/537.36 (KHTML, like Gecko) Chrome/69.0.3497.81 Safari/537.36"
59.42.126.32 - - [26/Sep/2019:16:47:49 +0800] "GET /notifications/api/unread_list/?max=5 HTTP/1.1" 200 38 "https://www.zymblog.top/" "Mozilla/5.0 (Windows NT 10.0; Win64; x64) AppleWebKit/537.36 (KHTML, like Gecko) Chrome/69.0.3497.81 Safari/537.36"
59.42.126.32 - - [26/Sep/2019:16:48:02 +0800] "GET / HTTP/1.1" 200 4873 "https://www.zymblog.top/blog/?page=2" "Mozilla/5.0 (Windows NT 10.0; Win64; x64) AppleWebKit/537.36 (KHTML, like Gecko) Chrome/69.0.3497.81 Safari/537.36"
59.42.126.32 - - [26/Sep/2019:16:48:03 +0800] "GET /favicon.ico HTTP/1.1" 200 4286 "https://www.zymblog.top/" "Mozilla/5.0 (Windows NT 10.0; Win64; x64) AppleWebKit/537.36 (KHTML, like Gecko) Chrome/69.0.3497.81 Safari/537.36"
59.42.126.32 - - [26/Sep/2019:16:48:03 +0800] "GET /notifications/api/unread_list/?max=5 HTTP/1.1" 200 38 "https://www.zymblog.top/" "Mozilla/5.0 (Windows NT 10.0; Win64; x64) AppleWebKit/537.36 (KHTML, like Gecko) Chrome/69.0.3497.81 Safari/537.36"
