188.235.149.58 - - [26/Sep/2019:06:27:14 +0800] "GET / HTTP/1.0" 302 170 "-" "-"
188.235.149.58 - - [26/Sep/2019:06:31:02 +0800] "GET / HTTP/1.0" 302 170 "-" "-"
47.100.202.153 - - [26/Sep/2019:06:47:36 +0800] "GET / HTTP/1.1" 302 170 "-" "Mozilla/5.0 (X11; Ubuntu; Linux x86_64; rv:36.0) Gecko/20100101 Firefox/36.0"
47.100.202.153 - - [26/Sep/2019:06:47:37 +0800] "GET / HTTP/1.1" 200 4528 "-" "Mozilla/5.0 (X11; Ubuntu; Linux x86_64; rv:36.0) Gecko/20100101 Firefox/36.0"
189.213.12.127 - - [26/Sep/2019:07:52:49 +0800] "GET ../../mnt/custom/ProductDefinition HTTP" 400 182 "-" "-"
66.249.71.21 - - [26/Sep/2019:08:08:55 +0800] "GET /robots.txt HTTP/1.1" 302 170 "-" "Mozilla/5.0 (compatible; Googlebot/2.1; +http://www.google.com/bot.html)"
66.249.71.83 - - [26/Sep/2019:08:08:56 +0800] "GET /robots.txt HTTP/1.1" 404 3504 "-" "Mozilla/5.0 (compatible; Googlebot/2.1; +http://www.google.com/bot.html)"
66.249.71.20 - - [26/Sep/2019:08:08:56 +0800] "GET /wrpogrqw.html HTTP/1.1" 302 170 "-" "Mozilla/5.0 (compatible; Googlebot/2.1; +http://www.google.com/bot.html)"
66.249.71.83 - - [26/Sep/2019:08:08:57 +0800] "GET /wrpogrqw.html HTTP/1.1" 404 3507 "-" "Mozilla/5.0 (compatible; Googlebot/2.1; +http://www.google.com/bot.html)"
170.245.175.164 - - [26/Sep/2019:08:34:22 +0800] "GET / HTTP/1.1" 302 170 "-" "Mozilla/5.0 (Windows NT 10.0; WOW64) AppleWebKit/537.36 (KHTML, like Gecko) Chrome/51.0.2704.103 Safari/537.36"
52.232.67.76 - - [26/Sep/2019:09:08:30 +0800] "GET / HTTP/1.1" 302 170 "-" "Mozilla/5.0 zgrab/0.x"
52.232.67.76 - - [26/Sep/2019:09:08:36 +0800] "GET / HTTP/1.1" 200 4537 "http://47.112.108.255:80/" "Mozilla/5.0 zgrab/0.x"
88.247.21.90 - - [26/Sep/2019:09:42:57 +0800] "GET / HTTP/1.0" 302 170 "-" "-"
59.42.126.32 - - [26/Sep/2019:09:50:53 +0800] "GET / HTTP/1.1" 302 170 "-" "Mozilla/5.0 (Windows NT 10.0; Win64; x64) AppleWebKit/537.36 (KHTML, like Gecko) Chrome/69.0.3497.81 Safari/537.36"
59.42.126.32 - - [26/Sep/2019:09:50:54 +0800] "GET / HTTP/1.1" 200 4534 "-" "Mozilla/5.0 (Windows NT 10.0; Win64; x64) AppleWebKit/537.36 (KHTML, like Gecko) Chrome/69.0.3497.81 Safari/537.36"
59.42.126.32 - - [26/Sep/2019:09:50:54 +0800] "GET /static/bootstrap-3.3.7/css/bootstrap.min.css HTTP/1.1" 304 0 "https://www.zymblog.top/" "Mozilla/5.0 (Windows NT 10.0; Win64; x64) AppleWebKit/537.36 (KHTML, like Gecko) Chrome/69.0.3497.81 Safari/537.36"
59.42.126.32 - - [26/Sep/2019:09:50:54 +0800] "GET /static/prism.css HTTP/1.1" 304 0 "https://www.zymblog.top/" "Mozilla/5.0 (Windows NT 10.0; Win64; x64) AppleWebKit/537.36 (KHTML, like Gecko) Chrome/69.0.3497.81 Safari/537.36"
59.42.126.32 - - [26/Sep/2019:09:50:54 +0800] "GET /static/home.css HTTP/1.1" 304 0 "https://www.zymblog.top/" "Mozilla/5.0 (Windows NT 10.0; Win64; x64) AppleWebKit/537.36 (KHTML, like Gecko) Chrome/69.0.3497.81 Safari/537.36"
59.42.126.32 - - [26/Sep/2019:09:50:54 +0800] "GET /static/base.css HTTP/1.1" 304 0 "https://www.zymblog.top/" "Mozilla/5.0 (Windows NT 10.0; Win64; x64) AppleWebKit/537.36 (KHTML, like Gecko) Chrome/69.0.3497.81 Safari/537.36"
59.42.126.32 - - [26/Sep/2019:09:50:54 +0800] "GET /static/jquery_1.12.4.min.js HTTP/1.1" 304 0 "https://www.zymblog.top/" "Mozilla/5.0 (Windows NT 10.0; Win64; x64) AppleWebKit/537.36 (KHTML, like Gecko) Chrome/69.0.3497.81 Safari/537.36"
59.42.126.32 - - [26/Sep/2019:09:50:54 +0800] "GET /static/jquery.cookie.js HTTP/1.1" 304 0 "https://www.zymblog.top/" "Mozilla/5.0 (Windows NT 10.0; Win64; x64) AppleWebKit/537.36 (KHTML, like Gecko) Chrome/69.0.3497.81 Safari/537.36"
59.42.126.32 - - [26/Sep/2019:09:50:54 +0800] "GET /static/notifications/notify.js HTTP/1.1" 304 0 "https://www.zymblog.top/" "Mozilla/5.0 (Windows NT 10.0; Win64; x64) AppleWebKit/537.36 (KHTML, like Gecko) Chrome/69.0.3497.81 Safari/537.36"
59.42.126.32 - - [26/Sep/2019:09:50:54 +0800] "GET /static/prism/lib/prism/prism_patched.min.js HTTP/1.1" 304 0 "https://www.zymblog.top/" "Mozilla/5.0 (Windows NT 10.0; Win64; x64) AppleWebKit/537.36 (KHTML, like Gecko) Chrome/69.0.3497.81 Safari/537.36"
59.42.126.32 - - [26/Sep/2019:09:50:54 +0800] "GET /static/bootstrap-3.3.7/js/bootstrap.min.js HTTP/1.1" 304 0 "https://www.zymblog.top/" "Mozilla/5.0 (Windows NT 10.0; Win64; x64) AppleWebKit/537.36 (KHTML, like Gecko) Chrome/69.0.3497.81 Safari/537.36"
59.42.126.32 - - [26/Sep/2019:09:50:54 +0800] "GET /static/bootstrap-3.3.7/fonts/glyphicons-halflings-regular.woff2 HTTP/1.1" 304 0 "https://www.zymblog.top/static/bootstrap-3.3.7/css/bootstrap.min.css" "Mozilla/5.0 (Windows NT 10.0; Win64; x64) AppleWebKit/537.36 (KHTML, like Gecko) Chrome/69.0.3497.81 Safari/537.36"
59.42.126.32 - - [26/Sep/2019:09:50:55 +0800] "GET /favicon.ico HTTP/1.1" 304 0 "https://www.zymblog.top/" "Mozilla/5.0 (Windows NT 10.0; Win64; x64) AppleWebKit/537.36 (KHTML, like Gecko) Chrome/69.0.3497.81 Safari/537.36"
59.42.126.32 - - [26/Sep/2019:09:50:55 +0800] "GET /notifications/api/unread_list/?max=5 HTTP/1.1" 200 38 "https://www.zymblog.top/" "Mozilla/5.0 (Windows NT 10.0; Win64; x64) AppleWebKit/537.36 (KHTML, like Gecko) Chrome/69.0.3497.81 Safari/537.36"
59.42.126.32 - - [26/Sep/2019:09:51:12 +0800] "GET /notifications/api/unread_list/?max=5 HTTP/1.1" 200 38 "https://www.zymblog.top/" "Mozilla/5.0 (Windows NT 10.0; Win64; x64) AppleWebKit/537.36 (KHTML, like Gecko) Chrome/69.0.3497.81 Safari/537.36"
59.42.126.32 - - [26/Sep/2019:09:51:28 +0800] "GET /notifications/api/unread_list/?max=5 HTTP/1.1" 200 38 "https://www.zymblog.top/" "Mozilla/5.0 (Windows NT 10.0; Win64; x64) AppleWebKit/537.36 (KHTML, like Gecko) Chrome/69.0.3497.81 Safari/537.36"
59.42.126.32 - - [26/Sep/2019:09:51:43 +0800] "GET /notifications/api/unread_list/?max=5 HTTP/1.1" 200 38 "https://www.zymblog.top/" "Mozilla/5.0 (Windows NT 10.0; Win64; x64) AppleWebKit/537.36 (KHTML, like Gecko) Chrome/69.0.3497.81 Safari/537.36"
59.42.126.32 - - [26/Sep/2019:09:51:59 +0800] "GET /notifications/api/unread_list/?max=5 HTTP/1.1" 200 38 "https://www.zymblog.top/" "Mozilla/5.0 (Windows NT 10.0; Win64; x64) AppleWebKit/537.36 (KHTML, like Gecko) Chrome/69.0.3497.81 Safari/537.36"
59.42.126.32 - - [26/Sep/2019:09:52:16 +0800] "GET /notifications/api/unread_list/?max=5 HTTP/1.1" 200 38 "https://www.zymblog.top/" "Mozilla/5.0 (Windows NT 10.0; Win64; x64) AppleWebKit/537.36 (KHTML, like Gecko) Chrome/69.0.3497.81 Safari/537.36"
59.42.126.32 - - [26/Sep/2019:09:52:32 +0800] "GET /notifications/api/unread_list/?max=5 HTTP/1.1" 200 38 "https://www.zymblog.top/" "Mozilla/5.0 (Windows NT 10.0; Win64; x64) AppleWebKit/537.36 (KHTML, like Gecko) Chrome/69.0.3497.81 Safari/537.36"
59.42.126.32 - - [26/Sep/2019:09:52:48 +0800] "GET /notifications/api/unread_list/?max=5 HTTP/1.1" 200 38 "https://www.zymblog.top/" "Mozilla/5.0 (Windows NT 10.0; Win64; x64) AppleWebKit/537.36 (KHTML, like Gecko) Chrome/69.0.3497.81 Safari/537.36"
59.42.126.32 - - [26/Sep/2019:09:53:04 +0800] "GET /notifications/api/unread_list/?max=5 HTTP/1.1" 200 38 "https://www.zymblog.top/" "Mozilla/5.0 (Windows NT 10.0; Win64; x64) AppleWebKit/537.36 (KHTML, like Gecko) Chrome/69.0.3497.81 Safari/537.36"
59.42.126.32 - - [26/Sep/2019:09:53:19 +0800] "GET /notifications/api/unread_list/?max=5 HTTP/1.1" 200 38 "https://www.zymblog.top/" "Mozilla/5.0 (Windows NT 10.0; Win64; x64) AppleWebKit/537.36 (KHTML, like Gecko) Chrome/69.0.3497.81 Safari/537.36"
59.42.126.32 - - [26/Sep/2019:09:53:36 +0800] "GET /notifications/api/unread_list/?max=5 HTTP/1.1" 200 38 "https://www.zymblog.top/" "Mozilla/5.0 (Windows NT 10.0; Win64; x64) AppleWebKit/537.36 (KHTML, like Gecko) Chrome/69.0.3497.81 Safari/537.36"
59.42.126.32 - - [26/Sep/2019:09:53:51 +0800] "GET /notifications/api/unread_list/?max=5 HTTP/1.1" 200 38 "https://www.zymblog.top/" "Mozilla/5.0 (Windows NT 10.0; Win64; x64) AppleWebKit/537.36 (KHTML, like Gecko) Chrome/69.0.3497.81 Safari/537.36"
219.128.144.222 - - [26/Sep/2019:09:54:08 +0800] "GET /blog/?page=1 HTTP/1.1" 200 6471 "-" "Mozilla/5.0 (Windows NT 5.1) AppleWebKit/537.36 (KHTML, like Gecko) Chrome/41.0.2224.3 Safari/537.36"
59.42.126.32 - - [26/Sep/2019:09:54:08 +0800] "GET /notifications/api/unread_list/?max=5 HTTP/1.1" 200 38 "https://www.zymblog.top/" "Mozilla/5.0 (Windows NT 10.0; Win64; x64) AppleWebKit/537.36 (KHTML, like Gecko) Chrome/69.0.3497.81 Safari/537.36"
219.128.144.222 - - [26/Sep/2019:09:54:17 +0800] "GET /blog/122 HTTP/1.1" 200 11630 "https://www.zymblog.top/blog/?page=1" "Mozilla/5.0 (Windows NT 6.1) AppleWebKit/537.36 (KHTML, like Gecko) Chrome/27.0.1453.93 Safari/537.36"
59.42.126.32 - - [26/Sep/2019:09:54:23 +0800] "GET /notifications/api/unread_list/?max=5 HTTP/1.1" 200 38 "https://www.zymblog.top/" "Mozilla/5.0 (Windows NT 10.0; Win64; x64) AppleWebKit/537.36 (KHTML, like Gecko) Chrome/69.0.3497.81 Safari/537.36"
219.128.144.222 - - [26/Sep/2019:09:54:27 +0800] "GET /blog/120 HTTP/1.1" 200 8873 "https://www.zymblog.top/blog/?page=1" "Mozilla/5.0 (Windows NT 6.3; Win64; x64) AppleWebKit/537.36 (KHTML, like Gecko) Chrome/37.0.2049.0 Safari/537.36"
59.42.126.32 - - [26/Sep/2019:09:54:38 +0800] "GET /notifications/api/unread_list/?max=5 HTTP/1.1" 200 38 "https://www.zymblog.top/" "Mozilla/5.0 (Windows NT 10.0; Win64; x64) AppleWebKit/537.36 (KHTML, like Gecko) Chrome/69.0.3497.81 Safari/537.36"
219.128.144.222 - - [26/Sep/2019:09:54:40 +0800] "GET /blog/117 HTTP/1.1" 200 11617 "https://www.zymblog.top/blog/?page=1" "Mozilla/5.0 (Windows NT 6.1; WOW64) AppleWebKit/537.36 (KHTML, like Gecko) Chrome/36.0.1985.67 Safari/537.36"
219.128.144.222 - - [26/Sep/2019:09:54:44 +0800] "GET /blog/121 HTTP/1.1" 200 12993 "https://www.zymblog.top/blog/?page=1" "Mozilla/5.0 (Windows NT 5.1) AppleWebKit/537.36 (KHTML, like Gecko) Chrome/35.0.2309.372 Safari/537.36"
219.128.144.222 - - [26/Sep/2019:09:54:44 +0800] "GET /blog/118 HTTP/1.1" 200 9664 "https://www.zymblog.top/blog/?page=1" "Mozilla/5.0 (Macintosh; Intel Mac OS X 10_10_1) AppleWebKit/537.36 (KHTML, like Gecko) Chrome/37.0.2062.124 Safari/537.36"
219.128.144.222 - - [26/Sep/2019:09:54:44 +0800] "GET /blog/119 HTTP/1.1" 200 7795 "https://www.zymblog.top/blog/?page=1" "Mozilla/5.0 (X11; NetBSD) AppleWebKit/537.36 (KHTML, like Gecko) Chrome/27.0.1453.116 Safari/537.36"
219.128.144.222 - - [26/Sep/2019:09:54:48 +0800] "GET /blog/115 HTTP/1.1" 200 7781 "https://www.zymblog.top/blog/?page=1" "Mozilla/5.0 (Windows NT 6.1) AppleWebKit/537.36 (KHTML, like Gecko) Chrome/27.0.1453.93 Safari/537.36"
59.42.126.32 - - [26/Sep/2019:09:54:53 +0800] "GET /notifications/api/unread_list/?max=5 HTTP/1.1" 200 38 "https://www.zymblog.top/" "Mozilla/5.0 (Windows NT 10.0; Win64; x64) AppleWebKit/537.36 (KHTML, like Gecko) Chrome/69.0.3497.81 Safari/537.36"
219.128.144.222 - - [26/Sep/2019:09:54:53 +0800] "GET /blog/?page=2 HTTP/1.1" 200 6670 "https://www.zymblog.top/blog/?page=1" "Mozilla/5.0 (Macintosh; Intel Mac OS X 10_9_0) AppleWebKit/537.36 (KHTML, like Gecko) Chrome/32.0.1664.3 Safari/537.36"
59.42.126.32 - - [26/Sep/2019:09:55:08 +0800] "GET /notifications/api/unread_list/?max=5 HTTP/1.1" 200 38 "https://www.zymblog.top/" "Mozilla/5.0 (Windows NT 10.0; Win64; x64) AppleWebKit/537.36 (KHTML, like Gecko) Chrome/69.0.3497.81 Safari/537.36"
219.128.144.222 - - [26/Sep/2019:09:55:12 +0800] "GET /blog/109 HTTP/1.1" 200 8937 "https://www.zymblog.top/blog/?page=2" "Mozilla/5.0 (Microsoft Windows NT 6.2.9200.0); rv:22.0) Gecko/20130405 Firefox/22.0"
219.128.144.222 - - [26/Sep/2019:09:55:18 +0800] "GET /blog/111 HTTP/1.1" 200 10352 "https://www.zymblog.top/blog/?page=2" "Mozilla/5.0 (Windows NT 6.1) AppleWebKit/537.36 (KHTML, like Gecko) Chrome/27.0.1453.90 Safari/537.36"
59.42.126.32 - - [26/Sep/2019:09:55:23 +0800] "GET /notifications/api/unread_list/?max=5 HTTP/1.1" 200 38 "https://www.zymblog.top/" "Mozilla/5.0 (Windows NT 10.0; Win64; x64) AppleWebKit/537.36 (KHTML, like Gecko) Chrome/69.0.3497.81 Safari/537.36"
219.128.144.222 - - [26/Sep/2019:09:55:25 +0800] "GET /blog/103 HTTP/1.1" 200 8544 "https://www.zymblog.top/blog/?page=2" "Mozilla/5.0 (Windows NT 6.1; WOW64) AppleWebKit/537.17 (KHTML, like Gecko) Chrome/24.0.1312.60 Safari/537.17"
219.128.144.222 - - [26/Sep/2019:09:55:25 +0800] "GET /blog/106 HTTP/1.1" 200 14638 "https://www.zymblog.top/blog/?page=2" "Mozilla/5.0 (Windows NT 6.1; WOW64) AppleWebKit/537.17 (KHTML, like Gecko) Chrome/24.0.1312.60 Safari/537.17"
219.128.144.222 - - [26/Sep/2019:09:55:28 +0800] "GET /blog/102 HTTP/1.1" 200 10397 "https://www.zymblog.top/blog/?page=2" "Mozilla/5.0 (Macintosh; Intel Mac OS X 10_9_2) AppleWebKit/537.36 (KHTML, like Gecko) Chrome/36.0.1944.0 Safari/537.36"
219.128.144.222 - - [26/Sep/2019:09:55:32 +0800] "GET /blog/?page=3 HTTP/1.1" 200 6813 "https://www.zymblog.top/blog/?page=2" "Mozilla/5.0 (Windows NT 6.1; WOW64) AppleWebKit/537.17 (KHTML, like Gecko) Chrome/24.0.1312.60 Safari/537.17"
59.42.126.32 - - [26/Sep/2019:09:55:38 +0800] "GET /notifications/api/unread_list/?max=5 HTTP/1.1" 200 38 "https://www.zymblog.top/" "Mozilla/5.0 (Windows NT 10.0; Win64; x64) AppleWebKit/537.36 (KHTML, like Gecko) Chrome/69.0.3497.81 Safari/537.36"
219.128.144.222 - - [26/Sep/2019:09:55:46 +0800] "GET /blog/98 HTTP/1.1" 200 8037 "https://www.zymblog.top/blog/?page=3" "Mozilla/5.0 (Windows NT 6.1; WOW64) AppleWebKit/537.36 (KHTML, like Gecko) Chrome/36.0.1985.67 Safari/537.36"
219.128.144.222 - - [26/Sep/2019:09:55:50 +0800] "GET /blog/95 HTTP/1.1" 200 10064 "https://www.zymblog.top/blog/?page=3" "Mozilla/5.0 (Windows NT 5.1) AppleWebKit/537.36 (KHTML, like Gecko) Chrome/31.0.1650.16 Safari/537.36"
59.42.126.32 - - [26/Sep/2019:09:55:53 +0800] "GET /notifications/api/unread_list/?max=5 HTTP/1.1" 200 38 "https://www.zymblog.top/" "Mozilla/5.0 (Windows NT 10.0; Win64; x64) AppleWebKit/537.36 (KHTML, like Gecko) Chrome/69.0.3497.81 Safari/537.36"
219.128.144.222 - - [26/Sep/2019:09:56:04 +0800] "GET /blog/97 HTTP/1.1" 200 12129 "https://www.zymblog.top/blog/?page=3" "Opera/9.80 (Windows NT 6.1; U; ko) Presto/2.7.62 Version/11.00"
59.42.126.32 - - [26/Sep/2019:09:56:08 +0800] "GET /notifications/api/unread_list/?max=5 HTTP/1.1" 200 38 "https://www.zymblog.top/" "Mozilla/5.0 (Windows NT 10.0; Win64; x64) AppleWebKit/537.36 (KHTML, like Gecko) Chrome/69.0.3497.81 Safari/537.36"
219.128.144.222 - - [26/Sep/2019:09:56:11 +0800] "GET /blog/94 HTTP/1.1" 200 13966 "https://www.zymblog.top/blog/?page=3" "Mozilla/5.0 (X11; OpenBSD i386) AppleWebKit/537.36 (KHTML, like Gecko) Chrome/36.0.1985.125 Safari/537.36"
219.128.144.222 - - [26/Sep/2019:09:56:11 +0800] "GET /blog/93 HTTP/1.1" 200 14292 "https://www.zymblog.top/blog/?page=3" "Mozilla/5.0 (X11; Linux x86_64) AppleWebKit/537.36 (KHTML, like Gecko) Chrome/33.0.1750.517 Safari/537.36"
219.128.144.222 - - [26/Sep/2019:09:56:15 +0800] "GET /blog/92 HTTP/1.1" 200 8017 "https://www.zymblog.top/blog/?page=3" "Opera/9.80 (Windows NT 6.1; U; zh-cn) Presto/2.6.37 Version/11.00"
219.128.144.222 - - [26/Sep/2019:09:56:18 +0800] "GET /blog/?page=4 HTTP/1.1" 200 6571 "https://www.zymblog.top/blog/?page=3" "Mozilla/5.0 (Windows NT 6.2; Win64; x64) AppleWebKit/537.36 (KHTML, like Gecko) Chrome/32.0.1667.0 Safari/537.36"
59.42.126.32 - - [26/Sep/2019:09:56:24 +0800] "GET /notifications/api/unread_list/?max=5 HTTP/1.1" 200 38 "https://www.zymblog.top/" "Mozilla/5.0 (Windows NT 10.0; Win64; x64) AppleWebKit/537.36 (KHTML, like Gecko) Chrome/69.0.3497.81 Safari/537.36"
219.128.144.222 - - [26/Sep/2019:09:56:28 +0800] "GET /blog/86 HTTP/1.1" 200 9813 "https://www.zymblog.top/blog/?page=4" "Mozilla/5.0 (Windows NT 6.1; WOW64) AppleWebKit/537.36 (KHTML, like Gecko) Chrome/31.0.1623.0 Safari/537.36"
219.128.144.222 - - [26/Sep/2019:09:56:35 +0800] "GET /blog/85 HTTP/1.1" 200 8240 "https://www.zymblog.top/blog/?page=4" "Mozilla/5.0 (Windows NT 6.2) AppleWebKit/537.36 (KHTML, like Gecko) Chrome/28.0.1464.0 Safari/537.36"
219.128.144.222 - - [26/Sep/2019:09:56:39 +0800] "GET /blog/83 HTTP/1.1" 200 7874 "https://www.zymblog.top/blog/?page=4" "Mozilla/5.0 (Windows NT 5.1) AppleWebKit/537.36 (KHTML, like Gecko) Chrome/27.0.1453.93 Safari/537.36"
59.42.126.32 - - [26/Sep/2019:09:56:41 +0800] "GET /notifications/api/unread_list/?max=5 HTTP/1.1" 200 38 "https://www.zymblog.top/" "Mozilla/5.0 (Windows NT 10.0; Win64; x64) AppleWebKit/537.36 (KHTML, like Gecko) Chrome/69.0.3497.81 Safari/537.36"
219.128.144.222 - - [26/Sep/2019:09:56:44 +0800] "GET /blog/82 HTTP/1.1" 200 15361 "https://www.zymblog.top/blog/?page=4" "Mozilla/5.0 (Windows NT 6.2; WOW64) AppleWebKit/537.36 (KHTML, like Gecko) Chrome/30.0.1599.17 Safari/537.36"
219.128.144.222 - - [26/Sep/2019:09:56:44 +0800] "GET /blog/80 HTTP/1.1" 200 9092 "https://www.zymblog.top/blog/?page=4" "Mozilla/5.0 (Windows NT 6.2; WOW64) AppleWebKit/537.14 (KHTML, like Gecko) Chrome/24.0.1292.0 Safari/537.14"
219.128.144.222 - - [26/Sep/2019:09:56:48 +0800] "GET /blog/?page=5 HTTP/1.1" 200 6522 "https://www.zymblog.top/blog/?page=4" "Mozilla/5.0 (Windows NT 6.0; WOW64; rv:24.0) Gecko/20100101 Firefox/24.0"
59.42.126.32 - - [26/Sep/2019:09:56:57 +0800] "GET /notifications/api/unread_list/?max=5 HTTP/1.1" 200 38 "https://www.zymblog.top/" "Mozilla/5.0 (Windows NT 10.0; Win64; x64) AppleWebKit/537.36 (KHTML, like Gecko) Chrome/69.0.3497.81 Safari/537.36"
219.128.144.222 - - [26/Sep/2019:09:56:57 +0800] "GET /blog/79 HTTP/1.1" 200 10873 "https://www.zymblog.top/blog/?page=5" "Mozilla/5.0 (X11; CrOS i686 4319.74.0) AppleWebKit/537.36 (KHTML, like Gecko) Chrome/29.0.1547.57 Safari/537.36"
219.128.144.222 - - [26/Sep/2019:09:57:07 +0800] "GET /blog/78 HTTP/1.1" 200 10314 "https://www.zymblog.top/blog/?page=5" "Mozilla/5.0 (Windows NT 6.2; WOW64) AppleWebKit/537.36 (KHTML, like Gecko) Chrome/27.0.1500.55 Safari/537.36"
59.42.126.32 - - [26/Sep/2019:09:57:12 +0800] "GET /notifications/api/unread_list/?max=5 HTTP/1.1" 200 38 "https://www.zymblog.top/" "Mozilla/5.0 (Windows NT 10.0; Win64; x64) AppleWebKit/537.36 (KHTML, like Gecko) Chrome/69.0.3497.81 Safari/537.36"
219.128.144.222 - - [26/Sep/2019:09:57:17 +0800] "GET /blog/74 HTTP/1.1" 200 8873 "https://www.zymblog.top/blog/?page=5" "Mozilla/5.0 (X11; Linux i586; rv:31.0) Gecko/20100101 Firefox/31.0"
219.128.144.222 - - [26/Sep/2019:09:57:28 +0800] "GET /blog/75 HTTP/1.1" 200 13861 "https://www.zymblog.top/blog/?page=5" "Mozilla/5.0 (compatible; MSIE 10.0; Windows NT 6.1; Trident/4.0; InfoPath.2; SV1; .NET CLR 2.0.50727; WOW64)"
59.42.126.32 - - [26/Sep/2019:09:57:29 +0800] "GET /notifications/api/unread_list/?max=5 HTTP/1.1" 200 38 "https://www.zymblog.top/" "Mozilla/5.0 (Windows NT 10.0; Win64; x64) AppleWebKit/537.36 (KHTML, like Gecko) Chrome/69.0.3497.81 Safari/537.36"
219.128.144.222 - - [26/Sep/2019:09:57:34 +0800] "GET /blog/73 HTTP/1.1" 200 7728 "https://www.zymblog.top/blog/?page=5" "Mozilla/5.0 (Windows NT 6.2) AppleWebKit/537.36 (KHTML, like Gecko) Chrome/28.0.1467.0 Safari/537.36"
219.128.144.222 - - [26/Sep/2019:09:57:34 +0800] "GET /blog/72 HTTP/1.1" 200 9231 "https://www.zymblog.top/blog/?page=5" "Mozilla/5.0 (Macintosh; Intel Mac OS X 10_10_1) AppleWebKit/537.36 (KHTML, like Gecko) Chrome/41.0.2227.1 Safari/537.36"
219.128.144.222 - - [26/Sep/2019:09:57:37 +0800] "GET /blog/71 HTTP/1.1" 200 11064 "https://www.zymblog.top/blog/?page=5" "Mozilla/5.0 (Windows NT 6.1; WOW64) AppleWebKit/537.17 (KHTML, like Gecko) Chrome/24.0.1312.60 Safari/537.17"
219.128.144.222 - - [26/Sep/2019:09:57:41 +0800] "GET /blog/70 HTTP/1.1" 200 13261 "https://www.zymblog.top/blog/?page=5" "Mozilla/5.0 (Windows NT 5.1; rv:21.0) Gecko/20100101 Firefox/21.0"
219.128.144.222 - - [26/Sep/2019:09:57:44 +0800] "GET /blog/69 HTTP/1.1" 200 10616 "https://www.zymblog.top/blog/?page=5" "Mozilla/5.0 (Windows NT 5.1) AppleWebKit/537.36 (KHTML, like Gecko) Chrome/31.0.1650.16 Safari/537.36"
59.42.126.32 - - [26/Sep/2019:09:57:45 +0800] "GET /notifications/api/unread_list/?max=5 HTTP/1.1" 200 38 "https://www.zymblog.top/" "Mozilla/5.0 (Windows NT 10.0; Win64; x64) AppleWebKit/537.36 (KHTML, like Gecko) Chrome/69.0.3497.81 Safari/537.36"
219.128.144.222 - - [26/Sep/2019:09:57:47 +0800] "GET /blog/?page=6 HTTP/1.1" 200 6384 "https://www.zymblog.top/blog/?page=5" "Mozilla/5.0 (Windows NT 6.2; WOW64; rv:21.0) Gecko/20130514 Firefox/21.0"
59.42.126.32 - - [26/Sep/2019:09:58:01 +0800] "GET /notifications/api/unread_list/?max=5 HTTP/1.1" 200 38 "https://www.zymblog.top/" "Mozilla/5.0 (Windows NT 10.0; Win64; x64) AppleWebKit/537.36 (KHTML, like Gecko) Chrome/69.0.3497.81 Safari/537.36"
219.128.144.222 - - [26/Sep/2019:09:58:05 +0800] "GET /blog/61 HTTP/1.1" 200 15386 "https://www.zymblog.top/blog/?page=6" "Mozilla/5.0 (Windows NT 5.1) AppleWebKit/537.36 (KHTML, like Gecko) Chrome/36.0.1985.67 Safari/537.36"
219.128.144.222 - - [26/Sep/2019:09:58:05 +0800] "GET /blog/57 HTTP/1.1" 200 11484 "https://www.zymblog.top/blog/?page=6" "Mozilla/5.0 (Windows NT 6.1; WOW64) AppleWebKit/537.36 (KHTML, like Gecko) Chrome/31.0.1623.0 Safari/537.36"
219.128.144.222 - - [26/Sep/2019:09:58:09 +0800] "GET /blog/56 HTTP/1.1" 200 13581 "https://www.zymblog.top/blog/?page=6" "Mozilla/5.0 (Windows NT 4.0; WOW64) AppleWebKit/537.36 (KHTML, like Gecko) Chrome/37.0.2049.0 Safari/537.36"
219.128.144.222 - - [26/Sep/2019:09:58:14 +0800] "GET /blog/?page=7 HTTP/1.1" 200 6510 "https://www.zymblog.top/blog/?page=6" "Mozilla/5.0 (Windows NT 6.2; Win64; x64) AppleWebKit/537.36 (KHTML, like Gecko) Chrome/32.0.1667.0 Safari/537.36"
59.42.126.32 - - [26/Sep/2019:09:58:16 +0800] "GET /notifications/api/unread_list/?max=5 HTTP/1.1" 200 38 "https://www.zymblog.top/" "Mozilla/5.0 (Windows NT 10.0; Win64; x64) AppleWebKit/537.36 (KHTML, like Gecko) Chrome/69.0.3497.81 Safari/537.36"
219.128.144.222 - - [26/Sep/2019:09:58:28 +0800] "GET /blog/53 HTTP/1.1" 200 11369 "https://www.zymblog.top/blog/?page=7" "Mozilla/5.0 (Windows NT 5.1) AppleWebKit/537.36 (KHTML, like Gecko) Chrome/41.0.2224.3 Safari/537.36"
59.42.126.32 - - [26/Sep/2019:09:58:33 +0800] "GET /notifications/api/unread_list/?max=5 HTTP/1.1" 200 38 "https://www.zymblog.top/" "Mozilla/5.0 (Windows NT 10.0; Win64; x64) AppleWebKit/537.36 (KHTML, like Gecko) Chrome/69.0.3497.81 Safari/537.36"
219.128.144.222 - - [26/Sep/2019:09:58:35 +0800] "GET /blog/52 HTTP/1.1" 200 10699 "https://www.zymblog.top/blog/?page=7" "Opera/9.80 (X11; Linux i686; U; es-ES) Presto/2.8.131 Version/11.11"
219.128.144.222 - - [26/Sep/2019:09:58:41 +0800] "GET /blog/48 HTTP/1.1" 200 9236 "https://www.zymblog.top/blog/?page=7" "Mozilla/5.0 (Windows NT 6.2; Win64; x64; rv:16.0.1) Gecko/20121011 Firefox/21.0.1"
219.128.144.222 - - [26/Sep/2019:09:58:41 +0800] "GET /blog/50 HTTP/1.1" 200 8376 "https://www.zymblog.top/blog/?page=7" "Mozilla/5.0 (X11; CrOS i686 4319.74.0) AppleWebKit/537.36 (KHTML, like Gecko) Chrome/29.0.1547.57 Safari/537.36"
59.42.126.32 - - [26/Sep/2019:09:58:49 +0800] "GET /notifications/api/unread_list/?max=5 HTTP/1.1" 200 38 "https://www.zymblog.top/" "Mozilla/5.0 (Windows NT 10.0; Win64; x64) AppleWebKit/537.36 (KHTML, like Gecko) Chrome/69.0.3497.81 Safari/537.36"
59.42.126.32 - - [26/Sep/2019:09:59:04 +0800] "GET /notifications/api/unread_list/?max=5 HTTP/1.1" 200 38 "https://www.zymblog.top/" "Mozilla/5.0 (Windows NT 10.0; Win64; x64) AppleWebKit/537.36 (KHTML, like Gecko) Chrome/69.0.3497.81 Safari/537.36"
59.42.126.32 - - [26/Sep/2019:09:59:21 +0800] "GET /notifications/api/unread_list/?max=5 HTTP/1.1" 200 38 "https://www.zymblog.top/" "Mozilla/5.0 (Windows NT 10.0; Win64; x64) AppleWebKit/537.36 (KHTML, like Gecko) Chrome/69.0.3497.81 Safari/537.36"
59.42.126.32 - - [26/Sep/2019:09:59:37 +0800] "GET /notifications/api/unread_list/?max=5 HTTP/1.1" 200 38 "https://www.zymblog.top/" "Mozilla/5.0 (Windows NT 10.0; Win64; x64) AppleWebKit/537.36 (KHTML, like Gecko) Chrome/69.0.3497.81 Safari/537.36"
59.42.126.32 - - [26/Sep/2019:09:59:53 +0800] "GET /notifications/api/unread_list/?max=5 HTTP/1.1" 200 38 "https://www.zymblog.top/" "Mozilla/5.0 (Windows NT 10.0; Win64; x64) AppleWebKit/537.36 (KHTML, like Gecko) Chrome/69.0.3497.81 Safari/537.36"
59.42.126.32 - - [26/Sep/2019:10:00:09 +0800] "GET /notifications/api/unread_list/?max=5 HTTP/1.1" 200 38 "https://www.zymblog.top/" "Mozilla/5.0 (Windows NT 10.0; Win64; x64) AppleWebKit/537.36 (KHTML, like Gecko) Chrome/69.0.3497.81 Safari/537.36"
59.42.126.32 - - [26/Sep/2019:10:00:25 +0800] "GET /notifications/api/unread_list/?max=5 HTTP/1.1" 200 38 "https://www.zymblog.top/" "Mozilla/5.0 (Windows NT 10.0; Win64; x64) AppleWebKit/537.36 (KHTML, like Gecko) Chrome/69.0.3497.81 Safari/537.36"
59.42.126.32 - - [26/Sep/2019:10:00:40 +0800] "GET /notifications/api/unread_list/?max=5 HTTP/1.1" 200 38 "https://www.zymblog.top/" "Mozilla/5.0 (Windows NT 10.0; Win64; x64) AppleWebKit/537.36 (KHTML, like Gecko) Chrome/69.0.3497.81 Safari/537.36"
59.42.126.32 - - [26/Sep/2019:10:00:56 +0800] "GET /notifications/api/unread_list/?max=5 HTTP/1.1" 200 38 "https://www.zymblog.top/" "Mozilla/5.0 (Windows NT 10.0; Win64; x64) AppleWebKit/537.36 (KHTML, like Gecko) Chrome/69.0.3497.81 Safari/537.36"
59.42.126.32 - - [26/Sep/2019:10:01:12 +0800] "GET /notifications/api/unread_list/?max=5 HTTP/1.1" 200 38 "https://www.zymblog.top/" "Mozilla/5.0 (Windows NT 10.0; Win64; x64) AppleWebKit/537.36 (KHTML, like Gecko) Chrome/69.0.3497.81 Safari/537.36"
59.42.126.32 - - [26/Sep/2019:10:01:28 +0800] "GET /notifications/api/unread_list/?max=5 HTTP/1.1" 200 38 "https://www.zymblog.top/" "Mozilla/5.0 (Windows NT 10.0; Win64; x64) AppleWebKit/537.36 (KHTML, like Gecko) Chrome/69.0.3497.81 Safari/537.36"
59.42.126.32 - - [26/Sep/2019:10:01:44 +0800] "GET /notifications/api/unread_list/?max=5 HTTP/1.1" 200 38 "https://www.zymblog.top/" "Mozilla/5.0 (Windows NT 10.0; Win64; x64) AppleWebKit/537.36 (KHTML, like Gecko) Chrome/69.0.3497.81 Safari/537.36"
59.42.126.32 - - [26/Sep/2019:10:02:00 +0800] "GET /notifications/api/unread_list/?max=5 HTTP/1.1" 200 38 "https://www.zymblog.top/" "Mozilla/5.0 (Windows NT 10.0; Win64; x64) AppleWebKit/537.36 (KHTML, like Gecko) Chrome/69.0.3497.81 Safari/537.36"
59.42.126.32 - - [26/Sep/2019:10:02:17 +0800] "GET /notifications/api/unread_list/?max=5 HTTP/1.1" 200 38 "https://www.zymblog.top/" "Mozilla/5.0 (Windows NT 10.0; Win64; x64) AppleWebKit/537.36 (KHTML, like Gecko) Chrome/69.0.3497.81 Safari/537.36"
59.42.126.32 - - [26/Sep/2019:10:02:33 +0800] "GET /notifications/api/unread_list/?max=5 HTTP/1.1" 200 38 "https://www.zymblog.top/" "Mozilla/5.0 (Windows NT 10.0; Win64; x64) AppleWebKit/537.36 (KHTML, like Gecko) Chrome/69.0.3497.81 Safari/537.36"
59.42.126.32 - - [26/Sep/2019:10:02:48 +0800] "GET /notifications/api/unread_list/?max=5 HTTP/1.1" 200 38 "https://www.zymblog.top/" "Mozilla/5.0 (Windows NT 10.0; Win64; x64) AppleWebKit/537.36 (KHTML, like Gecko) Chrome/69.0.3497.81 Safari/537.36"
59.42.126.32 - - [26/Sep/2019:10:03:05 +0800] "GET /notifications/api/unread_list/?max=5 HTTP/1.1" 200 38 "https://www.zymblog.top/" "Mozilla/5.0 (Windows NT 10.0; Win64; x64) AppleWebKit/537.36 (KHTML, like Gecko) Chrome/69.0.3497.81 Safari/537.36"
59.42.126.32 - - [26/Sep/2019:10:03:20 +0800] "GET /notifications/api/unread_list/?max=5 HTTP/1.1" 200 38 "https://www.zymblog.top/" "Mozilla/5.0 (Windows NT 10.0; Win64; x64) AppleWebKit/537.36 (KHTML, like Gecko) Chrome/69.0.3497.81 Safari/537.36"
59.42.126.32 - - [26/Sep/2019:10:03:36 +0800] "GET /notifications/api/unread_list/?max=5 HTTP/1.1" 200 38 "https://www.zymblog.top/" "Mozilla/5.0 (Windows NT 10.0; Win64; x64) AppleWebKit/537.36 (KHTML, like Gecko) Chrome/69.0.3497.81 Safari/537.36"
59.42.126.32 - - [26/Sep/2019:10:03:52 +0800] "GET /notifications/api/unread_list/?max=5 HTTP/1.1" 200 38 "https://www.zymblog.top/" "Mozilla/5.0 (Windows NT 10.0; Win64; x64) AppleWebKit/537.36 (KHTML, like Gecko) Chrome/69.0.3497.81 Safari/537.36"
59.42.126.32 - - [26/Sep/2019:10:04:08 +0800] "GET /notifications/api/unread_list/?max=5 HTTP/1.1" 200 38 "https://www.zymblog.top/" "Mozilla/5.0 (Windows NT 10.0; Win64; x64) AppleWebKit/537.36 (KHTML, like Gecko) Chrome/69.0.3497.81 Safari/537.36"
59.42.126.32 - - [26/Sep/2019:10:04:27 +0800] "GET /notifications/api/unread_list/?max=5 HTTP/1.1" 200 38 "https://www.zymblog.top/" "Mozilla/5.0 (Windows NT 10.0; Win64; x64) AppleWebKit/537.36 (KHTML, like Gecko) Chrome/69.0.3497.81 Safari/537.36"
59.42.126.32 - - [26/Sep/2019:10:04:41 +0800] "GET /notifications/api/unread_list/?max=5 HTTP/1.1" 200 38 "https://www.zymblog.top/" "Mozilla/5.0 (Windows NT 10.0; Win64; x64) AppleWebKit/537.36 (KHTML, like Gecko) Chrome/69.0.3497.81 Safari/537.36"
59.42.126.32 - - [26/Sep/2019:10:04:56 +0800] "GET /notifications/api/unread_list/?max=5 HTTP/1.1" 200 38 "https://www.zymblog.top/" "Mozilla/5.0 (Windows NT 10.0; Win64; x64) AppleWebKit/537.36 (KHTML, like Gecko) Chrome/69.0.3497.81 Safari/537.36"
59.42.126.32 - - [26/Sep/2019:10:05:13 +0800] "GET /notifications/api/unread_list/?max=5 HTTP/1.1" 200 38 "https://www.zymblog.top/" "Mozilla/5.0 (Windows NT 10.0; Win64; x64) AppleWebKit/537.36 (KHTML, like Gecko) Chrome/69.0.3497.81 Safari/537.36"
59.42.126.32 - - [26/Sep/2019:10:05:29 +0800] "GET /notifications/api/unread_list/?max=5 HTTP/1.1" 200 38 "https://www.zymblog.top/" "Mozilla/5.0 (Windows NT 10.0; Win64; x64) AppleWebKit/537.36 (KHTML, like Gecko) Chrome/69.0.3497.81 Safari/537.36"
59.42.126.32 - - [26/Sep/2019:10:05:44 +0800] "GET /notifications/api/unread_list/?max=5 HTTP/1.1" 200 38 "https://www.zymblog.top/" "Mozilla/5.0 (Windows NT 10.0; Win64; x64) AppleWebKit/537.36 (KHTML, like Gecko) Chrome/69.0.3497.81 Safari/537.36"
59.42.126.32 - - [26/Sep/2019:10:06:00 +0800] "GET /notifications/api/unread_list/?max=5 HTTP/1.1" 200 38 "https://www.zymblog.top/" "Mozilla/5.0 (Windows NT 10.0; Win64; x64) AppleWebKit/537.36 (KHTML, like Gecko) Chrome/69.0.3497.81 Safari/537.36"
59.42.126.32 - - [26/Sep/2019:10:06:17 +0800] "GET /notifications/api/unread_list/?max=5 HTTP/1.1" 200 38 "https://www.zymblog.top/" "Mozilla/5.0 (Windows NT 10.0; Win64; x64) AppleWebKit/537.36 (KHTML, like Gecko) Chrome/69.0.3497.81 Safari/537.36"
59.42.126.32 - - [26/Sep/2019:10:06:34 +0800] "GET /notifications/api/unread_list/?max=5 HTTP/1.1" 200 38 "https://www.zymblog.top/" "Mozilla/5.0 (Windows NT 10.0; Win64; x64) AppleWebKit/537.36 (KHTML, like Gecko) Chrome/69.0.3497.81 Safari/537.36"
59.42.126.32 - - [26/Sep/2019:10:06:49 +0800] "GET /notifications/api/unread_list/?max=5 HTTP/1.1" 200 38 "https://www.zymblog.top/" "Mozilla/5.0 (Windows NT 10.0; Win64; x64) AppleWebKit/537.36 (KHTML, like Gecko) Chrome/69.0.3497.81 Safari/537.36"
59.42.126.32 - - [26/Sep/2019:10:07:05 +0800] "GET /notifications/api/unread_list/?max=5 HTTP/1.1" 200 38 "https://www.zymblog.top/" "Mozilla/5.0 (Windows NT 10.0; Win64; x64) AppleWebKit/537.36 (KHTML, like Gecko) Chrome/69.0.3497.81 Safari/537.36"
59.42.126.32 - - [26/Sep/2019:10:07:21 +0800] "GET /notifications/api/unread_list/?max=5 HTTP/1.1" 200 38 "https://www.zymblog.top/" "Mozilla/5.0 (Windows NT 10.0; Win64; x64) AppleWebKit/537.36 (KHTML, like Gecko) Chrome/69.0.3497.81 Safari/537.36"
59.42.126.32 - - [26/Sep/2019:10:07:37 +0800] "GET /notifications/api/unread_list/?max=5 HTTP/1.1" 200 38 "https://www.zymblog.top/" "Mozilla/5.0 (Windows NT 10.0; Win64; x64) AppleWebKit/537.36 (KHTML, like Gecko) Chrome/69.0.3497.81 Safari/537.36"
59.42.126.32 - - [26/Sep/2019:10:07:52 +0800] "GET /notifications/api/unread_list/?max=5 HTTP/1.1" 200 38 "https://www.zymblog.top/" "Mozilla/5.0 (Windows NT 10.0; Win64; x64) AppleWebKit/537.36 (KHTML, like Gecko) Chrome/69.0.3497.81 Safari/537.36"
59.42.126.32 - - [26/Sep/2019:10:08:09 +0800] "GET /notifications/api/unread_list/?max=5 HTTP/1.1" 200 38 "https://www.zymblog.top/" "Mozilla/5.0 (Windows NT 10.0; Win64; x64) AppleWebKit/537.36 (KHTML, like Gecko) Chrome/69.0.3497.81 Safari/537.36"
59.42.126.32 - - [26/Sep/2019:10:08:24 +0800] "GET /notifications/api/unread_list/?max=5 HTTP/1.1" 200 38 "https://www.zymblog.top/" "Mozilla/5.0 (Windows NT 10.0; Win64; x64) AppleWebKit/537.36 (KHTML, like Gecko) Chrome/69.0.3497.81 Safari/537.36"
59.42.126.32 - - [26/Sep/2019:10:08:40 +0800] "GET /notifications/api/unread_list/?max=5 HTTP/1.1" 200 38 "https://www.zymblog.top/" "Mozilla/5.0 (Windows NT 10.0; Win64; x64) AppleWebKit/537.36 (KHTML, like Gecko) Chrome/69.0.3497.81 Safari/537.36"
59.42.126.32 - - [26/Sep/2019:10:08:56 +0800] "GET /notifications/api/unread_list/?max=5 HTTP/1.1" 200 38 "https://www.zymblog.top/" "Mozilla/5.0 (Windows NT 10.0; Win64; x64) AppleWebKit/537.36 (KHTML, like Gecko) Chrome/69.0.3497.81 Safari/537.36"
59.42.126.32 - - [26/Sep/2019:10:09:13 +0800] "GET /notifications/api/unread_list/?max=5 HTTP/1.1" 200 38 "https://www.zymblog.top/" "Mozilla/5.0 (Windows NT 10.0; Win64; x64) AppleWebKit/537.36 (KHTML, like Gecko) Chrome/69.0.3497.81 Safari/537.36"
59.42.126.32 - - [26/Sep/2019:10:09:28 +0800] "GET /notifications/api/unread_list/?max=5 HTTP/1.1" 200 38 "https://www.zymblog.top/" "Mozilla/5.0 (Windows NT 10.0; Win64; x64) AppleWebKit/537.36 (KHTML, like Gecko) Chrome/69.0.3497.81 Safari/537.36"
59.42.126.32 - - [26/Sep/2019:10:09:44 +0800] "GET /notifications/api/unread_list/?max=5 HTTP/1.1" 200 38 "https://www.zymblog.top/" "Mozilla/5.0 (Windows NT 10.0; Win64; x64) AppleWebKit/537.36 (KHTML, like Gecko) Chrome/69.0.3497.81 Safari/537.36"
59.42.126.32 - - [26/Sep/2019:10:10:01 +0800] "GET /notifications/api/unread_list/?max=5 HTTP/1.1" 200 38 "https://www.zymblog.top/" "Mozilla/5.0 (Windows NT 10.0; Win64; x64) AppleWebKit/537.36 (KHTML, like Gecko) Chrome/69.0.3497.81 Safari/537.36"
59.42.126.32 - - [26/Sep/2019:10:10:17 +0800] "GET /notifications/api/unread_list/?max=5 HTTP/1.1" 200 38 "https://www.zymblog.top/" "Mozilla/5.0 (Windows NT 10.0; Win64; x64) AppleWebKit/537.36 (KHTML, like Gecko) Chrome/69.0.3497.81 Safari/537.36"
59.42.126.32 - - [26/Sep/2019:10:10:33 +0800] "GET /notifications/api/unread_list/?max=5 HTTP/1.1" 200 38 "https://www.zymblog.top/" "Mozilla/5.0 (Windows NT 10.0; Win64; x64) AppleWebKit/537.36 (KHTML, like Gecko) Chrome/69.0.3497.81 Safari/537.36"
59.42.126.32 - - [26/Sep/2019:10:10:48 +0800] "GET /notifications/api/unread_list/?max=5 HTTP/1.1" 200 38 "https://www.zymblog.top/" "Mozilla/5.0 (Windows NT 10.0; Win64; x64) AppleWebKit/537.36 (KHTML, like Gecko) Chrome/69.0.3497.81 Safari/537.36"
59.42.126.32 - - [26/Sep/2019:10:11:05 +0800] "GET /notifications/api/unread_list/?max=5 HTTP/1.1" 200 38 "https://www.zymblog.top/" "Mozilla/5.0 (Windows NT 10.0; Win64; x64) AppleWebKit/537.36 (KHTML, like Gecko) Chrome/69.0.3497.81 Safari/537.36"
59.42.126.32 - - [26/Sep/2019:10:11:24 +0800] "GET /notifications/api/unread_list/?max=5 HTTP/1.1" 200 38 "https://www.zymblog.top/" "Mozilla/5.0 (Windows NT 10.0; Win64; x64) AppleWebKit/537.36 (KHTML, like Gecko) Chrome/69.0.3497.81 Safari/537.36"
59.42.126.32 - - [26/Sep/2019:10:11:36 +0800] "GET /notifications/api/unread_list/?max=5 HTTP/1.1" 200 38 "https://www.zymblog.top/" "Mozilla/5.0 (Windows NT 10.0; Win64; x64) AppleWebKit/537.36 (KHTML, like Gecko) Chrome/69.0.3497.81 Safari/537.36"
59.42.126.32 - - [26/Sep/2019:10:11:53 +0800] "GET /notifications/api/unread_list/?max=5 HTTP/1.1" 200 38 "https://www.zymblog.top/" "Mozilla/5.0 (Windows NT 10.0; Win64; x64) AppleWebKit/537.36 (KHTML, like Gecko) Chrome/69.0.3497.81 Safari/537.36"
59.42.126.32 - - [26/Sep/2019:10:12:08 +0800] "GET /notifications/api/unread_list/?max=5 HTTP/1.1" 200 38 "https://www.zymblog.top/" "Mozilla/5.0 (Windows NT 10.0; Win64; x64) AppleWebKit/537.36 (KHTML, like Gecko) Chrome/69.0.3497.81 Safari/537.36"
59.42.126.32 - - [26/Sep/2019:10:12:24 +0800] "GET /notifications/api/unread_list/?max=5 HTTP/1.1" 200 38 "https://www.zymblog.top/" "Mozilla/5.0 (Windows NT 10.0; Win64; x64) AppleWebKit/537.36 (KHTML, like Gecko) Chrome/69.0.3497.81 Safari/537.36"
59.42.126.32 - - [26/Sep/2019:10:12:41 +0800] "GET /notifications/api/unread_list/?max=5 HTTP/1.1" 200 38 "https://www.zymblog.top/" "Mozilla/5.0 (Windows NT 10.0; Win64; x64) AppleWebKit/537.36 (KHTML, like Gecko) Chrome/69.0.3497.81 Safari/537.36"
59.42.126.32 - - [26/Sep/2019:10:12:57 +0800] "GET /notifications/api/unread_list/?max=5 HTTP/1.1" 200 38 "https://www.zymblog.top/" "Mozilla/5.0 (Windows NT 10.0; Win64; x64) AppleWebKit/537.36 (KHTML, like Gecko) Chrome/69.0.3497.81 Safari/537.36"
59.42.126.32 - - [26/Sep/2019:10:13:13 +0800] "GET /notifications/api/unread_list/?max=5 HTTP/1.1" 200 38 "https://www.zymblog.top/" "Mozilla/5.0 (Windows NT 10.0; Win64; x64) AppleWebKit/537.36 (KHTML, like Gecko) Chrome/69.0.3497.81 Safari/537.36"
59.42.126.32 - - [26/Sep/2019:10:13:29 +0800] "GET /notifications/api/unread_list/?max=5 HTTP/1.1" 200 38 "https://www.zymblog.top/" "Mozilla/5.0 (Windows NT 10.0; Win64; x64) AppleWebKit/537.36 (KHTML, like Gecko) Chrome/69.0.3497.81 Safari/537.36"
59.42.126.32 - - [26/Sep/2019:10:13:45 +0800] "GET /notifications/api/unread_list/?max=5 HTTP/1.1" 200 38 "https://www.zymblog.top/" "Mozilla/5.0 (Windows NT 10.0; Win64; x64) AppleWebKit/537.36 (KHTML, like Gecko) Chrome/69.0.3497.81 Safari/537.36"
59.42.126.32 - - [26/Sep/2019:10:14:01 +0800] "GET /notifications/api/unread_list/?max=5 HTTP/1.1" 200 38 "https://www.zymblog.top/" "Mozilla/5.0 (Windows NT 10.0; Win64; x64) AppleWebKit/537.36 (KHTML, like Gecko) Chrome/69.0.3497.81 Safari/537.36"
59.42.126.32 - - [26/Sep/2019:10:14:17 +0800] "GET /notifications/api/unread_list/?max=5 HTTP/1.1" 200 38 "https://www.zymblog.top/" "Mozilla/5.0 (Windows NT 10.0; Win64; x64) AppleWebKit/537.36 (KHTML, like Gecko) Chrome/69.0.3497.81 Safari/537.36"
59.42.126.32 - - [26/Sep/2019:10:14:33 +0800] "GET /notifications/api/unread_list/?max=5 HTTP/1.1" 200 38 "https://www.zymblog.top/" "Mozilla/5.0 (Windows NT 10.0; Win64; x64) AppleWebKit/537.36 (KHTML, like Gecko) Chrome/69.0.3497.81 Safari/537.36"
59.42.126.32 - - [26/Sep/2019:10:14:49 +0800] "GET /notifications/api/unread_list/?max=5 HTTP/1.1" 200 38 "https://www.zymblog.top/" "Mozilla/5.0 (Windows NT 10.0; Win64; x64) AppleWebKit/537.36 (KHTML, like Gecko) Chrome/69.0.3497.81 Safari/537.36"
59.42.126.32 - - [26/Sep/2019:10:15:05 +0800] "GET /notifications/api/unread_list/?max=5 HTTP/1.1" 200 38 "https://www.zymblog.top/" "Mozilla/5.0 (Windows NT 10.0; Win64; x64) AppleWebKit/537.36 (KHTML, like Gecko) Chrome/69.0.3497.81 Safari/537.36"
59.42.126.32 - - [26/Sep/2019:10:15:20 +0800] "GET /notifications/api/unread_list/?max=5 HTTP/1.1" 200 38 "https://www.zymblog.top/" "Mozilla/5.0 (Windows NT 10.0; Win64; x64) AppleWebKit/537.36 (KHTML, like Gecko) Chrome/69.0.3497.81 Safari/537.36"
59.42.126.32 - - [26/Sep/2019:10:15:36 +0800] "GET /notifications/api/unread_list/?max=5 HTTP/1.1" 200 38 "https://www.zymblog.top/" "Mozilla/5.0 (Windows NT 10.0; Win64; x64) AppleWebKit/537.36 (KHTML, like Gecko) Chrome/69.0.3497.81 Safari/537.36"
59.42.126.32 - - [26/Sep/2019:10:15:52 +0800] "GET /notifications/api/unread_list/?max=5 HTTP/1.1" 200 38 "https://www.zymblog.top/" "Mozilla/5.0 (Windows NT 10.0; Win64; x64) AppleWebKit/537.36 (KHTML, like Gecko) Chrome/69.0.3497.81 Safari/537.36"
59.42.126.32 - - [26/Sep/2019:10:16:08 +0800] "GET /notifications/api/unread_list/?max=5 HTTP/1.1" 200 38 "https://www.zymblog.top/" "Mozilla/5.0 (Windows NT 10.0; Win64; x64) AppleWebKit/537.36 (KHTML, like Gecko) Chrome/69.0.3497.81 Safari/537.36"
59.42.126.32 - - [26/Sep/2019:10:16:25 +0800] "GET /notifications/api/unread_list/?max=5 HTTP/1.1" 200 38 "https://www.zymblog.top/" "Mozilla/5.0 (Windows NT 10.0; Win64; x64) AppleWebKit/537.36 (KHTML, like Gecko) Chrome/69.0.3497.81 Safari/537.36"
59.42.126.32 - - [26/Sep/2019:10:16:40 +0800] "GET /notifications/api/unread_list/?max=5 HTTP/1.1" 200 38 "https://www.zymblog.top/" "Mozilla/5.0 (Windows NT 10.0; Win64; x64) AppleWebKit/537.36 (KHTML, like Gecko) Chrome/69.0.3497.81 Safari/537.36"
59.42.126.32 - - [26/Sep/2019:10:16:56 +0800] "GET /notifications/api/unread_list/?max=5 HTTP/1.1" 200 38 "https://www.zymblog.top/" "Mozilla/5.0 (Windows NT 10.0; Win64; x64) AppleWebKit/537.36 (KHTML, like Gecko) Chrome/69.0.3497.81 Safari/537.36"
59.42.126.32 - - [26/Sep/2019:10:17:13 +0800] "GET /notifications/api/unread_list/?max=5 HTTP/1.1" 200 38 "https://www.zymblog.top/" "Mozilla/5.0 (Windows NT 10.0; Win64; x64) AppleWebKit/537.36 (KHTML, like Gecko) Chrome/69.0.3497.81 Safari/537.36"
59.42.126.32 - - [26/Sep/2019:10:17:29 +0800] "GET /notifications/api/unread_list/?max=5 HTTP/1.1" 200 38 "https://www.zymblog.top/" "Mozilla/5.0 (Windows NT 10.0; Win64; x64) AppleWebKit/537.36 (KHTML, like Gecko) Chrome/69.0.3497.81 Safari/537.36"
59.42.126.32 - - [26/Sep/2019:10:17:45 +0800] "GET /notifications/api/unread_list/?max=5 HTTP/1.1" 200 38 "https://www.zymblog.top/" "Mozilla/5.0 (Windows NT 10.0; Win64; x64) AppleWebKit/537.36 (KHTML, like Gecko) Chrome/69.0.3497.81 Safari/537.36"
59.42.126.32 - - [26/Sep/2019:10:18:01 +0800] "GET /notifications/api/unread_list/?max=5 HTTP/1.1" 200 38 "https://www.zymblog.top/" "Mozilla/5.0 (Windows NT 10.0; Win64; x64) AppleWebKit/537.36 (KHTML, like Gecko) Chrome/69.0.3497.81 Safari/537.36"
59.42.126.32 - - [26/Sep/2019:10:18:16 +0800] "GET /notifications/api/unread_list/?max=5 HTTP/1.1" 200 38 "https://www.zymblog.top/" "Mozilla/5.0 (Windows NT 10.0; Win64; x64) AppleWebKit/537.36 (KHTML, like Gecko) Chrome/69.0.3497.81 Safari/537.36"
59.42.126.32 - - [26/Sep/2019:10:18:32 +0800] "GET /notifications/api/unread_list/?max=5 HTTP/1.1" 200 38 "https://www.zymblog.top/" "Mozilla/5.0 (Windows NT 10.0; Win64; x64) AppleWebKit/537.36 (KHTML, like Gecko) Chrome/69.0.3497.81 Safari/537.36"
59.42.126.32 - - [26/Sep/2019:10:18:48 +0800] "GET /notifications/api/unread_list/?max=5 HTTP/1.1" 200 38 "https://www.zymblog.top/" "Mozilla/5.0 (Windows NT 10.0; Win64; x64) AppleWebKit/537.36 (KHTML, like Gecko) Chrome/69.0.3497.81 Safari/537.36"
59.42.126.32 - - [26/Sep/2019:10:19:04 +0800] "GET /notifications/api/unread_list/?max=5 HTTP/1.1" 200 38 "https://www.zymblog.top/" "Mozilla/5.0 (Windows NT 10.0; Win64; x64) AppleWebKit/537.36 (KHTML, like Gecko) Chrome/69.0.3497.81 Safari/537.36"
59.42.126.32 - - [26/Sep/2019:10:19:20 +0800] "GET /notifications/api/unread_list/?max=5 HTTP/1.1" 200 38 "https://www.zymblog.top/" "Mozilla/5.0 (Windows NT 10.0; Win64; x64) AppleWebKit/537.36 (KHTML, like Gecko) Chrome/69.0.3497.81 Safari/537.36"
59.42.126.32 - - [26/Sep/2019:10:19:36 +0800] "GET /notifications/api/unread_list/?max=5 HTTP/1.1" 200 38 "https://www.zymblog.top/" "Mozilla/5.0 (Windows NT 10.0; Win64; x64) AppleWebKit/537.36 (KHTML, like Gecko) Chrome/69.0.3497.81 Safari/537.36"
59.42.126.32 - - [26/Sep/2019:10:19:53 +0800] "GET /notifications/api/unread_list/?max=5 HTTP/1.1" 200 38 "https://www.zymblog.top/" "Mozilla/5.0 (Windows NT 10.0; Win64; x64) AppleWebKit/537.36 (KHTML, like Gecko) Chrome/69.0.3497.81 Safari/537.36"
59.42.126.32 - - [26/Sep/2019:10:20:08 +0800] "GET /notifications/api/unread_list/?max=5 HTTP/1.1" 200 38 "https://www.zymblog.top/" "Mozilla/5.0 (Windows NT 10.0; Win64; x64) AppleWebKit/537.36 (KHTML, like Gecko) Chrome/69.0.3497.81 Safari/537.36"
59.42.126.32 - - [26/Sep/2019:10:20:24 +0800] "GET /notifications/api/unread_list/?max=5 HTTP/1.1" 200 38 "https://www.zymblog.top/" "Mozilla/5.0 (Windows NT 10.0; Win64; x64) AppleWebKit/537.36 (KHTML, like Gecko) Chrome/69.0.3497.81 Safari/537.36"
59.42.126.32 - - [26/Sep/2019:10:20:41 +0800] "GET /notifications/api/unread_list/?max=5 HTTP/1.1" 200 38 "https://www.zymblog.top/" "Mozilla/5.0 (Windows NT 10.0; Win64; x64) AppleWebKit/537.36 (KHTML, like Gecko) Chrome/69.0.3497.81 Safari/537.36"
59.42.126.32 - - [26/Sep/2019:10:20:57 +0800] "GET /notifications/api/unread_list/?max=5 HTTP/1.1" 200 38 "https://www.zymblog.top/" "Mozilla/5.0 (Windows NT 10.0; Win64; x64) AppleWebKit/537.36 (KHTML, like Gecko) Chrome/69.0.3497.81 Safari/537.36"
59.42.126.32 - - [26/Sep/2019:10:21:12 +0800] "GET /notifications/api/unread_list/?max=5 HTTP/1.1" 200 38 "https://www.zymblog.top/" "Mozilla/5.0 (Windows NT 10.0; Win64; x64) AppleWebKit/537.36 (KHTML, like Gecko) Chrome/69.0.3497.81 Safari/537.36"
59.42.126.32 - - [26/Sep/2019:10:21:29 +0800] "GET /notifications/api/unread_list/?max=5 HTTP/1.1" 200 38 "https://www.zymblog.top/" "Mozilla/5.0 (Windows NT 10.0; Win64; x64) AppleWebKit/537.36 (KHTML, like Gecko) Chrome/69.0.3497.81 Safari/537.36"
59.42.126.32 - - [26/Sep/2019:10:21:45 +0800] "GET /notifications/api/unread_list/?max=5 HTTP/1.1" 200 38 "https://www.zymblog.top/" "Mozilla/5.0 (Windows NT 10.0; Win64; x64) AppleWebKit/537.36 (KHTML, like Gecko) Chrome/69.0.3497.81 Safari/537.36"
59.42.126.32 - - [26/Sep/2019:10:22:00 +0800] "GET /notifications/api/unread_list/?max=5 HTTP/1.1" 200 38 "https://www.zymblog.top/" "Mozilla/5.0 (Windows NT 10.0; Win64; x64) AppleWebKit/537.36 (KHTML, like Gecko) Chrome/69.0.3497.81 Safari/537.36"
59.42.126.32 - - [26/Sep/2019:10:22:16 +0800] "GET /notifications/api/unread_list/?max=5 HTTP/1.1" 200 38 "https://www.zymblog.top/" "Mozilla/5.0 (Windows NT 10.0; Win64; x64) AppleWebKit/537.36 (KHTML, like Gecko) Chrome/69.0.3497.81 Safari/537.36"
59.42.126.32 - - [26/Sep/2019:10:22:33 +0800] "GET /notifications/api/unread_list/?max=5 HTTP/1.1" 200 38 "https://www.zymblog.top/" "Mozilla/5.0 (Windows NT 10.0; Win64; x64) AppleWebKit/537.36 (KHTML, like Gecko) Chrome/69.0.3497.81 Safari/537.36"
59.42.126.32 - - [26/Sep/2019:10:22:49 +0800] "GET /notifications/api/unread_list/?max=5 HTTP/1.1" 200 38 "https://www.zymblog.top/" "Mozilla/5.0 (Windows NT 10.0; Win64; x64) AppleWebKit/537.36 (KHTML, like Gecko) Chrome/69.0.3497.81 Safari/537.36"
59.42.126.32 - - [26/Sep/2019:10:23:04 +0800] "GET /notifications/api/unread_list/?max=5 HTTP/1.1" 200 38 "https://www.zymblog.top/" "Mozilla/5.0 (Windows NT 10.0; Win64; x64) AppleWebKit/537.36 (KHTML, like Gecko) Chrome/69.0.3497.81 Safari/537.36"
59.42.126.32 - - [26/Sep/2019:10:23:21 +0800] "GET /notifications/api/unread_list/?max=5 HTTP/1.1" 200 38 "https://www.zymblog.top/" "Mozilla/5.0 (Windows NT 10.0; Win64; x64) AppleWebKit/537.36 (KHTML, like Gecko) Chrome/69.0.3497.81 Safari/537.36"
59.42.126.32 - - [26/Sep/2019:10:23:37 +0800] "GET /notifications/api/unread_list/?max=5 HTTP/1.1" 200 38 "https://www.zymblog.top/" "Mozilla/5.0 (Windows NT 10.0; Win64; x64) AppleWebKit/537.36 (KHTML, like Gecko) Chrome/69.0.3497.81 Safari/537.36"
59.42.126.32 - - [26/Sep/2019:10:23:53 +0800] "GET /notifications/api/unread_list/?max=5 HTTP/1.1" 200 38 "https://www.zymblog.top/" "Mozilla/5.0 (Windows NT 10.0; Win64; x64) AppleWebKit/537.36 (KHTML, like Gecko) Chrome/69.0.3497.81 Safari/537.36"
59.42.126.32 - - [26/Sep/2019:10:24:09 +0800] "GET /notifications/api/unread_list/?max=5 HTTP/1.1" 200 38 "https://www.zymblog.top/" "Mozilla/5.0 (Windows NT 10.0; Win64; x64) AppleWebKit/537.36 (KHTML, like Gecko) Chrome/69.0.3497.81 Safari/537.36"
59.42.126.32 - - [26/Sep/2019:10:24:25 +0800] "GET /notifications/api/unread_list/?max=5 HTTP/1.1" 200 38 "https://www.zymblog.top/" "Mozilla/5.0 (Windows NT 10.0; Win64; x64) AppleWebKit/537.36 (KHTML, like Gecko) Chrome/69.0.3497.81 Safari/537.36"
59.42.126.32 - - [26/Sep/2019:10:24:40 +0800] "GET /notifications/api/unread_list/?max=5 HTTP/1.1" 200 38 "https://www.zymblog.top/" "Mozilla/5.0 (Windows NT 10.0; Win64; x64) AppleWebKit/537.36 (KHTML, like Gecko) Chrome/69.0.3497.81 Safari/537.36"
158.46.139.215 - - [26/Sep/2019:10:24:51 +0800] "GET / HTTP/1.1" 302 170 "-" "Mozilla/5.0 (Macintosh; Intel Mac OS X 10_12_5) AppleWebKit/537.36 (KHTML, like Gecko) Chrome/58.0.3029.110 Safari/537.36"
158.46.139.215 - - [26/Sep/2019:10:24:54 +0800] "GET / HTTP/1.1" 200 4675 "-" "Mozilla/5.0 (Macintosh; Intel Mac OS X 10_12_5) AppleWebKit/537.36 (KHTML, like Gecko) Chrome/58.0.3029.110 Safari/537.36"
59.42.126.32 - - [26/Sep/2019:10:24:56 +0800] "GET /notifications/api/unread_list/?max=5 HTTP/1.1" 200 38 "https://www.zymblog.top/" "Mozilla/5.0 (Windows NT 10.0; Win64; x64) AppleWebKit/537.36 (KHTML, like Gecko) Chrome/69.0.3497.81 Safari/537.36"
59.42.126.32 - - [26/Sep/2019:10:25:12 +0800] "GET /notifications/api/unread_list/?max=5 HTTP/1.1" 200 38 "https://www.zymblog.top/" "Mozilla/5.0 (Windows NT 10.0; Win64; x64) AppleWebKit/537.36 (KHTML, like Gecko) Chrome/69.0.3497.81 Safari/537.36"
59.42.126.32 - - [26/Sep/2019:10:25:28 +0800] "GET /notifications/api/unread_list/?max=5 HTTP/1.1" 200 38 "https://www.zymblog.top/" "Mozilla/5.0 (Windows NT 10.0; Win64; x64) AppleWebKit/537.36 (KHTML, like Gecko) Chrome/69.0.3497.81 Safari/537.36"
59.42.126.32 - - [26/Sep/2019:10:25:44 +0800] "GET /notifications/api/unread_list/?max=5 HTTP/1.1" 200 38 "https://www.zymblog.top/" "Mozilla/5.0 (Windows NT 10.0; Win64; x64) AppleWebKit/537.36 (KHTML, like Gecko) Chrome/69.0.3497.81 Safari/537.36"
59.42.126.32 - - [26/Sep/2019:10:26:00 +0800] "GET /notifications/api/unread_list/?max=5 HTTP/1.1" 200 38 "https://www.zymblog.top/" "Mozilla/5.0 (Windows NT 10.0; Win64; x64) AppleWebKit/537.36 (KHTML, like Gecko) Chrome/69.0.3497.81 Safari/537.36"
219.128.144.222 - - [26/Sep/2019:10:26:03 +0800] "GET /blog/?page=1 HTTP/1.1" 200 6502 "-" "Mozilla/5.0 (Macintosh; Intel Mac OS X 10_7_5) AppleWebKit/537.36 (KHTML, like Gecko) Chrome/27.0.1453.93 Safari/537.36"
59.42.126.32 - - [26/Sep/2019:10:26:05 +0800] "GET / HTTP/1.1" 200 4662 "-" "Mozilla/5.0 (Windows NT 10.0; Win64; x64) AppleWebKit/537.36 (KHTML, like Gecko) Chrome/69.0.3497.81 Safari/537.36"
59.42.126.32 - - [26/Sep/2019:10:26:06 +0800] "GET /favicon.ico HTTP/1.1" 200 4286 "https://www.zymblog.top/" "Mozilla/5.0 (Windows NT 10.0; Win64; x64) AppleWebKit/537.36 (KHTML, like Gecko) Chrome/69.0.3497.81 Safari/537.36"
59.42.126.32 - - [26/Sep/2019:10:26:07 +0800] "GET /notifications/api/unread_list/?max=5 HTTP/1.1" 200 38 "https://www.zymblog.top/" "Mozilla/5.0 (Windows NT 10.0; Win64; x64) AppleWebKit/537.36 (KHTML, like Gecko) Chrome/69.0.3497.81 Safari/537.36"
219.128.144.222 - - [26/Sep/2019:10:26:15 +0800] "GET /blog/118 HTTP/1.1" 200 9662 "https://www.zymblog.top/blog/?page=1" "Mozilla/5.0 (Windows NT 6.2; Win64; x64) AppleWebKit/537.36 (KHTML, like Gecko) Chrome/32.0.1667.0 Safari/537.36"
