219.128.144.222 - - [26/Sep/2019:10:26:22 +0800] "GET /blog/115 HTTP/1.1" 200 7784 "https://www.zymblog.top/blog/?page=1" "Mozilla/5.0 (Windows NT 4.0; WOW64) AppleWebKit/537.36 (KHTML, like Gecko) Chrome/37.0.2049.0 Safari/537.36"
219.128.144.222 - - [26/Sep/2019:10:26:22 +0800] "GET /blog/116 HTTP/1.1" 200 12470 "https://www.zymblog.top/blog/?page=1" "Mozilla/5.0 (Macintosh; Intel Mac OS X 10_7_5) AppleWebKit/537.36 (KHTML, like Gecko) Chrome/27.0.1453.93 Safari/537.36"
59.42.126.32 - - [26/Sep/2019:10:26:23 +0800] "GET /notifications/api/unread_list/?max=5 HTTP/1.1" 200 38 "https://www.zymblog.top/" "Mozilla/5.0 (Windows NT 10.0; Win64; x64) AppleWebKit/537.36 (KHTML, like Gecko) Chrome/69.0.3497.81 Safari/537.36"
219.128.144.222 - - [26/Sep/2019:10:26:23 +0800] "GET /blog/113 HTTP/1.1" 200 13454 "https://www.zymblog.top/blog/?page=1" "Mozilla/5.0 (Windows NT 6.2) AppleWebKit/537.36 (KHTML, like Gecko) Chrome/28.0.1464.0 Safari/537.36"
219.128.144.222 - - [26/Sep/2019:10:26:27 +0800] "GET /blog/?page=2 HTTP/1.1" 200 6704 "https://www.zymblog.top/blog/?page=1" "Mozilla/5.0 (Windows NT 6.2; WOW64) AppleWebKit/537.15 (KHTML, like Gecko) Chrome/24.0.1295.0 Safari/537.15"
219.128.144.222 - - [26/Sep/2019:10:26:37 +0800] "GET /blog/111 HTTP/1.1" 200 10353 "https://www.zymblog.top/blog/?page=2" "Mozilla/5.0 (Windows NT 6.2; WOW64) AppleWebKit/537.36 (KHTML, like Gecko) Chrome/29.0.1547.2 Safari/537.36"
219.128.144.222 - - [26/Sep/2019:10:26:37 +0800] "GET /blog/101 HTTP/1.1" 200 11273 "https://www.zymblog.top/blog/?page=2" "Mozilla/5.0 (Windows NT 6.3; WOW64) AppleWebKit/537.36 (KHTML, like Gecko) Chrome/41.0.2226.0 Safari/537.36"
59.42.126.32 - - [26/Sep/2019:10:26:39 +0800] "GET /notifications/api/unread_list/?max=5 HTTP/1.1" 200 38 "https://www.zymblog.top/" "Mozilla/5.0 (Windows NT 10.0; Win64; x64) AppleWebKit/537.36 (KHTML, like Gecko) Chrome/69.0.3497.81 Safari/537.36"
219.128.144.222 - - [26/Sep/2019:10:26:41 +0800] "GET /blog/?page=3 HTTP/1.1" 200 6815 "https://www.zymblog.top/blog/?page=2" "Mozilla/5.0 (Windows NT 6.2) AppleWebKit/537.36 (KHTML, like Gecko) Chrome/28.0.1467.0 Safari/537.36"
219.128.144.222 - - [26/Sep/2019:10:26:53 +0800] "GET /blog/100 HTTP/1.1" 200 10437 "https://www.zymblog.top/blog/?page=3" "Mozilla/5.0 (Windows NT 5.0; rv:21.0) Gecko/20100101 Firefox/21.0"
59.42.126.32 - - [26/Sep/2019:10:26:54 +0800] "GET /notifications/api/unread_list/?max=5 HTTP/1.1" 200 38 "https://www.zymblog.top/" "Mozilla/5.0 (Windows NT 10.0; Win64; x64) AppleWebKit/537.36 (KHTML, like Gecko) Chrome/69.0.3497.81 Safari/537.36"
219.128.144.222 - - [26/Sep/2019:10:26:56 +0800] "GET /blog/95 HTTP/1.1" 200 10068 "https://www.zymblog.top/blog/?page=3" "Mozilla/5.0 (Windows NT 6.1; U; nl; rv:1.9.1.6) Gecko/20091201 Firefox/3.5.6 Opera 11.01"
219.128.144.222 - - [26/Sep/2019:10:27:07 +0800] "GET /blog/97 HTTP/1.1" 200 12130 "https://www.zymblog.top/blog/?page=3" "Mozilla/5.0 (X11; Linux x86_64) AppleWebKit/537.36 (KHTML, like Gecko) Chrome/34.0.1847.137 Safari/4E423F"
59.42.126.32 - - [26/Sep/2019:10:27:11 +0800] "GET /notifications/api/unread_list/?max=5 HTTP/1.1" 200 38 "https://www.zymblog.top/" "Mozilla/5.0 (Windows NT 10.0; Win64; x64) AppleWebKit/537.36 (KHTML, like Gecko) Chrome/69.0.3497.81 Safari/537.36"
219.128.144.222 - - [26/Sep/2019:10:27:18 +0800] "GET /blog/94 HTTP/1.1" 200 13962 "https://www.zymblog.top/blog/?page=3" "Mozilla/5.0 (Windows NT 6.1) AppleWebKit/537.36 (KHTML, like Gecko) Chrome/27.0.1453.90 Safari/537.36"
219.128.144.222 - - [26/Sep/2019:10:27:18 +0800] "GET /blog/92 HTTP/1.1" 200 8012 "https://www.zymblog.top/blog/?page=3" "Mozilla/5.0 (Windows NT 6.3; WOW64) AppleWebKit/537.36 (KHTML, like Gecko) Chrome/41.0.2226.0 Safari/537.36"
219.128.144.222 - - [26/Sep/2019:10:27:20 +0800] "GET /blog/91 HTTP/1.1" 200 7813 "https://www.zymblog.top/blog/?page=3" "Mozilla/5.0 (Windows NT 5.1) AppleWebKit/537.36 (KHTML, like Gecko) Chrome/27.0.1453.93 Safari/537.36"
219.128.144.222 - - [26/Sep/2019:10:27:24 +0800] "GET /blog/90 HTTP/1.1" 200 11931 "https://www.zymblog.top/blog/?page=3" "Mozilla/5.0 (Windows NT 10.0) AppleWebKit/537.36 (KHTML, like Gecko) Chrome/40.0.2214.93 Safari/537.36"
59.42.126.32 - - [26/Sep/2019:10:27:26 +0800] "GET /notifications/api/unread_list/?max=5 HTTP/1.1" 200 38 "https://www.zymblog.top/" "Mozilla/5.0 (Windows NT 10.0; Win64; x64) AppleWebKit/537.36 (KHTML, like Gecko) Chrome/69.0.3497.81 Safari/537.36"
219.128.144.222 - - [26/Sep/2019:10:27:28 +0800] "GET /blog/?page=4 HTTP/1.1" 200 6558 "https://www.zymblog.top/blog/?page=3" "Mozilla/5.0 (Windows NT 6.1; WOW64) AppleWebKit/537.36 (KHTML, like Gecko) Chrome/41.0.2227.0 Safari/537.36"
219.128.144.222 - - [26/Sep/2019:10:27:42 +0800] "GET /blog/89 HTTP/1.1" 200 10179 "https://www.zymblog.top/blog/?page=4" "Mozilla/5.0 (Windows NT 6.2; Win64; x64) AppleWebKit/537.36 (KHTML, like Gecko) Chrome/32.0.1667.0 Safari/537.36"
59.42.126.32 - - [26/Sep/2019:10:27:43 +0800] "GET /notifications/api/unread_list/?max=5 HTTP/1.1" 200 38 "https://www.zymblog.top/" "Mozilla/5.0 (Windows NT 10.0; Win64; x64) AppleWebKit/537.36 (KHTML, like Gecko) Chrome/69.0.3497.81 Safari/537.36"
219.128.144.222 - - [26/Sep/2019:10:27:45 +0800] "GET /blog/87 HTTP/1.1" 200 10193 "https://www.zymblog.top/blog/?page=4" "Mozilla/5.0 (compatible; MSIE 9.0; Windows NT 6.1; WOW64; Trident/5.0; SLCC2; Media Center PC 6.0; InfoPath.3; MS-RTC LM 8; Zune 4.7)"
219.128.144.222 - - [26/Sep/2019:10:27:54 +0800] "GET /blog/86 HTTP/1.1" 200 9812 "https://www.zymblog.top/blog/?page=4" "Mozilla/5.0 (Macintosh; Intel Mac OS X 10.8; rv:24.0) Gecko/20100101 Firefox/24.0"
219.128.144.222 - - [26/Sep/2019:10:27:55 +0800] "GET /blog/81 HTTP/1.1" 200 9438 "https://www.zymblog.top/blog/?page=4" "Mozilla/5.0 (Windows NT 5.1) AppleWebKit/537.36 (KHTML, like Gecko) Chrome/36.0.1985.67 Safari/537.36"
59.42.126.32 - - [26/Sep/2019:10:27:58 +0800] "GET /notifications/api/unread_list/?max=5 HTTP/1.1" 200 38 "https://www.zymblog.top/" "Mozilla/5.0 (Windows NT 10.0; Win64; x64) AppleWebKit/537.36 (KHTML, like Gecko) Chrome/69.0.3497.81 Safari/537.36"
219.128.144.222 - - [26/Sep/2019:10:27:59 +0800] "GET /blog/80 HTTP/1.1" 200 9096 "https://www.zymblog.top/blog/?page=4" "Mozilla/5.0 (Windows; U; Windows NT 6.1; ko-KR) AppleWebKit/533.20.25 (KHTML, like Gecko) Version/5.0.4 Safari/533.20.27"
219.128.144.222 - - [26/Sep/2019:10:28:04 +0800] "GET /blog/?page=5 HTTP/1.1" 200 6533 "https://www.zymblog.top/blog/?page=4" "Mozilla/5.0 (Windows NT 6.2; WOW64) AppleWebKit/537.36 (KHTML, like Gecko) Chrome/27.0.1453.93 Safari/537.36"
219.128.144.222 - - [26/Sep/2019:10:28:14 +0800] "GET /blog/72 HTTP/1.1" 200 9229 "https://www.zymblog.top/blog/?page=5" "Mozilla/5.0 (Windows NT 5.1) AppleWebKit/537.36 (KHTML, like Gecko) Chrome/41.0.2224.3 Safari/537.36"
59.42.126.32 - - [26/Sep/2019:10:28:15 +0800] "GET /notifications/api/unread_list/?max=5 HTTP/1.1" 200 38 "https://www.zymblog.top/" "Mozilla/5.0 (Windows NT 10.0; Win64; x64) AppleWebKit/537.36 (KHTML, like Gecko) Chrome/69.0.3497.81 Safari/537.36"
219.128.144.222 - - [26/Sep/2019:10:28:18 +0800] "GET /blog/71 HTTP/1.1" 200 11068 "https://www.zymblog.top/blog/?page=5" "Mozilla/5.0 (Windows NT 6.2; WOW64) AppleWebKit/537.14 (KHTML, like Gecko) Chrome/24.0.1292.0 Safari/537.14"
219.128.144.222 - - [26/Sep/2019:10:28:22 +0800] "GET /blog/?page=6 HTTP/1.1" 200 6394 "https://www.zymblog.top/blog/?page=5" "Mozilla/5.0 (Windows NT 6.3; WOW64) AppleWebKit/537.36 (KHTML, like Gecko) Chrome/41.0.2225.0 Safari/537.36"
219.128.144.222 - - [26/Sep/2019:10:28:28 +0800] "GET /blog/65 HTTP/1.1" 200 9668 "https://www.zymblog.top/blog/?page=6" "Mozilla/5.0 (Windows NT 5.1) AppleWebKit/537.36 (KHTML, like Gecko) Chrome/35.0.2309.372 Safari/537.36"
59.42.126.32 - - [26/Sep/2019:10:28:30 +0800] "GET /notifications/api/unread_list/?max=5 HTTP/1.1" 200 38 "https://www.zymblog.top/" "Mozilla/5.0 (Windows NT 10.0; Win64; x64) AppleWebKit/537.36 (KHTML, like Gecko) Chrome/69.0.3497.81 Safari/537.36"
219.128.144.222 - - [26/Sep/2019:10:28:41 +0800] "GET /blog/63 HTTP/1.1" 200 8690 "https://www.zymblog.top/blog/?page=6" "Mozilla/5.0 (Windows NT 10.0) AppleWebKit/537.36 (KHTML, like Gecko) Chrome/40.0.2214.93 Safari/537.36"
59.42.126.32 - - [26/Sep/2019:10:28:46 +0800] "GET /notifications/api/unread_list/?max=5 HTTP/1.1" 200 38 "https://www.zymblog.top/" "Mozilla/5.0 (Windows NT 10.0; Win64; x64) AppleWebKit/537.36 (KHTML, like Gecko) Chrome/69.0.3497.81 Safari/537.36"
219.128.144.222 - - [26/Sep/2019:10:28:47 +0800] "GET /blog/60 HTTP/1.1" 200 11275 "https://www.zymblog.top/blog/?page=6" "Mozilla/5.0 (Windows NT 6.1; rv:27.3) Gecko/20130101 Firefox/27.3"
219.128.144.222 - - [26/Sep/2019:10:28:54 +0800] "GET /blog/61 HTTP/1.1" 200 15386 "https://www.zymblog.top/blog/?page=6" "Mozilla/5.0 (Windows NT 5.1; rv:21.0) Gecko/20100101 Firefox/21.0"
219.128.144.222 - - [26/Sep/2019:10:28:54 +0800] "GET /blog/59 HTTP/1.1" 200 8473 "https://www.zymblog.top/blog/?page=6" "Mozilla/5.0 (Macintosh; Intel Mac OS X 10_10_1) AppleWebKit/537.36 (KHTML, like Gecko) Chrome/41.0.2227.1 Safari/537.36"
219.128.144.222 - - [26/Sep/2019:10:28:56 +0800] "GET /blog/57 HTTP/1.1" 200 11480 "https://www.zymblog.top/blog/?page=6" "Mozilla/5.0 (Windows NT 6.1; WOW64) AppleWebKit/537.36 (KHTML, like Gecko) Chrome/36.0.1985.67 Safari/537.36"
219.128.144.222 - - [26/Sep/2019:10:29:00 +0800] "GET /blog/?page=7 HTTP/1.1" 200 6507 "https://www.zymblog.top/blog/?page=6" "Mozilla/5.0 (Windows NT 5.1) AppleWebKit/537.36 (KHTML, like Gecko) Chrome/41.0.2224.3 Safari/537.36"
59.42.126.32 - - [26/Sep/2019:10:29:03 +0800] "GET /notifications/api/unread_list/?max=5 HTTP/1.1" 200 38 "https://www.zymblog.top/" "Mozilla/5.0 (Windows NT 10.0; Win64; x64) AppleWebKit/537.36 (KHTML, like Gecko) Chrome/69.0.3497.81 Safari/537.36"
219.128.144.222 - - [26/Sep/2019:10:29:16 +0800] "GET /blog/54 HTTP/1.1" 200 12939 "https://www.zymblog.top/blog/?page=7" "Mozilla/5.0 (Windows NT 5.1) AppleWebKit/537.36 (KHTML, like Gecko) Chrome/35.0.2309.372 Safari/537.36"
59.42.126.32 - - [26/Sep/2019:10:29:19 +0800] "GET /notifications/api/unread_list/?max=5 HTTP/1.1" 200 38 "https://www.zymblog.top/" "Mozilla/5.0 (Windows NT 10.0; Win64; x64) AppleWebKit/537.36 (KHTML, like Gecko) Chrome/69.0.3497.81 Safari/537.36"
219.128.144.222 - - [26/Sep/2019:10:29:22 +0800] "GET /blog/51 HTTP/1.1" 200 10298 "https://www.zymblog.top/blog/?page=7" "Mozilla/5.0 (Windows NT 6.1; Win64; x64; rv:16.0.1) Gecko/20121011 Firefox/21.0.1"
219.128.144.222 - - [26/Sep/2019:10:29:29 +0800] "GET /blog/47 HTTP/1.1" 200 8194 "https://www.zymblog.top/blog/?page=7" "Mozilla/5.0 (Windows NT 6.2) AppleWebKit/537.36 (KHTML, like Gecko) Chrome/28.0.1467.0 Safari/537.36"
219.128.144.222 - - [26/Sep/2019:10:29:29 +0800] "GET /blog/48 HTTP/1.1" 200 9235 "https://www.zymblog.top/blog/?page=7" "Mozilla/5.0 (Windows NT 5.1) AppleWebKit/537.36 (KHTML, like Gecko) Chrome/31.0.1650.16 Safari/537.36"
219.128.144.222 - - [26/Sep/2019:10:29:33 +0800] "GET /blog/46 HTTP/1.1" 200 12065 "https://www.zymblog.top/blog/?page=7" "Mozilla/5.0 (X11; Linux i586; rv:31.0) Gecko/20100101 Firefox/31.0"
59.42.126.32 - - [26/Sep/2019:10:29:35 +0800] "GET /notifications/api/unread_list/?max=5 HTTP/1.1" 200 38 "https://www.zymblog.top/" "Mozilla/5.0 (Windows NT 10.0; Win64; x64) AppleWebKit/537.36 (KHTML, like Gecko) Chrome/69.0.3497.81 Safari/537.36"
59.42.126.32 - - [26/Sep/2019:10:29:50 +0800] "GET /notifications/api/unread_list/?max=5 HTTP/1.1" 200 38 "https://www.zymblog.top/" "Mozilla/5.0 (Windows NT 10.0; Win64; x64) AppleWebKit/537.36 (KHTML, like Gecko) Chrome/69.0.3497.81 Safari/537.36"
59.42.126.32 - - [26/Sep/2019:10:30:07 +0800] "GET /notifications/api/unread_list/?max=5 HTTP/1.1" 200 38 "https://www.zymblog.top/" "Mozilla/5.0 (Windows NT 10.0; Win64; x64) AppleWebKit/537.36 (KHTML, like Gecko) Chrome/69.0.3497.81 Safari/537.36"
59.42.126.32 - - [26/Sep/2019:10:30:23 +0800] "GET /notifications/api/unread_list/?max=5 HTTP/1.1" 200 38 "https://www.zymblog.top/" "Mozilla/5.0 (Windows NT 10.0; Win64; x64) AppleWebKit/537.36 (KHTML, like Gecko) Chrome/69.0.3497.81 Safari/537.36"
59.42.126.32 - - [26/Sep/2019:10:30:38 +0800] "GET /notifications/api/unread_list/?max=5 HTTP/1.1" 200 38 "https://www.zymblog.top/" "Mozilla/5.0 (Windows NT 10.0; Win64; x64) AppleWebKit/537.36 (KHTML, like Gecko) Chrome/69.0.3497.81 Safari/537.36"
59.42.126.32 - - [26/Sep/2019:10:30:55 +0800] "GET /notifications/api/unread_list/?max=5 HTTP/1.1" 200 38 "https://www.zymblog.top/" "Mozilla/5.0 (Windows NT 10.0; Win64; x64) AppleWebKit/537.36 (KHTML, like Gecko) Chrome/69.0.3497.81 Safari/537.36"
59.42.126.32 - - [26/Sep/2019:10:31:11 +0800] "GET /notifications/api/unread_list/?max=5 HTTP/1.1" 200 38 "https://www.zymblog.top/" "Mozilla/5.0 (Windows NT 10.0; Win64; x64) AppleWebKit/537.36 (KHTML, like Gecko) Chrome/69.0.3497.81 Safari/537.36"
37.210.169.120 - - [26/Sep/2019:10:31:21 +0800] "GET / HTTP/1.0" 302 170 "-" "-"
59.42.126.32 - - [26/Sep/2019:10:31:27 +0800] "GET /notifications/api/unread_list/?max=5 HTTP/1.1" 200 38 "https://www.zymblog.top/" "Mozilla/5.0 (Windows NT 10.0; Win64; x64) AppleWebKit/537.36 (KHTML, like Gecko) Chrome/69.0.3497.81 Safari/537.36"
59.42.126.32 - - [26/Sep/2019:10:31:43 +0800] "GET /notifications/api/unread_list/?max=5 HTTP/1.1" 200 38 "https://www.zymblog.top/" "Mozilla/5.0 (Windows NT 10.0; Win64; x64) AppleWebKit/537.36 (KHTML, like Gecko) Chrome/69.0.3497.81 Safari/537.36"
59.42.126.32 - - [26/Sep/2019:10:31:58 +0800] "GET /notifications/api/unread_list/?max=5 HTTP/1.1" 200 38 "https://www.zymblog.top/" "Mozilla/5.0 (Windows NT 10.0; Win64; x64) AppleWebKit/537.36 (KHTML, like Gecko) Chrome/69.0.3497.81 Safari/537.36"
59.42.126.32 - - [26/Sep/2019:10:32:15 +0800] "GET /notifications/api/unread_list/?max=5 HTTP/1.1" 200 38 "https://www.zymblog.top/" "Mozilla/5.0 (Windows NT 10.0; Win64; x64) AppleWebKit/537.36 (KHTML, like Gecko) Chrome/69.0.3497.81 Safari/537.36"
59.42.126.32 - - [26/Sep/2019:10:32:31 +0800] "GET /notifications/api/unread_list/?max=5 HTTP/1.1" 200 38 "https://www.zymblog.top/" "Mozilla/5.0 (Windows NT 10.0; Win64; x64) AppleWebKit/537.36 (KHTML, like Gecko) Chrome/69.0.3497.81 Safari/537.36"
59.42.126.32 - - [26/Sep/2019:10:32:47 +0800] "GET /notifications/api/unread_list/?max=5 HTTP/1.1" 200 38 "https://www.zymblog.top/" "Mozilla/5.0 (Windows NT 10.0; Win64; x64) AppleWebKit/537.36 (KHTML, like Gecko) Chrome/69.0.3497.81 Safari/537.36"
59.42.126.32 - - [26/Sep/2019:10:33:02 +0800] "GET /notifications/api/unread_list/?max=5 HTTP/1.1" 200 38 "https://www.zymblog.top/" "Mozilla/5.0 (Windows NT 10.0; Win64; x64) AppleWebKit/537.36 (KHTML, like Gecko) Chrome/69.0.3497.81 Safari/537.36"
59.42.126.32 - - [26/Sep/2019:10:33:19 +0800] "GET /notifications/api/unread_list/?max=5 HTTP/1.1" 200 38 "https://www.zymblog.top/" "Mozilla/5.0 (Windows NT 10.0; Win64; x64) AppleWebKit/537.36 (KHTML, like Gecko) Chrome/69.0.3497.81 Safari/537.36"
59.42.126.32 - - [26/Sep/2019:10:33:35 +0800] "GET /notifications/api/unread_list/?max=5 HTTP/1.1" 200 38 "https://www.zymblog.top/" "Mozilla/5.0 (Windows NT 10.0; Win64; x64) AppleWebKit/537.36 (KHTML, like Gecko) Chrome/69.0.3497.81 Safari/537.36"
59.42.126.32 - - [26/Sep/2019:10:33:51 +0800] "GET /notifications/api/unread_list/?max=5 HTTP/1.1" 200 38 "https://www.zymblog.top/" "Mozilla/5.0 (Windows NT 10.0; Win64; x64) AppleWebKit/537.36 (KHTML, like Gecko) Chrome/69.0.3497.81 Safari/537.36"
59.42.126.32 - - [26/Sep/2019:10:34:07 +0800] "GET /notifications/api/unread_list/?max=5 HTTP/1.1" 200 38 "https://www.zymblog.top/" "Mozilla/5.0 (Windows NT 10.0; Win64; x64) AppleWebKit/537.36 (KHTML, like Gecko) Chrome/69.0.3497.81 Safari/537.36"
59.42.126.32 - - [26/Sep/2019:10:34:22 +0800] "GET /notifications/api/unread_list/?max=5 HTTP/1.1" 200 38 "https://www.zymblog.top/" "Mozilla/5.0 (Windows NT 10.0; Win64; x64) AppleWebKit/537.36 (KHTML, like Gecko) Chrome/69.0.3497.81 Safari/537.36"
59.42.126.32 - - [26/Sep/2019:10:34:39 +0800] "GET /notifications/api/unread_list/?max=5 HTTP/1.1" 200 38 "https://www.zymblog.top/" "Mozilla/5.0 (Windows NT 10.0; Win64; x64) AppleWebKit/537.36 (KHTML, like Gecko) Chrome/69.0.3497.81 Safari/537.36"
59.42.126.32 - - [26/Sep/2019:10:34:55 +0800] "GET /notifications/api/unread_list/?max=5 HTTP/1.1" 200 38 "https://www.zymblog.top/" "Mozilla/5.0 (Windows NT 10.0; Win64; x64) AppleWebKit/537.36 (KHTML, like Gecko) Chrome/69.0.3497.81 Safari/537.36"
59.42.126.32 - - [26/Sep/2019:10:35:11 +0800] "GET /notifications/api/unread_list/?max=5 HTTP/1.1" 200 38 "https://www.zymblog.top/" "Mozilla/5.0 (Windows NT 10.0; Win64; x64) AppleWebKit/537.36 (KHTML, like Gecko) Chrome/69.0.3497.81 Safari/537.36"
59.42.126.32 - - [26/Sep/2019:10:35:26 +0800] "GET /notifications/api/unread_list/?max=5 HTTP/1.1" 200 38 "https://www.zymblog.top/" "Mozilla/5.0 (Windows NT 10.0; Win64; x64) AppleWebKit/537.36 (KHTML, like Gecko) Chrome/69.0.3497.81 Safari/537.36"
59.42.126.32 - - [26/Sep/2019:10:35:42 +0800] "GET /notifications/api/unread_list/?max=5 HTTP/1.1" 200 38 "https://www.zymblog.top/" "Mozilla/5.0 (Windows NT 10.0; Win64; x64) AppleWebKit/537.36 (KHTML, like Gecko) Chrome/69.0.3497.81 Safari/537.36"
59.42.126.32 - - [26/Sep/2019:10:35:59 +0800] "GET /notifications/api/unread_list/?max=5 HTTP/1.1" 200 38 "https://www.zymblog.top/" "Mozilla/5.0 (Windows NT 10.0; Win64; x64) AppleWebKit/537.36 (KHTML, like Gecko) Chrome/69.0.3497.81 Safari/537.36"
59.42.126.32 - - [26/Sep/2019:10:36:15 +0800] "GET /notifications/api/unread_list/?max=5 HTTP/1.1" 200 38 "https://www.zymblog.top/" "Mozilla/5.0 (Windows NT 10.0; Win64; x64) AppleWebKit/537.36 (KHTML, like Gecko) Chrome/69.0.3497.81 Safari/537.36"
59.42.126.32 - - [26/Sep/2019:10:36:30 +0800] "GET /notifications/api/unread_list/?max=5 HTTP/1.1" 200 38 "https://www.zymblog.top/" "Mozilla/5.0 (Windows NT 10.0; Win64; x64) AppleWebKit/537.36 (KHTML, like Gecko) Chrome/69.0.3497.81 Safari/537.36"
59.42.126.32 - - [26/Sep/2019:10:36:46 +0800] "GET /notifications/api/unread_list/?max=5 HTTP/1.1" 200 38 "https://www.zymblog.top/" "Mozilla/5.0 (Windows NT 10.0; Win64; x64) AppleWebKit/537.36 (KHTML, like Gecko) Chrome/69.0.3497.81 Safari/537.36"
59.42.126.32 - - [26/Sep/2019:10:37:03 +0800] "GET /notifications/api/unread_list/?max=5 HTTP/1.1" 200 38 "https://www.zymblog.top/" "Mozilla/5.0 (Windows NT 10.0; Win64; x64) AppleWebKit/537.36 (KHTML, like Gecko) Chrome/69.0.3497.81 Safari/537.36"
59.42.126.32 - - [26/Sep/2019:10:37:19 +0800] "GET /notifications/api/unread_list/?max=5 HTTP/1.1" 200 38 "https://www.zymblog.top/" "Mozilla/5.0 (Windows NT 10.0; Win64; x64) AppleWebKit/537.36 (KHTML, like Gecko) Chrome/69.0.3497.81 Safari/537.36"
59.42.126.32 - - [26/Sep/2019:10:37:34 +0800] "GET /notifications/api/unread_list/?max=5 HTTP/1.1" 200 38 "https://www.zymblog.top/" "Mozilla/5.0 (Windows NT 10.0; Win64; x64) AppleWebKit/537.36 (KHTML, like Gecko) Chrome/69.0.3497.81 Safari/537.36"
59.42.126.32 - - [26/Sep/2019:10:37:51 +0800] "GET /notifications/api/unread_list/?max=5 HTTP/1.1" 200 38 "https://www.zymblog.top/" "Mozilla/5.0 (Windows NT 10.0; Win64; x64) AppleWebKit/537.36 (KHTML, like Gecko) Chrome/69.0.3497.81 Safari/537.36"
59.42.126.32 - - [26/Sep/2019:10:38:07 +0800] "GET /notifications/api/unread_list/?max=5 HTTP/1.1" 200 38 "https://www.zymblog.top/" "Mozilla/5.0 (Windows NT 10.0; Win64; x64) AppleWebKit/537.36 (KHTML, like Gecko) Chrome/69.0.3497.81 Safari/537.36"
59.42.126.32 - - [26/Sep/2019:10:38:23 +0800] "GET /notifications/api/unread_list/?max=5 HTTP/1.1" 200 38 "https://www.zymblog.top/" "Mozilla/5.0 (Windows NT 10.0; Win64; x64) AppleWebKit/537.36 (KHTML, like Gecko) Chrome/69.0.3497.81 Safari/537.36"
59.42.126.32 - - [26/Sep/2019:10:38:39 +0800] "GET /notifications/api/unread_list/?max=5 HTTP/1.1" 200 38 "https://www.zymblog.top/" "Mozilla/5.0 (Windows NT 10.0; Win64; x64) AppleWebKit/537.36 (KHTML, like Gecko) Chrome/69.0.3497.81 Safari/537.36"
59.42.126.32 - - [26/Sep/2019:10:38:55 +0800] "GET /notifications/api/unread_list/?max=5 HTTP/1.1" 200 38 "https://www.zymblog.top/" "Mozilla/5.0 (Windows NT 10.0; Win64; x64) AppleWebKit/537.36 (KHTML, like Gecko) Chrome/69.0.3497.81 Safari/537.36"
59.42.126.32 - - [26/Sep/2019:10:39:11 +0800] "GET /notifications/api/unread_list/?max=5 HTTP/1.1" 200 38 "https://www.zymblog.top/" "Mozilla/5.0 (Windows NT 10.0; Win64; x64) AppleWebKit/537.36 (KHTML, like Gecko) Chrome/69.0.3497.81 Safari/537.36"
59.42.126.32 - - [26/Sep/2019:10:39:27 +0800] "GET /notifications/api/unread_list/?max=5 HTTP/1.1" 200 38 "https://www.zymblog.top/" "Mozilla/5.0 (Windows NT 10.0; Win64; x64) AppleWebKit/537.36 (KHTML, like Gecko) Chrome/69.0.3497.81 Safari/537.36"
59.42.126.32 - - [26/Sep/2019:10:39:43 +0800] "GET /notifications/api/unread_list/?max=5 HTTP/1.1" 200 38 "https://www.zymblog.top/" "Mozilla/5.0 (Windows NT 10.0; Win64; x64) AppleWebKit/537.36 (KHTML, like Gecko) Chrome/69.0.3497.81 Safari/537.36"
59.42.126.32 - - [26/Sep/2019:10:39:58 +0800] "GET /notifications/api/unread_list/?max=5 HTTP/1.1" 200 38 "https://www.zymblog.top/" "Mozilla/5.0 (Windows NT 10.0; Win64; x64) AppleWebKit/537.36 (KHTML, like Gecko) Chrome/69.0.3497.81 Safari/537.36"
59.42.126.32 - - [26/Sep/2019:10:40:14 +0800] "GET /notifications/api/unread_list/?max=5 HTTP/1.1" 200 38 "https://www.zymblog.top/" "Mozilla/5.0 (Windows NT 10.0; Win64; x64) AppleWebKit/537.36 (KHTML, like Gecko) Chrome/69.0.3497.81 Safari/537.36"
59.42.126.32 - - [26/Sep/2019:10:40:31 +0800] "GET /notifications/api/unread_list/?max=5 HTTP/1.1" 200 38 "https://www.zymblog.top/" "Mozilla/5.0 (Windows NT 10.0; Win64; x64) AppleWebKit/537.36 (KHTML, like Gecko) Chrome/69.0.3497.81 Safari/537.36"
59.42.126.32 - - [26/Sep/2019:10:40:47 +0800] "GET /notifications/api/unread_list/?max=5 HTTP/1.1" 200 38 "https://www.zymblog.top/" "Mozilla/5.0 (Windows NT 10.0; Win64; x64) AppleWebKit/537.36 (KHTML, like Gecko) Chrome/69.0.3497.81 Safari/537.36"
59.42.126.32 - - [26/Sep/2019:10:41:03 +0800] "GET /notifications/api/unread_list/?max=5 HTTP/1.1" 200 38 "https://www.zymblog.top/" "Mozilla/5.0 (Windows NT 10.0; Win64; x64) AppleWebKit/537.36 (KHTML, like Gecko) Chrome/69.0.3497.81 Safari/537.36"
59.42.126.32 - - [26/Sep/2019:10:41:19 +0800] "GET /notifications/api/unread_list/?max=5 HTTP/1.1" 200 38 "https://www.zymblog.top/" "Mozilla/5.0 (Windows NT 10.0; Win64; x64) AppleWebKit/537.36 (KHTML, like Gecko) Chrome/69.0.3497.81 Safari/537.36"
59.42.126.32 - - [26/Sep/2019:10:41:35 +0800] "GET /notifications/api/unread_list/?max=5 HTTP/1.1" 200 38 "https://www.zymblog.top/" "Mozilla/5.0 (Windows NT 10.0; Win64; x64) AppleWebKit/537.36 (KHTML, like Gecko) Chrome/69.0.3497.81 Safari/537.36"
59.42.126.32 - - [26/Sep/2019:10:41:51 +0800] "GET /notifications/api/unread_list/?max=5 HTTP/1.1" 200 38 "https://www.zymblog.top/" "Mozilla/5.0 (Windows NT 10.0; Win64; x64) AppleWebKit/537.36 (KHTML, like Gecko) Chrome/69.0.3497.81 Safari/537.36"
59.42.126.32 - - [26/Sep/2019:10:42:06 +0800] "GET /notifications/api/unread_list/?max=5 HTTP/1.1" 200 38 "https://www.zymblog.top/" "Mozilla/5.0 (Windows NT 10.0; Win64; x64) AppleWebKit/537.36 (KHTML, like Gecko) Chrome/69.0.3497.81 Safari/537.36"
59.42.126.32 - - [26/Sep/2019:10:42:22 +0800] "GET /notifications/api/unread_list/?max=5 HTTP/1.1" 200 38 "https://www.zymblog.top/" "Mozilla/5.0 (Windows NT 10.0; Win64; x64) AppleWebKit/537.36 (KHTML, like Gecko) Chrome/69.0.3497.81 Safari/537.36"
59.42.126.32 - - [26/Sep/2019:10:42:39 +0800] "GET /notifications/api/unread_list/?max=5 HTTP/1.1" 200 38 "https://www.zymblog.top/" "Mozilla/5.0 (Windows NT 10.0; Win64; x64) AppleWebKit/537.36 (KHTML, like Gecko) Chrome/69.0.3497.81 Safari/537.36"
59.42.126.32 - - [26/Sep/2019:10:42:55 +0800] "GET /notifications/api/unread_list/?max=5 HTTP/1.1" 200 38 "https://www.zymblog.top/" "Mozilla/5.0 (Windows NT 10.0; Win64; x64) AppleWebKit/537.36 (KHTML, like Gecko) Chrome/69.0.3497.81 Safari/537.36"
59.42.126.32 - - [26/Sep/2019:10:43:11 +0800] "GET /notifications/api/unread_list/?max=5 HTTP/1.1" 200 38 "https://www.zymblog.top/" "Mozilla/5.0 (Windows NT 10.0; Win64; x64) AppleWebKit/537.36 (KHTML, like Gecko) Chrome/69.0.3497.81 Safari/537.36"
59.42.126.32 - - [26/Sep/2019:10:43:27 +0800] "GET /notifications/api/unread_list/?max=5 HTTP/1.1" 200 38 "https://www.zymblog.top/" "Mozilla/5.0 (Windows NT 10.0; Win64; x64) AppleWebKit/537.36 (KHTML, like Gecko) Chrome/69.0.3497.81 Safari/537.36"
59.42.126.32 - - [26/Sep/2019:10:43:42 +0800] "GET /notifications/api/unread_list/?max=5 HTTP/1.1" 200 38 "https://www.zymblog.top/" "Mozilla/5.0 (Windows NT 10.0; Win64; x64) AppleWebKit/537.36 (KHTML, like Gecko) Chrome/69.0.3497.81 Safari/537.36"
59.42.126.32 - - [26/Sep/2019:10:43:59 +0800] "GET /notifications/api/unread_list/?max=5 HTTP/1.1" 200 38 "https://www.zymblog.top/" "Mozilla/5.0 (Windows NT 10.0; Win64; x64) AppleWebKit/537.36 (KHTML, like Gecko) Chrome/69.0.3497.81 Safari/537.36"
59.42.126.32 - - [26/Sep/2019:10:44:15 +0800] "GET /notifications/api/unread_list/?max=5 HTTP/1.1" 200 38 "https://www.zymblog.top/" "Mozilla/5.0 (Windows NT 10.0; Win64; x64) AppleWebKit/537.36 (KHTML, like Gecko) Chrome/69.0.3497.81 Safari/537.36"
59.42.126.32 - - [26/Sep/2019:10:44:30 +0800] "GET /notifications/api/unread_list/?max=5 HTTP/1.1" 200 38 "https://www.zymblog.top/" "Mozilla/5.0 (Windows NT 10.0; Win64; x64) AppleWebKit/537.36 (KHTML, like Gecko) Chrome/69.0.3497.81 Safari/537.36"
59.42.126.32 - - [26/Sep/2019:10:44:46 +0800] "GET /notifications/api/unread_list/?max=5 HTTP/1.1" 200 38 "https://www.zymblog.top/" "Mozilla/5.0 (Windows NT 10.0; Win64; x64) AppleWebKit/537.36 (KHTML, like Gecko) Chrome/69.0.3497.81 Safari/537.36"
59.42.126.32 - - [26/Sep/2019:10:44:47 +0800] "GET / HTTP/1.1" 200 4645 "-" "Mozilla/5.0 (Windows NT 10.0; Win64; x64) AppleWebKit/537.36 (KHTML, like Gecko) Chrome/69.0.3497.81 Safari/537.36"
59.42.126.32 - - [26/Sep/2019:10:44:48 +0800] "GET /favicon.ico HTTP/1.1" 200 4286 "https://www.zymblog.top/" "Mozilla/5.0 (Windows NT 10.0; Win64; x64) AppleWebKit/537.36 (KHTML, like Gecko) Chrome/69.0.3497.81 Safari/537.36"
59.42.126.32 - - [26/Sep/2019:10:44:48 +0800] "GET /notifications/api/unread_list/?max=5 HTTP/1.1" 200 38 "https://www.zymblog.top/" "Mozilla/5.0 (Windows NT 10.0; Win64; x64) AppleWebKit/537.36 (KHTML, like Gecko) Chrome/69.0.3497.81 Safari/537.36"
59.42.126.32 - - [26/Sep/2019:10:44:51 +0800] "GET /blog/ HTTP/1.1" 200 6479 "https://www.zymblog.top/" "Mozilla/5.0 (Windows NT 10.0; Win64; x64) AppleWebKit/537.36 (KHTML, like Gecko) Chrome/69.0.3497.81 Safari/537.36"
59.42.126.32 - - [26/Sep/2019:10:44:51 +0800] "GET /static/blog.css HTTP/1.1" 304 0 "https://www.zymblog.top/blog/" "Mozilla/5.0 (Windows NT 10.0; Win64; x64) AppleWebKit/537.36 (KHTML, like Gecko) Chrome/69.0.3497.81 Safari/537.36"
59.42.126.32 - - [26/Sep/2019:10:44:52 +0800] "GET /notifications/api/unread_list/?max=5 HTTP/1.1" 200 38 "https://www.zymblog.top/blog/" "Mozilla/5.0 (Windows NT 10.0; Win64; x64) AppleWebKit/537.36 (KHTML, like Gecko) Chrome/69.0.3497.81 Safari/537.36"
59.42.126.32 - - [26/Sep/2019:10:44:56 +0800] "GET /blog/122 HTTP/1.1" 200 11633 "https://www.zymblog.top/blog/" "Mozilla/5.0 (Windows NT 10.0; Win64; x64) AppleWebKit/537.36 (KHTML, like Gecko) Chrome/69.0.3497.81 Safari/537.36"
59.42.126.32 - - [26/Sep/2019:10:44:56 +0800] "GET /static/blog_detail.css HTTP/1.1" 304 0 "https://www.zymblog.top/blog/122" "Mozilla/5.0 (Windows NT 10.0; Win64; x64) AppleWebKit/537.36 (KHTML, like Gecko) Chrome/69.0.3497.81 Safari/537.36"
59.42.126.32 - - [26/Sep/2019:10:44:56 +0800] "GET /static/googlecode.css HTTP/1.1" 304 0 "https://www.zymblog.top/blog/122" "Mozilla/5.0 (Windows NT 10.0; Win64; x64) AppleWebKit/537.36 (KHTML, like Gecko) Chrome/69.0.3497.81 Safari/537.36"
59.42.126.32 - - [26/Sep/2019:10:44:56 +0800] "GET /static/highlight.pack.js HTTP/1.1" 304 0 "https://www.zymblog.top/blog/122" "Mozilla/5.0 (Windows NT 10.0; Win64; x64) AppleWebKit/537.36 (KHTML, like Gecko) Chrome/69.0.3497.81 Safari/537.36"
59.42.126.32 - - [26/Sep/2019:10:44:56 +0800] "GET /static/ckeditor/ckeditor-init.js HTTP/1.1" 304 0 "https://www.zymblog.top/blog/122" "Mozilla/5.0 (Windows NT 10.0; Win64; x64) AppleWebKit/537.36 (KHTML, like Gecko) Chrome/69.0.3497.81 Safari/537.36"
59.42.126.32 - - [26/Sep/2019:10:44:56 +0800] "GET /static/ckeditor/ckeditor/ckeditor.js HTTP/1.1" 304 0 "https://www.zymblog.top/blog/122" "Mozilla/5.0 (Windows NT 10.0; Win64; x64) AppleWebKit/537.36 (KHTML, like Gecko) Chrome/69.0.3497.81 Safari/537.36"
59.42.126.32 - - [26/Sep/2019:10:44:57 +0800] "GET /notifications/api/unread_list/?max=5 HTTP/1.1" 200 38 "https://www.zymblog.top/blog/122" "Mozilla/5.0 (Windows NT 10.0; Win64; x64) AppleWebKit/537.36 (KHTML, like Gecko) Chrome/69.0.3497.81 Safari/537.36"
59.42.126.32 - - [26/Sep/2019:10:44:58 +0800] "GET /blog/ HTTP/1.1" 200 6480 "https://www.zymblog.top/" "Mozilla/5.0 (Windows NT 10.0; Win64; x64) AppleWebKit/537.36 (KHTML, like Gecko) Chrome/69.0.3497.81 Safari/537.36"
59.42.126.32 - - [26/Sep/2019:10:44:59 +0800] "GET /blog/121 HTTP/1.1" 200 12993 "https://www.zymblog.top/blog/" "Mozilla/5.0 (Windows NT 10.0; Win64; x64) AppleWebKit/537.36 (KHTML, like Gecko) Chrome/69.0.3497.81 Safari/537.36"
59.42.126.32 - - [26/Sep/2019:10:44:59 +0800] "GET /notifications/api/unread_list/?max=5 HTTP/1.1" 499 0 "https://www.zymblog.top/blog/" "Mozilla/5.0 (Windows NT 10.0; Win64; x64) AppleWebKit/537.36 (KHTML, like Gecko) Chrome/69.0.3497.81 Safari/537.36"
59.42.126.32 - - [26/Sep/2019:10:45:00 +0800] "GET /notifications/api/unread_list/?max=5 HTTP/1.1" 200 38 "https://www.zymblog.top/blog/121" "Mozilla/5.0 (Windows NT 10.0; Win64; x64) AppleWebKit/537.36 (KHTML, like Gecko) Chrome/69.0.3497.81 Safari/537.36"
59.42.126.32 - - [26/Sep/2019:10:45:02 +0800] "GET /blog/ HTTP/1.1" 200 6504 "https://www.zymblog.top/" "Mozilla/5.0 (Windows NT 10.0; Win64; x64) AppleWebKit/537.36 (KHTML, like Gecko) Chrome/69.0.3497.81 Safari/537.36"
59.42.126.32 - - [26/Sep/2019:10:45:04 +0800] "GET /notifications/api/unread_list/?max=5 HTTP/1.1" 200 38 "https://www.zymblog.top/blog/" "Mozilla/5.0 (Windows NT 10.0; Win64; x64) AppleWebKit/537.36 (KHTML, like Gecko) Chrome/69.0.3497.81 Safari/537.36"
59.42.126.32 - - [26/Sep/2019:10:45:05 +0800] "GET / HTTP/1.1" 200 4642 "https://www.zymblog.top/blog/" "Mozilla/5.0 (Windows NT 10.0; Win64; x64) AppleWebKit/537.36 (KHTML, like Gecko) Chrome/69.0.3497.81 Safari/537.36"
59.42.126.32 - - [26/Sep/2019:10:45:07 +0800] "GET /notifications/api/unread_list/?max=5 HTTP/1.1" 200 38 "https://www.zymblog.top/" "Mozilla/5.0 (Windows NT 10.0; Win64; x64) AppleWebKit/537.36 (KHTML, like Gecko) Chrome/69.0.3497.81 Safari/537.36"
59.42.126.32 - - [26/Sep/2019:10:45:22 +0800] "GET /notifications/api/unread_list/?max=5 HTTP/1.1" 200 38 "https://www.zymblog.top/" "Mozilla/5.0 (Windows NT 10.0; Win64; x64) AppleWebKit/537.36 (KHTML, like Gecko) Chrome/69.0.3497.81 Safari/537.36"
59.42.126.32 - - [26/Sep/2019:10:45:37 +0800] "GET /notifications/api/unread_list/?max=5 HTTP/1.1" 200 38 "https://www.zymblog.top/" "Mozilla/5.0 (Windows NT 10.0; Win64; x64) AppleWebKit/537.36 (KHTML, like Gecko) Chrome/69.0.3497.81 Safari/537.36"
59.42.126.32 - - [26/Sep/2019:10:45:52 +0800] "GET /notifications/api/unread_list/?max=5 HTTP/1.1" 200 38 "https://www.zymblog.top/" "Mozilla/5.0 (Windows NT 10.0; Win64; x64) AppleWebKit/537.36 (KHTML, like Gecko) Chrome/69.0.3497.81 Safari/537.36"
59.42.126.32 - - [26/Sep/2019:10:46:07 +0800] "GET /notifications/api/unread_list/?max=5 HTTP/1.1" 200 38 "https://www.zymblog.top/" "Mozilla/5.0 (Windows NT 10.0; Win64; x64) AppleWebKit/537.36 (KHTML, like Gecko) Chrome/69.0.3497.81 Safari/537.36"
59.42.126.32 - - [26/Sep/2019:10:46:20 +0800] "GET /blog/create_editor_blog/0?from=/ HTTP/1.1" 200 5648 "https://www.zymblog.top/" "Mozilla/5.0 (Windows NT 10.0; Win64; x64) AppleWebKit/537.36 (KHTML, like Gecko) Chrome/69.0.3497.81 Safari/537.36"
59.42.126.32 - - [26/Sep/2019:10:46:20 +0800] "GET /static/forms_createblog.css HTTP/1.1" 200 284 "https://www.zymblog.top/blog/create_editor_blog/0?from=/" "Mozilla/5.0 (Windows NT 10.0; Win64; x64) AppleWebKit/537.36 (KHTML, like Gecko) Chrome/69.0.3497.81 Safari/537.36"
59.42.126.32 - - [26/Sep/2019:10:46:21 +0800] "GET /static/ckeditor/ckeditor/config.js?t=I3I8 HTTP/1.1" 304 0 "https://www.zymblog.top/blog/create_editor_blog/0?from=/" "Mozilla/5.0 (Windows NT 10.0; Win64; x64) AppleWebKit/537.36 (KHTML, like Gecko) Chrome/69.0.3497.81 Safari/537.36"
59.42.126.32 - - [26/Sep/2019:10:46:21 +0800] "GET /blog/check_login_status?_=1569466005157 HTTP/1.1" 200 19 "https://www.zymblog.top/blog/create_editor_blog/0?from=/" "Mozilla/5.0 (Windows NT 10.0; Win64; x64) AppleWebKit/537.36 (KHTML, like Gecko) Chrome/69.0.3497.81 Safari/537.36"
59.42.126.32 - - [26/Sep/2019:10:46:21 +0800] "GET /static/ckeditor/ckeditor/skins/moono-lisa/editor.css?t=I3I8 HTTP/1.1" 304 0 "https://www.zymblog.top/blog/create_editor_blog/0?from=/" "Mozilla/5.0 (Windows NT 10.0; Win64; x64) AppleWebKit/537.36 (KHTML, like Gecko) Chrome/69.0.3497.81 Safari/537.36"
59.42.126.32 - - [26/Sep/2019:10:46:21 +0800] "GET /static/ckeditor/ckeditor/lang/zh-cn.js?t=I3I8 HTTP/1.1" 304 0 "https://www.zymblog.top/blog/create_editor_blog/0?from=/" "Mozilla/5.0 (Windows NT 10.0; Win64; x64) AppleWebKit/537.36 (KHTML, like Gecko) Chrome/69.0.3497.81 Safari/537.36"
59.42.126.32 - - [26/Sep/2019:10:46:24 +0800] "GET /notifications/api/unread_list/?max=5 HTTP/1.1" 200 38 "https://www.zymblog.top/blog/create_editor_blog/0?from=/" "Mozilla/5.0 (Windows NT 10.0; Win64; x64) AppleWebKit/537.36 (KHTML, like Gecko) Chrome/69.0.3497.81 Safari/537.36"
59.42.126.32 - - [26/Sep/2019:10:46:24 +0800] "GET /static/ckeditor/ckeditor/styles.js?t=I3I8 HTTP/1.1" 304 0 "https://www.zymblog.top/blog/create_editor_blog/0?from=/" "Mozilla/5.0 (Windows NT 10.0; Win64; x64) AppleWebKit/537.36 (KHTML, like Gecko) Chrome/69.0.3497.81 Safari/537.36"
59.42.126.32 - - [26/Sep/2019:10:46:24 +0800] "GET /static/ckeditor/ckeditor/plugins/codesnippet/plugin.js?t=I3I8 HTTP/1.1" 200 3824 "https://www.zymblog.top/blog/create_editor_blog/0?from=/" "Mozilla/5.0 (Windows NT 10.0; Win64; x64) AppleWebKit/537.36 (KHTML, like Gecko) Chrome/69.0.3497.81 Safari/537.36"
59.42.126.32 - - [26/Sep/2019:10:46:24 +0800] "GET /static/ckeditor/ckeditor/plugins/prism/plugin.js?t=I3I8 HTTP/1.1" 200 4203 "https://www.zymblog.top/blog/create_editor_blog/0?from=/" "Mozilla/5.0 (Windows NT 10.0; Win64; x64) AppleWebKit/537.36 (KHTML, like Gecko) Chrome/69.0.3497.81 Safari/537.36"
59.42.126.32 - - [26/Sep/2019:10:46:24 +0800] "GET /static/ckeditor/ckeditor/plugins/scayt/dialogs/dialog.css HTTP/1.1" 304 0 "https://www.zymblog.top/blog/create_editor_blog/0?from=/" "Mozilla/5.0 (Windows NT 10.0; Win64; x64) AppleWebKit/537.36 (KHTML, like Gecko) Chrome/69.0.3497.81 Safari/537.36"
59.42.126.32 - - [26/Sep/2019:10:46:24 +0800] "GET /static/ckeditor/ckeditor/plugins/scayt/skins/moono-lisa/scayt.css HTTP/1.1" 304 0 "https://www.zymblog.top/blog/create_editor_blog/0?from=/" "Mozilla/5.0 (Windows NT 10.0; Win64; x64) AppleWebKit/537.36 (KHTML, like Gecko) Chrome/69.0.3497.81 Safari/537.36"
59.42.126.32 - - [26/Sep/2019:10:46:24 +0800] "GET /static/ckeditor/ckeditor/plugins/tableselection/styles/tableselection.css HTTP/1.1" 304 0 "https://www.zymblog.top/blog/create_editor_blog/0?from=/" "Mozilla/5.0 (Windows NT 10.0; Win64; x64) AppleWebKit/537.36 (KHTML, like Gecko) Chrome/69.0.3497.81 Safari/537.36"
59.42.126.32 - - [26/Sep/2019:10:46:24 +0800] "GET /static/ckeditor/ckeditor/plugins/wsc/skins/moono-lisa/wsc.css HTTP/1.1" 304 0 "https://www.zymblog.top/blog/create_editor_blog/0?from=/" "Mozilla/5.0 (Windows NT 10.0; Win64; x64) AppleWebKit/537.36 (KHTML, like Gecko) Chrome/69.0.3497.81 Safari/537.36"
59.42.126.32 - - [26/Sep/2019:10:46:24 +0800] "GET /static/ckeditor/ckeditor/plugins/codesnippet/lang/zh-cn.js?t=I3I8 HTTP/1.1" 200 365 "https://www.zymblog.top/blog/create_editor_blog/0?from=/" "Mozilla/5.0 (Windows NT 10.0; Win64; x64) AppleWebKit/537.36 (KHTML, like Gecko) Chrome/69.0.3497.81 Safari/537.36"
59.42.126.32 - - [26/Sep/2019:10:46:24 +0800] "GET /static/ckeditor/ckeditor/plugins/prism/lib/prism/prism_patched.min.js HTTP/1.1" 200 99483 "https://www.zymblog.top/blog/create_editor_blog/0?from=/" "Mozilla/5.0 (Windows NT 10.0; Win64; x64) AppleWebKit/537.36 (KHTML, like Gecko) Chrome/69.0.3497.81 Safari/537.36"
59.42.126.32 - - [26/Sep/2019:10:46:24 +0800] "GET /static/ckeditor/ckeditor/plugins/codesnippet/icons/codesnippet.png?t=I3I8 HTTP/1.1" 200 597 "https://www.zymblog.top/blog/create_editor_blog/0?from=/" "Mozilla/5.0 (Windows NT 10.0; Win64; x64) AppleWebKit/537.36 (KHTML, like Gecko) Chrome/69.0.3497.81 Safari/537.36"
59.42.126.32 - - [26/Sep/2019:10:46:24 +0800] "GET /static/ckeditor/ckeditor/plugins/copyformatting/styles/copyformatting.css HTTP/1.1" 304 0 "https://www.zymblog.top/blog/create_editor_blog/0?from=/" "Mozilla/5.0 (Windows NT 10.0; Win64; x64) AppleWebKit/537.36 (KHTML, like Gecko) Chrome/69.0.3497.81 Safari/537.36"
59.42.126.32 - - [26/Sep/2019:10:46:24 +0800] "GET /static/ckeditor/ckeditor/plugins/prism/lib/prism/prism_patched.min.css HTTP/1.1" 200 2062 "https://www.zymblog.top/blog/create_editor_blog/0?from=/" "Mozilla/5.0 (Windows NT 10.0; Win64; x64) AppleWebKit/537.36 (KHTML, like Gecko) Chrome/69.0.3497.81 Safari/537.36"
59.42.126.32 - - [26/Sep/2019:10:46:24 +0800] "GET /static/ckeditor/ckeditor/contents.css?t=I3I8 HTTP/1.1" 304 0 "https://www.zymblog.top/blog/create_editor_blog/0?from=/" "Mozilla/5.0 (Windows NT 10.0; Win64; x64) AppleWebKit/537.36 (KHTML, like Gecko) Chrome/69.0.3497.81 Safari/537.36"
59.42.126.32 - - [26/Sep/2019:10:46:24 +0800] "POST /user/login_for_medal HTTP/1.1" 200 21 "https://www.zymblog.top/blog/create_editor_blog/0?from=/" "Mozilla/5.0 (Windows NT 10.0; Win64; x64) AppleWebKit/537.36 (KHTML, like Gecko) Chrome/69.0.3497.81 Safari/537.36"
59.42.126.32 - - [26/Sep/2019:10:46:24 +0800] "GET /blog/create_editor_blog/0?from=/ HTTP/1.1" 200 5940 "https://www.zymblog.top/blog/create_editor_blog/0?from=/" "Mozilla/5.0 (Windows NT 10.0; Win64; x64) AppleWebKit/537.36 (KHTML, like Gecko) Chrome/69.0.3497.81 Safari/537.36"
59.42.126.32 - - [26/Sep/2019:10:46:24 +0800] "GET /media/avatar/zhang-7b29917eb3ac11e9886900163e1078ae.png HTTP/1.1" 304 0 "https://www.zymblog.top/blog/create_editor_blog/0?from=/" "Mozilla/5.0 (Windows NT 10.0; Win64; x64) AppleWebKit/537.36 (KHTML, like Gecko) Chrome/69.0.3497.81 Safari/537.36"
59.42.126.32 - - [26/Sep/2019:10:46:25 +0800] "GET /blog/check_login_status?_=1569466009276 HTTP/1.1" 200 21 "https://www.zymblog.top/blog/create_editor_blog/0?from=/" "Mozilla/5.0 (Windows NT 10.0; Win64; x64) AppleWebKit/537.36 (KHTML, like Gecko) Chrome/69.0.3497.81 Safari/537.36"
59.42.126.32 - - [26/Sep/2019:10:46:25 +0800] "GET /static/ckeditor/ckeditor/skins/moono-lisa/icons.png?t=95e5d83 HTTP/1.1" 200 12421 "https://www.zymblog.top/static/ckeditor/ckeditor/skins/moono-lisa/editor.css?t=I3I8" "Mozilla/5.0 (Windows NT 10.0; Win64; x64) AppleWebKit/537.36 (KHTML, like Gecko) Chrome/69.0.3497.81 Safari/537.36"
59.42.126.32 - - [26/Sep/2019:10:46:25 +0800] "GET /notifications/api/unread_list/?max=5 HTTP/1.1" 200 38 "https://www.zymblog.top/blog/create_editor_blog/0?from=/" "Mozilla/5.0 (Windows NT 10.0; Win64; x64) AppleWebKit/537.36 (KHTML, like Gecko) Chrome/69.0.3497.81 Safari/537.36"
59.42.126.32 - - [26/Sep/2019:10:46:37 +0800] "GET /blog/check_title_exists?title=%E6%96%87%E6%9C%AC%E5%A4%84%E7%90%86&_=1569466009277 HTTP/1.1" 200 21 "https://www.zymblog.top/blog/create_editor_blog/0?from=/" "Mozilla/5.0 (Windows NT 10.0; Win64; x64) AppleWebKit/537.36 (KHTML, like Gecko) Chrome/69.0.3497.81 Safari/537.36"
59.42.126.32 - - [26/Sep/2019:10:46:40 +0800] "GET /notifications/api/unread_list/?max=5 HTTP/1.1" 200 38 "https://www.zymblog.top/blog/create_editor_blog/0?from=/" "Mozilla/5.0 (Windows NT 10.0; Win64; x64) AppleWebKit/537.36 (KHTML, like Gecko) Chrome/69.0.3497.81 Safari/537.36"
59.42.126.32 - - [26/Sep/2019:10:46:56 +0800] "GET /notifications/api/unread_list/?max=5 HTTP/1.1" 200 38 "https://www.zymblog.top/blog/create_editor_blog/0?from=/" "Mozilla/5.0 (Windows NT 10.0; Win64; x64) AppleWebKit/537.36 (KHTML, like Gecko) Chrome/69.0.3497.81 Safari/537.36"
59.42.126.32 - - [26/Sep/2019:10:47:06 +0800] "GET /static/ckeditor/ckeditor/skins/moono-lisa/dialog.css?t=I3I8 HTTP/1.1" 200 13570 "https://www.zymblog.top/blog/create_editor_blog/0?from=/" "Mozilla/5.0 (Windows NT 10.0; Win64; x64) AppleWebKit/537.36 (KHTML, like Gecko) Chrome/69.0.3497.81 Safari/537.36"
59.42.126.32 - - [26/Sep/2019:10:47:06 +0800] "GET /static/ckeditor/ckeditor/plugins/codesnippet/dialogs/codesnippet.js?t=I3I8 HTTP/1.1" 200 1179 "https://www.zymblog.top/blog/create_editor_blog/0?from=/" "Mozilla/5.0 (Windows NT 10.0; Win64; x64) AppleWebKit/537.36 (KHTML, like Gecko) Chrome/69.0.3497.81 Safari/537.36"
59.42.126.32 - - [26/Sep/2019:10:47:06 +0800] "GET /static/ckeditor/ckeditor/skins/moono-lisa/images/close.png HTTP/1.1" 200 615 "https://www.zymblog.top/static/ckeditor/ckeditor/skins/moono-lisa/dialog.css?t=I3I8" "Mozilla/5.0 (Windows NT 10.0; Win64; x64) AppleWebKit/537.36 (KHTML, like Gecko) Chrome/69.0.3497.81 Safari/537.36"
59.42.126.32 - - [26/Sep/2019:10:47:10 +0800] "GET /notifications/api/unread_list/?max=5 HTTP/1.1" 200 38 "https://www.zymblog.top/blog/create_editor_blog/0?from=/" "Mozilla/5.0 (Windows NT 10.0; Win64; x64) AppleWebKit/537.36 (KHTML, like Gecko) Chrome/69.0.3497.81 Safari/537.36"
59.42.126.32 - - [26/Sep/2019:10:47:11 +0800] "GET /static/ckeditor/ckeditor/plugins/widget/images/handle.png HTTP/1.1" 200 220 "https://www.zymblog.top/blog/create_editor_blog/0?from=/" "Mozilla/5.0 (Windows NT 10.0; Win64; x64) AppleWebKit/537.36 (KHTML, like Gecko) Chrome/69.0.3497.81 Safari/537.36"
59.42.126.32 - - [26/Sep/2019:10:47:26 +0800] "GET /notifications/api/unread_list/?max=5 HTTP/1.1" 200 38 "https://www.zymblog.top/blog/create_editor_blog/0?from=/" "Mozilla/5.0 (Windows NT 10.0; Win64; x64) AppleWebKit/537.36 (KHTML, like Gecko) Chrome/69.0.3497.81 Safari/537.36"
59.42.126.32 - - [26/Sep/2019:10:47:41 +0800] "GET /notifications/api/unread_list/?max=5 HTTP/1.1" 200 38 "https://www.zymblog.top/blog/create_editor_blog/0?from=/" "Mozilla/5.0 (Windows NT 10.0; Win64; x64) AppleWebKit/537.36 (KHTML, like Gecko) Chrome/69.0.3497.81 Safari/537.36"
59.42.126.32 - - [26/Sep/2019:10:47:56 +0800] "GET /notifications/api/unread_list/?max=5 HTTP/1.1" 200 38 "https://www.zymblog.top/blog/create_editor_blog/0?from=/" "Mozilla/5.0 (Windows NT 10.0; Win64; x64) AppleWebKit/537.36 (KHTML, like Gecko) Chrome/69.0.3497.81 Safari/537.36"
59.42.126.32 - - [26/Sep/2019:10:48:11 +0800] "GET /notifications/api/unread_list/?max=5 HTTP/1.1" 200 38 "https://www.zymblog.top/blog/create_editor_blog/0?from=/" "Mozilla/5.0 (Windows NT 10.0; Win64; x64) AppleWebKit/537.36 (KHTML, like Gecko) Chrome/69.0.3497.81 Safari/537.36"
59.42.126.32 - - [26/Sep/2019:10:48:20 +0800] "POST /blog/create_editor_blog/0 HTTP/1.1" 200 4023 "https://www.zymblog.top/blog/create_editor_blog/0?from=/" "Mozilla/5.0 (Windows NT 10.0; Win64; x64) AppleWebKit/537.36 (KHTML, like Gecko) Chrome/69.0.3497.81 Safari/537.36"
59.42.126.32 - - [26/Sep/2019:10:48:20 +0800] "GET /static/login_logout_error.css HTTP/1.1" 304 0 "https://www.zymblog.top/blog/create_editor_blog/0" "Mozilla/5.0 (Windows NT 10.0; Win64; x64) AppleWebKit/537.36 (KHTML, like Gecko) Chrome/69.0.3497.81 Safari/537.36"
59.42.126.32 - - [26/Sep/2019:10:48:22 +0800] "GET /notifications/api/unread_list/?max=5 HTTP/1.1" 200 38 "https://www.zymblog.top/blog/create_editor_blog/0" "Mozilla/5.0 (Windows NT 10.0; Win64; x64) AppleWebKit/537.36 (KHTML, like Gecko) Chrome/69.0.3497.81 Safari/537.36"
59.42.126.32 - - [26/Sep/2019:10:48:22 +0800] "GET /blog/123 HTTP/1.1" 200 12430 "https://www.zymblog.top/blog/create_editor_blog/0" "Mozilla/5.0 (Windows NT 10.0; Win64; x64) AppleWebKit/537.36 (KHTML, like Gecko) Chrome/69.0.3497.81 Safari/537.36"
59.42.126.32 - - [26/Sep/2019:10:48:23 +0800] "GET /notifications/api/unread_list/?max=5 HTTP/1.1" 200 38 "https://www.zymblog.top/blog/123" "Mozilla/5.0 (Windows NT 10.0; Win64; x64) AppleWebKit/537.36 (KHTML, like Gecko) Chrome/69.0.3497.81 Safari/537.36"
59.42.126.32 - - [26/Sep/2019:10:48:29 +0800] "GET /blog/create_editor_blog/123?from=/blog/123 HTTP/1.1" 200 9777 "https://www.zymblog.top/blog/123" "Mozilla/5.0 (Windows NT 10.0; Win64; x64) AppleWebKit/537.36 (KHTML, like Gecko) Chrome/69.0.3497.81 Safari/537.36"
59.42.126.32 - - [26/Sep/2019:10:48:30 +0800] "GET /blog/check_login_status?_=1569466134403 HTTP/1.1" 200 21 "https://www.zymblog.top/blog/create_editor_blog/123?from=/blog/123" "Mozilla/5.0 (Windows NT 10.0; Win64; x64) AppleWebKit/537.36 (KHTML, like Gecko) Chrome/69.0.3497.81 Safari/537.36"
59.42.126.32 - - [26/Sep/2019:10:48:31 +0800] "GET /notifications/api/unread_list/?max=5 HTTP/1.1" 200 38 "https://www.zymblog.top/blog/create_editor_blog/123?from=/blog/123" "Mozilla/5.0 (Windows NT 10.0; Win64; x64) AppleWebKit/537.36 (KHTML, like Gecko) Chrome/69.0.3497.81 Safari/537.36"
59.42.126.32 - - [26/Sep/2019:10:48:46 +0800] "GET /notifications/api/unread_list/?max=5 HTTP/1.1" 200 38 "https://www.zymblog.top/blog/create_editor_blog/123?from=/blog/123" "Mozilla/5.0 (Windows NT 10.0; Win64; x64) AppleWebKit/537.36 (KHTML, like Gecko) Chrome/69.0.3497.81 Safari/537.36"
59.42.126.32 - - [26/Sep/2019:10:49:01 +0800] "GET /notifications/api/unread_list/?max=5 HTTP/1.1" 200 38 "https://www.zymblog.top/blog/create_editor_blog/123?from=/blog/123" "Mozilla/5.0 (Windows NT 10.0; Win64; x64) AppleWebKit/537.36 (KHTML, like Gecko) Chrome/69.0.3497.81 Safari/537.36"
59.42.126.32 - - [26/Sep/2019:10:49:10 +0800] "POST /blog/create_editor_blog/123 HTTP/1.1" 200 4025 "https://www.zymblog.top/blog/create_editor_blog/123?from=/blog/123" "Mozilla/5.0 (Windows NT 10.0; Win64; x64) AppleWebKit/537.36 (KHTML, like Gecko) Chrome/69.0.3497.81 Safari/537.36"
59.42.126.32 - - [26/Sep/2019:10:49:11 +0800] "GET /notifications/api/unread_list/?max=5 HTTP/1.1" 200 38 "https://www.zymblog.top/blog/create_editor_blog/123" "Mozilla/5.0 (Windows NT 10.0; Win64; x64) AppleWebKit/537.36 (KHTML, like Gecko) Chrome/69.0.3497.81 Safari/537.36"
59.42.126.32 - - [26/Sep/2019:10:49:14 +0800] "GET /blog/123 HTTP/1.1" 200 12501 "https://www.zymblog.top/blog/create_editor_blog/123" "Mozilla/5.0 (Windows NT 10.0; Win64; x64) AppleWebKit/537.36 (KHTML, like Gecko) Chrome/69.0.3497.81 Safari/537.36"
59.42.126.32 - - [26/Sep/2019:10:49:15 +0800] "GET /notifications/api/unread_list/?max=5 HTTP/1.1" 200 38 "https://www.zymblog.top/blog/123" "Mozilla/5.0 (Windows NT 10.0; Win64; x64) AppleWebKit/537.36 (KHTML, like Gecko) Chrome/69.0.3497.81 Safari/537.36"
59.42.126.32 - - [26/Sep/2019:10:49:31 +0800] "GET /notifications/api/unread_list/?max=5 HTTP/1.1" 200 38 "https://www.zymblog.top/blog/123" "Mozilla/5.0 (Windows NT 10.0; Win64; x64) AppleWebKit/537.36 (KHTML, like Gecko) Chrome/69.0.3497.81 Safari/537.36"
59.42.126.32 - - [26/Sep/2019:10:49:45 +0800] "GET /notifications/api/unread_list/?max=5 HTTP/1.1" 200 38 "https://www.zymblog.top/blog/123" "Mozilla/5.0 (Windows NT 10.0; Win64; x64) AppleWebKit/537.36 (KHTML, like Gecko) Chrome/69.0.3497.81 Safari/537.36"
59.42.126.32 - - [26/Sep/2019:10:50:05 +0800] "GET /notifications/api/unread_list/?max=5 HTTP/1.1" 200 38 "https://www.zymblog.top/blog/123" "Mozilla/5.0 (Windows NT 10.0; Win64; x64) AppleWebKit/537.36 (KHTML, like Gecko) Chrome/69.0.3497.81 Safari/537.36"
59.42.126.32 - - [26/Sep/2019:10:50:21 +0800] "GET /notifications/api/unread_list/?max=5 HTTP/1.1" 200 38 "https://www.zymblog.top/blog/123" "Mozilla/5.0 (Windows NT 10.0; Win64; x64) AppleWebKit/537.36 (KHTML, like Gecko) Chrome/69.0.3497.81 Safari/537.36"
59.42.126.32 - - [26/Sep/2019:10:50:21 +0800] "GET / HTTP/1.1" 200 4929 "https://www.zymblog.top/blog/123" "Mozilla/5.0 (Windows NT 10.0; Win64; x64) AppleWebKit/537.36 (KHTML, like Gecko) Chrome/69.0.3497.81 Safari/537.36"
59.42.126.32 - - [26/Sep/2019:10:50:22 +0800] "GET /notifications/api/unread_list/?max=5 HTTP/1.1" 200 38 "https://www.zymblog.top/" "Mozilla/5.0 (Windows NT 10.0; Win64; x64) AppleWebKit/537.36 (KHTML, like Gecko) Chrome/69.0.3497.81 Safari/537.36"
219.128.144.222 - - [26/Sep/2019:10:50:31 +0800] "GET /blog/?page=1 HTTP/1.1" 200 6521 "-" "Mozilla/5.0 (Windows NT 6.1; WOW64) AppleWebKit/537.36 (KHTML, like Gecko) Chrome/41.0.2227.0 Safari/537.36"
59.42.126.32 - - [26/Sep/2019:10:50:38 +0800] "GET /notifications/api/unread_list/?max=5 HTTP/1.1" 200 38 "https://www.zymblog.top/" "Mozilla/5.0 (Windows NT 10.0; Win64; x64) AppleWebKit/537.36 (KHTML, like Gecko) Chrome/69.0.3497.81 Safari/537.36"
219.128.144.222 - - [26/Sep/2019:10:50:44 +0800] "GET /blog/123 HTTP/1.1" 200 11197 "https://www.zymblog.top/blog/?page=1" "Mozilla/5.0 (Windows NT 6.2) AppleWebKit/537.36 (KHTML, like Gecko) Chrome/28.0.1467.0 Safari/537.36"
59.42.126.32 - - [26/Sep/2019:10:50:52 +0800] "GET /blog/ HTTP/1.1" 200 6814 "https://www.zymblog.top/" "Mozilla/5.0 (Windows NT 10.0; Win64; x64) AppleWebKit/537.36 (KHTML, like Gecko) Chrome/69.0.3497.81 Safari/537.36"
219.128.144.222 - - [26/Sep/2019:10:50:53 +0800] "GET /blog/117 HTTP/1.1" 200 11617 "https://www.zymblog.top/blog/?page=1" "Mozilla/5.0 (Windows NT 6.2; Win64; x64; rv:16.0.1) Gecko/20121011 Firefox/21.0.1"
219.128.144.222 - - [26/Sep/2019:10:50:53 +0800] "GET /blog/122 HTTP/1.1" 200 11636 "https://www.zymblog.top/blog/?page=1" "Mozilla/5.0 (Windows NT 6.2; WOW64) AppleWebKit/537.14 (KHTML, like Gecko) Chrome/24.0.1292.0 Safari/537.14"
59.42.126.32 - - [26/Sep/2019:10:50:53 +0800] "GET /blog/123 HTTP/1.1" 200 12499 "https://www.zymblog.top/blog/" "Mozilla/5.0 (Windows NT 10.0; Win64; x64) AppleWebKit/537.36 (KHTML, like Gecko) Chrome/69.0.3497.81 Safari/537.36"
