59.42.126.32 - - [26/Sep/2019:10:50:53 +0800] "GET /notifications/api/unread_list/?max=5 HTTP/1.1" 200 38 "https://www.zymblog.top/blog/" "Mozilla/5.0 (Windows NT 10.0; Win64; x64) AppleWebKit/537.36 (KHTML, like Gecko) Chrome/69.0.3497.81 Safari/537.36"
219.128.144.222 - - [26/Sep/2019:10:50:54 +0800] "GET /blog/114 HTTP/1.1" 200 10575 "https://www.zymblog.top/blog/?page=1" "Mozilla/5.0 (Windows NT 5.1) AppleWebKit/537.36 (KHTML, like Gecko) Chrome/31.0.1650.16 Safari/537.36"
59.42.126.32 - - [26/Sep/2019:10:50:55 +0800] "GET /notifications/api/unread_list/?max=5 HTTP/1.1" 200 38 "https://www.zymblog.top/blog/123" "Mozilla/5.0 (Windows NT 10.0; Win64; x64) AppleWebKit/537.36 (KHTML, like Gecko) Chrome/69.0.3497.81 Safari/537.36"
59.42.126.32 - - [26/Sep/2019:10:50:57 +0800] "GET /blog/create_editor_blog/123?from=/blog/123 HTTP/1.1" 200 9844 "https://www.zymblog.top/blog/123" "Mozilla/5.0 (Windows NT 10.0; Win64; x64) AppleWebKit/537.36 (KHTML, like Gecko) Chrome/69.0.3497.81 Safari/537.36"
59.42.126.32 - - [26/Sep/2019:10:50:58 +0800] "GET /blog/check_login_status?_=1569466282424 HTTP/1.1" 200 21 "https://www.zymblog.top/blog/create_editor_blog/123?from=/blog/123" "Mozilla/5.0 (Windows NT 10.0; Win64; x64) AppleWebKit/537.36 (KHTML, like Gecko) Chrome/69.0.3497.81 Safari/537.36"
219.128.144.222 - - [26/Sep/2019:10:50:58 +0800] "GET /blog/?page=2 HTTP/1.1" 200 6601 "https://www.zymblog.top/blog/?page=1" "Mozilla/5.0 (Windows; U; Windows NT 6.1; en-US; rv:1.9.2.13) Gecko/20101213 Opera/9.80 (Windows NT 6.1; U; zh-tw) Presto/2.7.62 Version/11.01"
59.42.126.32 - - [26/Sep/2019:10:50:59 +0800] "GET /notifications/api/unread_list/?max=5 HTTP/1.1" 200 38 "https://www.zymblog.top/blog/create_editor_blog/123?from=/blog/123" "Mozilla/5.0 (Windows NT 10.0; Win64; x64) AppleWebKit/537.36 (KHTML, like Gecko) Chrome/69.0.3497.81 Safari/537.36"
59.42.126.32 - - [26/Sep/2019:10:51:07 +0800] "POST /blog/create_editor_blog/123 HTTP/1.1" 200 4025 "https://www.zymblog.top/blog/create_editor_blog/123?from=/blog/123" "Mozilla/5.0 (Windows NT 10.0; Win64; x64) AppleWebKit/537.36 (KHTML, like Gecko) Chrome/69.0.3497.81 Safari/537.36"
59.42.126.32 - - [26/Sep/2019:10:51:08 +0800] "GET /notifications/api/unread_list/?max=5 HTTP/1.1" 200 38 "https://www.zymblog.top/blog/create_editor_blog/123" "Mozilla/5.0 (Windows NT 10.0; Win64; x64) AppleWebKit/537.36 (KHTML, like Gecko) Chrome/69.0.3497.81 Safari/537.36"
59.42.126.32 - - [26/Sep/2019:10:51:10 +0800] "GET /blog/123 HTTP/1.1" 200 12508 "https://www.zymblog.top/blog/create_editor_blog/123" "Mozilla/5.0 (Windows NT 10.0; Win64; x64) AppleWebKit/537.36 (KHTML, like Gecko) Chrome/69.0.3497.81 Safari/537.36"
59.42.126.32 - - [26/Sep/2019:10:51:12 +0800] "GET /notifications/api/unread_list/?max=5 HTTP/1.1" 200 38 "https://www.zymblog.top/blog/123" "Mozilla/5.0 (Windows NT 10.0; Win64; x64) AppleWebKit/537.36 (KHTML, like Gecko) Chrome/69.0.3497.81 Safari/537.36"
219.128.144.222 - - [26/Sep/2019:10:51:14 +0800] "GET /blog/113 HTTP/1.1" 200 13457 "https://www.zymblog.top/blog/?page=2" "Mozilla/5.0 (Windows NT 5.1) AppleWebKit/537.36 (KHTML, like Gecko) Chrome/31.0.1650.16 Safari/537.36"
219.128.144.222 - - [26/Sep/2019:10:51:18 +0800] "GET /blog/112 HTTP/1.1" 200 13672 "https://www.zymblog.top/blog/?page=2" "Mozilla/5.0 (compatible; MSIE 7.0; Windows NT 5.0; Trident/4.0; FBSMTWB; .NET CLR 2.0.34861; .NET CLR 3.0.3746.3218; .NET CLR 3.5.33652; msn OptimizedIE8;ENUS)"
219.128.144.222 - - [26/Sep/2019:10:51:25 +0800] "GET /blog/111 HTTP/1.1" 200 10355 "https://www.zymblog.top/blog/?page=2" "Mozilla/5.0 (Macintosh; Intel Mac OS X 10_8_0) AppleWebKit/537.36 (KHTML, like Gecko) Chrome/32.0.1664.3 Safari/537.36"
59.42.126.32 - - [26/Sep/2019:10:51:27 +0800] "GET /notifications/api/unread_list/?max=5 HTTP/1.1" 200 38 "https://www.zymblog.top/blog/123" "Mozilla/5.0 (Windows NT 10.0; Win64; x64) AppleWebKit/537.36 (KHTML, like Gecko) Chrome/69.0.3497.81 Safari/537.36"
219.128.144.222 - - [26/Sep/2019:10:51:32 +0800] "GET /blog/110 HTTP/1.1" 200 12830 "https://www.zymblog.top/blog/?page=2" "Mozilla/5.0 (X11; CrOS i686 4319.74.0) AppleWebKit/537.36 (KHTML, like Gecko) Chrome/29.0.1547.57 Safari/537.36"
59.42.126.32 - - [26/Sep/2019:10:51:34 +0800] "GET /blog/create_editor_blog/0?from=/blog/123 HTTP/1.1" 200 5957 "https://www.zymblog.top/blog/123" "Mozilla/5.0 (Windows NT 10.0; Win64; x64) AppleWebKit/537.36 (KHTML, like Gecko) Chrome/69.0.3497.81 Safari/537.36"
59.42.126.32 - - [26/Sep/2019:10:51:34 +0800] "GET /blog/check_login_status?_=1569466318988 HTTP/1.1" 200 21 "https://www.zymblog.top/blog/create_editor_blog/0?from=/blog/123" "Mozilla/5.0 (Windows NT 10.0; Win64; x64) AppleWebKit/537.36 (KHTML, like Gecko) Chrome/69.0.3497.81 Safari/537.36"
59.42.126.32 - - [26/Sep/2019:10:51:35 +0800] "GET /notifications/api/unread_list/?max=5 HTTP/1.1" 200 38 "https://www.zymblog.top/blog/create_editor_blog/0?from=/blog/123" "Mozilla/5.0 (Windows NT 10.0; Win64; x64) AppleWebKit/537.36 (KHTML, like Gecko) Chrome/69.0.3497.81 Safari/537.36"
219.128.144.222 - - [26/Sep/2019:10:51:36 +0800] "GET /blog/108 HTTP/1.1" 200 8290 "https://www.zymblog.top/blog/?page=2" "Mozilla/5.0 (Windows NT 5.1) AppleWebKit/537.36 (KHTML, like Gecko) Chrome/35.0.2309.372 Safari/537.36"
219.128.144.222 - - [26/Sep/2019:10:51:36 +0800] "GET /blog/106 HTTP/1.1" 200 14636 "https://www.zymblog.top/blog/?page=2" "Mozilla/5.0 (Macintosh; Intel Mac OS X 10_10_1) AppleWebKit/537.36 (KHTML, like Gecko) Chrome/41.0.2227.1 Safari/537.36"
59.42.126.32 - - [26/Sep/2019:10:51:39 +0800] "GET /blog/check_title_exists?title=%E6%8E%92%E5%BA%8F%E4%B8%8E%E7%BB%9F%E8%AE%A1sort%E3%80%81uniq&_=1569466318989 HTTP/1.1" 200 21 "https://www.zymblog.top/blog/create_editor_blog/0?from=/blog/123" "Mozilla/5.0 (Windows NT 10.0; Win64; x64) AppleWebKit/537.36 (KHTML, like Gecko) Chrome/69.0.3497.81 Safari/537.36"
219.128.144.222 - - [26/Sep/2019:10:51:40 +0800] "GET /blog/107 HTTP/1.1" 200 20165 "https://www.zymblog.top/blog/?page=2" "Mozilla/5.0 (Macintosh; Intel Mac OS X 10_8_0) AppleWebKit/537.36 (KHTML, like Gecko) Chrome/32.0.1664.3 Safari/537.36"
219.128.144.222 - - [26/Sep/2019:10:51:43 +0800] "GET /blog/103 HTTP/1.1" 200 8548 "https://www.zymblog.top/blog/?page=2" "Mozilla/5.0 (Windows NT 6.3; Win64; x64) AppleWebKit/537.36 (KHTML, like Gecko) Chrome/37.0.2049.0 Safari/537.36"
219.128.144.222 - - [26/Sep/2019:10:51:45 +0800] "GET /blog/?page=3 HTTP/1.1" 200 6860 "https://www.zymblog.top/blog/?page=2" "Mozilla/5.0 (Macintosh; Intel Mac OS X 10_9_2) AppleWebKit/537.36 (KHTML, like Gecko) Chrome/36.0.1944.0 Safari/537.36"
59.42.126.32 - - [26/Sep/2019:10:51:51 +0800] "GET /notifications/api/unread_list/?max=5 HTTP/1.1" 200 38 "https://www.zymblog.top/blog/create_editor_blog/0?from=/blog/123" "Mozilla/5.0 (Windows NT 10.0; Win64; x64) AppleWebKit/537.36 (KHTML, like Gecko) Chrome/69.0.3497.81 Safari/537.36"
219.128.144.222 - - [26/Sep/2019:10:51:57 +0800] "GET /blog/99 HTTP/1.1" 200 8146 "https://www.zymblog.top/blog/?page=3" "Mozilla/5.0 (Macintosh; Intel Mac OS X 10_9_3) AppleWebKit/537.36 (KHTML, like Gecko) Chrome/35.0.1916.47 Safari/537.36"
219.128.144.222 - - [26/Sep/2019:10:52:00 +0800] "GET /blog/98 HTTP/1.1" 200 8038 "https://www.zymblog.top/blog/?page=3" "Mozilla/5.0 (Windows NT 6.2; Win64; x64) AppleWebKit/537.36 (KHTML, like Gecko) Chrome/32.0.1667.0 Safari/537.36"
59.42.126.32 - - [26/Sep/2019:10:52:06 +0800] "GET /notifications/api/unread_list/?max=5 HTTP/1.1" 200 38 "https://www.zymblog.top/blog/create_editor_blog/0?from=/blog/123" "Mozilla/5.0 (Windows NT 10.0; Win64; x64) AppleWebKit/537.36 (KHTML, like Gecko) Chrome/69.0.3497.81 Safari/537.36"
219.128.144.222 - - [26/Sep/2019:10:52:11 +0800] "GET /blog/97 HTTP/1.1" 200 12127 "https://www.zymblog.top/blog/?page=3" "Mozilla/5.0 (Windows NT 6.3; Win64; x64) AppleWebKit/537.36 (KHTML, like Gecko) Chrome/37.0.2049.0 Safari/537.36"
219.128.144.222 - - [26/Sep/2019:10:52:11 +0800] "GET /blog/93 HTTP/1.1" 200 14293 "https://www.zymblog.top/blog/?page=3" "Mozilla/5.0 (Macintosh; Intel Mac OS X 10_8_2) AppleWebKit/537.17 (KHTML, like Gecko) Chrome/24.0.1309.0 Safari/537.17"
219.128.144.222 - - [26/Sep/2019:10:52:15 +0800] "GET /blog/91 HTTP/1.1" 200 7812 "https://www.zymblog.top/blog/?page=3" "Mozilla/5.0 (Windows NT 6.1) AppleWebKit/537.36 (KHTML, like Gecko) Chrome/41.0.2228.0 Safari/537.36"
219.128.144.222 - - [26/Sep/2019:10:52:20 +0800] "GET /blog/?page=4 HTTP/1.1" 200 6563 "https://www.zymblog.top/blog/?page=3" "Mozilla/5.0 (Windows NT 10.0) AppleWebKit/537.36 (KHTML, like Gecko) Chrome/40.0.2214.93 Safari/537.36"
59.42.126.32 - - [26/Sep/2019:10:52:21 +0800] "GET /notifications/api/unread_list/?max=5 HTTP/1.1" 200 38 "https://www.zymblog.top/blog/create_editor_blog/0?from=/blog/123" "Mozilla/5.0 (Windows NT 10.0; Win64; x64) AppleWebKit/537.36 (KHTML, like Gecko) Chrome/69.0.3497.81 Safari/537.36"
219.128.144.222 - - [26/Sep/2019:10:52:30 +0800] "GET /blog/88 HTTP/1.1" 200 13013 "https://www.zymblog.top/blog/?page=4" "Mozilla/5.0 (Windows NT 6.2) AppleWebKit/537.36 (KHTML, like Gecko) Chrome/28.0.1467.0 Safari/537.36"
219.128.144.222 - - [26/Sep/2019:10:52:33 +0800] "GET /blog/87 HTTP/1.1" 200 10193 "https://www.zymblog.top/blog/?page=4" "Mozilla/5.0 (Windows NT 5.1) AppleWebKit/537.36 (KHTML, like Gecko) Chrome/34.0.1866.237 Safari/537.36"
59.42.126.32 - - [26/Sep/2019:10:52:36 +0800] "GET /notifications/api/unread_list/?max=5 HTTP/1.1" 200 38 "https://www.zymblog.top/blog/create_editor_blog/0?from=/blog/123" "Mozilla/5.0 (Windows NT 10.0; Win64; x64) AppleWebKit/537.36 (KHTML, like Gecko) Chrome/69.0.3497.81 Safari/537.36"
219.128.144.222 - - [26/Sep/2019:10:52:47 +0800] "GET /blog/83 HTTP/1.1" 200 7868 "https://www.zymblog.top/blog/?page=4" "Mozilla/5.0 (Macintosh; Intel Mac OS X 10_9_3) AppleWebKit/537.36 (KHTML, like Gecko) Chrome/35.0.1916.47 Safari/537.36"
219.128.144.222 - - [26/Sep/2019:10:52:47 +0800] "GET /blog/84 HTTP/1.1" 200 11096 "https://www.zymblog.top/blog/?page=4" "Mozilla/5.0 (X11; Linux x86_64) AppleWebKit/537.36 (KHTML, like Gecko) Chrome/33.0.1750.517 Safari/537.36"
219.128.144.222 - - [26/Sep/2019:10:52:50 +0800] "GET /blog/81 HTTP/1.1" 200 9440 "https://www.zymblog.top/blog/?page=4" "Mozilla/5.0 (Windows NT 6.2; Win64; x64) AppleWebKit/537.36 (KHTML, like Gecko) Chrome/32.0.1667.0 Safari/537.36"
59.42.126.32 - - [26/Sep/2019:10:52:51 +0800] "GET /notifications/api/unread_list/?max=5 HTTP/1.1" 200 38 "https://www.zymblog.top/blog/create_editor_blog/0?from=/blog/123" "Mozilla/5.0 (Windows NT 10.0; Win64; x64) AppleWebKit/537.36 (KHTML, like Gecko) Chrome/69.0.3497.81 Safari/537.36"
219.128.144.222 - - [26/Sep/2019:10:52:54 +0800] "GET /blog/?page=5 HTTP/1.1" 200 6552 "https://www.zymblog.top/blog/?page=4" "Mozilla/5.0 (Windows NT 6.2; WOW64) AppleWebKit/537.14 (KHTML, like Gecko) Chrome/24.0.1292.0 Safari/537.14"
219.128.144.222 - - [26/Sep/2019:10:53:02 +0800] "GET /blog/78 HTTP/1.1" 200 10316 "https://www.zymblog.top/blog/?page=5" "Mozilla/5.0 (Windows NT 5.1) AppleWebKit/537.36 (KHTML, like Gecko) Chrome/34.0.1866.237 Safari/537.36"
59.42.126.32 - - [26/Sep/2019:10:53:05 +0800] "GET /notifications/api/unread_list/?max=5 HTTP/1.1" 200 38 "https://www.zymblog.top/blog/create_editor_blog/0?from=/blog/123" "Mozilla/5.0 (Windows NT 10.0; Win64; x64) AppleWebKit/537.36 (KHTML, like Gecko) Chrome/69.0.3497.81 Safari/537.36"
219.128.144.222 - - [26/Sep/2019:10:53:07 +0800] "GET /blog/72 HTTP/1.1" 200 9231 "https://www.zymblog.top/blog/?page=5" "Mozilla/5.0 (Windows NT 6.1) AppleWebKit/537.36 (KHTML, like Gecko) Chrome/27.0.1453.90 Safari/537.36"
219.128.144.222 - - [26/Sep/2019:10:53:11 +0800] "GET /blog/73 HTTP/1.1" 200 7722 "https://www.zymblog.top/blog/?page=5" "Mozilla/5.0 (Windows NT 6.1) AppleWebKit/537.36 (KHTML, like Gecko) Chrome/27.0.1453.90 Safari/537.36"
219.128.144.222 - - [26/Sep/2019:10:53:16 +0800] "GET /blog/?page=6 HTTP/1.1" 200 6408 "https://www.zymblog.top/blog/?page=5" "Mozilla/5.0 (X11; Linux x86_64) AppleWebKit/537.36 (KHTML, like Gecko) Chrome/41.0.2227.0 Safari/537.36"
14.246.88.71 - - [26/Sep/2019:10:53:18 +0800] "GET / HTTP/1.0" 302 170 "-" "-"
219.128.144.222 - - [26/Sep/2019:10:53:24 +0800] "GET /blog/63 HTTP/1.1" 200 8690 "https://www.zymblog.top/blog/?page=6" "Mozilla/5.0 (Windows NT 6.1; WOW64) AppleWebKit/537.36 (KHTML, like Gecko) Chrome/29.0.1547.62 Safari/537.36"
59.42.126.32 - - [26/Sep/2019:10:53:24 +0800] "GET /notifications/api/unread_list/?max=5 HTTP/1.1" 200 38 "https://www.zymblog.top/blog/create_editor_blog/0?from=/blog/123" "Mozilla/5.0 (Windows NT 10.0; Win64; x64) AppleWebKit/537.36 (KHTML, like Gecko) Chrome/69.0.3497.81 Safari/537.36"
219.128.144.222 - - [26/Sep/2019:10:53:27 +0800] "GET /blog/60 HTTP/1.1" 200 11272 "https://www.zymblog.top/blog/?page=6" "Mozilla/5.0 (Windows NT 6.2) AppleWebKit/537.36 (KHTML, like Gecko) Chrome/28.0.1464.0 Safari/537.36"
219.128.144.222 - - [26/Sep/2019:10:53:32 +0800] "GET /blog/62 HTTP/1.1" 200 11187 "https://www.zymblog.top/blog/?page=6" "Mozilla/5.0 (X11; Linux x86_64) AppleWebKit/537.36 (KHTML, like Gecko) Chrome/41.0.2227.0 Safari/537.36"
219.128.144.222 - - [26/Sep/2019:10:53:34 +0800] "GET /blog/58 HTTP/1.1" 200 10707 "https://www.zymblog.top/blog/?page=6" "Mozilla/5.0 (Windows NT 6.1; WOW64) AppleWebKit/537.36 (KHTML, like Gecko) Chrome/29.0.1547.62 Safari/537.36"
59.42.126.32 - - [26/Sep/2019:10:53:36 +0800] "GET /notifications/api/unread_list/?max=5 HTTP/1.1" 200 38 "https://www.zymblog.top/blog/create_editor_blog/0?from=/blog/123" "Mozilla/5.0 (Windows NT 10.0; Win64; x64) AppleWebKit/537.36 (KHTML, like Gecko) Chrome/69.0.3497.81 Safari/537.36"
219.128.144.222 - - [26/Sep/2019:10:53:36 +0800] "GET /blog/?page=7 HTTP/1.1" 200 6474 "https://www.zymblog.top/blog/?page=6" "Mozilla/5.0 (Macintosh; Intel Mac OS X 10_8_0) AppleWebKit/537.36 (KHTML, like Gecko) Chrome/32.0.1664.3 Safari/537.36"
219.128.144.222 - - [26/Sep/2019:10:53:47 +0800] "GET /blog/55 HTTP/1.1" 200 20081 "https://www.zymblog.top/blog/?page=7" "Mozilla/5.0 (Windows; U; MSIE 9.0; WIndows NT 9.0; en-US))"
59.42.126.32 - - [26/Sep/2019:10:53:51 +0800] "GET /notifications/api/unread_list/?max=5 HTTP/1.1" 200 38 "https://www.zymblog.top/blog/create_editor_blog/0?from=/blog/123" "Mozilla/5.0 (Windows NT 10.0; Win64; x64) AppleWebKit/537.36 (KHTML, like Gecko) Chrome/69.0.3497.81 Safari/537.36"
219.128.144.222 - - [26/Sep/2019:10:53:55 +0800] "GET /blog/54 HTTP/1.1" 200 12939 "https://www.zymblog.top/blog/?page=7" "Mozilla/5.0 (Windows NT 5.1) AppleWebKit/537.36 (KHTML, like Gecko) Chrome/35.0.2117.157 Safari/537.36"
219.128.144.222 - - [26/Sep/2019:10:54:02 +0800] "GET /blog/48 HTTP/1.1" 200 9233 "https://www.zymblog.top/blog/?page=7" "Mozilla/5.0 (Windows NT 6.1) AppleWebKit/537.36 (KHTML, like Gecko) Chrome/41.0.2228.0 Safari/537.36"
219.128.144.222 - - [26/Sep/2019:10:54:02 +0800] "GET /blog/47 HTTP/1.1" 200 8193 "https://www.zymblog.top/blog/?page=7" "Mozilla/5.0 (Windows NT 6.1) AppleWebKit/537.36 (KHTML, like Gecko) Chrome/27.0.1453.93 Safari/537.36"
219.128.144.222 - - [26/Sep/2019:10:54:06 +0800] "GET /blog/46 HTTP/1.1" 200 12063 "https://www.zymblog.top/blog/?page=7" "Mozilla/5.0 (Windows NT 6.1; WOW64; rv:31.0) Gecko/20130401 Firefox/31.0"
59.42.126.32 - - [26/Sep/2019:10:54:06 +0800] "GET /notifications/api/unread_list/?max=5 HTTP/1.1" 200 38 "https://www.zymblog.top/blog/create_editor_blog/0?from=/blog/123" "Mozilla/5.0 (Windows NT 10.0; Win64; x64) AppleWebKit/537.36 (KHTML, like Gecko) Chrome/69.0.3497.81 Safari/537.36"
219.128.144.222 - - [26/Sep/2019:10:54:08 +0800] "GET /blog/?page=8 HTTP/1.1" 200 4917 "https://www.zymblog.top/blog/?page=7" "Mozilla/5.0 (Windows NT 6.1; WOW64; rv:21.0) Gecko/20130331 Firefox/21.0"
59.42.126.32 - - [26/Sep/2019:10:54:21 +0800] "GET /notifications/api/unread_list/?max=5 HTTP/1.1" 200 38 "https://www.zymblog.top/blog/create_editor_blog/0?from=/blog/123" "Mozilla/5.0 (Windows NT 10.0; Win64; x64) AppleWebKit/537.36 (KHTML, like Gecko) Chrome/69.0.3497.81 Safari/537.36"
59.42.126.32 - - [26/Sep/2019:10:54:22 +0800] "POST /blog/create_editor_blog/0 HTTP/1.1" 200 4022 "https://www.zymblog.top/blog/create_editor_blog/0?from=/blog/123" "Mozilla/5.0 (Windows NT 10.0; Win64; x64) AppleWebKit/537.36 (KHTML, like Gecko) Chrome/69.0.3497.81 Safari/537.36"
59.42.126.32 - - [26/Sep/2019:10:54:24 +0800] "GET /notifications/api/unread_list/?max=5 HTTP/1.1" 200 38 "https://www.zymblog.top/blog/create_editor_blog/0" "Mozilla/5.0 (Windows NT 10.0; Win64; x64) AppleWebKit/537.36 (KHTML, like Gecko) Chrome/69.0.3497.81 Safari/537.36"
59.42.126.32 - - [26/Sep/2019:10:54:25 +0800] "GET /blog/124 HTTP/1.1" 200 14060 "https://www.zymblog.top/blog/create_editor_blog/0" "Mozilla/5.0 (Windows NT 10.0; Win64; x64) AppleWebKit/537.36 (KHTML, like Gecko) Chrome/69.0.3497.81 Safari/537.36"
59.42.126.32 - - [26/Sep/2019:10:54:27 +0800] "GET /notifications/api/unread_list/?max=5 HTTP/1.1" 200 38 "https://www.zymblog.top/blog/124" "Mozilla/5.0 (Windows NT 10.0; Win64; x64) AppleWebKit/537.36 (KHTML, like Gecko) Chrome/69.0.3497.81 Safari/537.36"
59.42.126.32 - - [26/Sep/2019:10:54:42 +0800] "GET /notifications/api/unread_list/?max=5 HTTP/1.1" 200 38 "https://www.zymblog.top/blog/124" "Mozilla/5.0 (Windows NT 10.0; Win64; x64) AppleWebKit/537.36 (KHTML, like Gecko) Chrome/69.0.3497.81 Safari/537.36"
59.42.126.32 - - [26/Sep/2019:10:54:52 +0800] "GET / HTTP/1.1" 200 4906 "https://www.zymblog.top/blog/124" "Mozilla/5.0 (Windows NT 10.0; Win64; x64) AppleWebKit/537.36 (KHTML, like Gecko) Chrome/69.0.3497.81 Safari/537.36"
59.42.126.32 - - [26/Sep/2019:10:54:54 +0800] "GET /notifications/api/unread_list/?max=5 HTTP/1.1" 200 38 "https://www.zymblog.top/" "Mozilla/5.0 (Windows NT 10.0; Win64; x64) AppleWebKit/537.36 (KHTML, like Gecko) Chrome/69.0.3497.81 Safari/537.36"
59.42.126.32 - - [26/Sep/2019:10:55:09 +0800] "GET /notifications/api/unread_list/?max=5 HTTP/1.1" 200 38 "https://www.zymblog.top/" "Mozilla/5.0 (Windows NT 10.0; Win64; x64) AppleWebKit/537.36 (KHTML, like Gecko) Chrome/69.0.3497.81 Safari/537.36"
59.42.126.32 - - [26/Sep/2019:10:55:24 +0800] "GET /notifications/api/unread_list/?max=5 HTTP/1.1" 200 38 "https://www.zymblog.top/" "Mozilla/5.0 (Windows NT 10.0; Win64; x64) AppleWebKit/537.36 (KHTML, like Gecko) Chrome/69.0.3497.81 Safari/537.36"
59.42.126.32 - - [26/Sep/2019:10:55:30 +0800] "GET / HTTP/1.1" 200 4905 "https://www.zymblog.top/blog/124" "Mozilla/5.0 (Windows NT 10.0; Win64; x64) AppleWebKit/537.36 (KHTML, like Gecko) Chrome/69.0.3497.81 Safari/537.36"
59.42.126.32 - - [26/Sep/2019:10:55:31 +0800] "GET /favicon.ico HTTP/1.1" 200 4286 "https://www.zymblog.top/" "Mozilla/5.0 (Windows NT 10.0; Win64; x64) AppleWebKit/537.36 (KHTML, like Gecko) Chrome/69.0.3497.81 Safari/537.36"
59.42.126.32 - - [26/Sep/2019:10:55:32 +0800] "GET /notifications/api/unread_list/?max=5 HTTP/1.1" 200 38 "https://www.zymblog.top/" "Mozilla/5.0 (Windows NT 10.0; Win64; x64) AppleWebKit/537.36 (KHTML, like Gecko) Chrome/69.0.3497.81 Safari/537.36"
59.42.126.32 - - [26/Sep/2019:10:55:34 +0800] "GET /blog/ HTTP/1.1" 200 6871 "https://www.zymblog.top/" "Mozilla/5.0 (Windows NT 10.0; Win64; x64) AppleWebKit/537.36 (KHTML, like Gecko) Chrome/69.0.3497.81 Safari/537.36"
59.42.126.32 - - [26/Sep/2019:10:55:36 +0800] "GET /notifications/api/unread_list/?max=5 HTTP/1.1" 200 38 "https://www.zymblog.top/blog/" "Mozilla/5.0 (Windows NT 10.0; Win64; x64) AppleWebKit/537.36 (KHTML, like Gecko) Chrome/69.0.3497.81 Safari/537.36"
59.42.126.32 - - [26/Sep/2019:10:55:51 +0800] "GET /notifications/api/unread_list/?max=5 HTTP/1.1" 200 38 "https://www.zymblog.top/blog/" "Mozilla/5.0 (Windows NT 10.0; Win64; x64) AppleWebKit/537.36 (KHTML, like Gecko) Chrome/69.0.3497.81 Safari/537.36"
59.42.126.32 - - [26/Sep/2019:10:56:07 +0800] "GET /notifications/api/unread_list/?max=5 HTTP/1.1" 200 38 "https://www.zymblog.top/blog/" "Mozilla/5.0 (Windows NT 10.0; Win64; x64) AppleWebKit/537.36 (KHTML, like Gecko) Chrome/69.0.3497.81 Safari/537.36"
59.42.126.32 - - [26/Sep/2019:10:56:08 +0800] "GET / HTTP/1.1" 302 170 "-" "Mozilla/5.0 (Windows NT 10.0; Win64; x64) AppleWebKit/537.36 (KHTML, like Gecko) Chrome/69.0.3497.81 Safari/537.36"
59.42.126.32 - - [26/Sep/2019:10:56:09 +0800] "GET / HTTP/1.1" 200 4615 "-" "Mozilla/5.0 (Windows NT 10.0; Win64; x64) AppleWebKit/537.36 (KHTML, like Gecko) Chrome/69.0.3497.81 Safari/537.36"
59.42.126.32 - - [26/Sep/2019:10:56:09 +0800] "GET /static/bootstrap-3.3.7/css/bootstrap.min.css HTTP/1.1" 200 121200 "https://www.zymblog.top/" "Mozilla/5.0 (Windows NT 10.0; Win64; x64) AppleWebKit/537.36 (KHTML, like Gecko) Chrome/69.0.3497.81 Safari/537.36"
59.42.126.32 - - [26/Sep/2019:10:56:09 +0800] "GET /static/base.css HTTP/1.1" 200 1151 "https://www.zymblog.top/" "Mozilla/5.0 (Windows NT 10.0; Win64; x64) AppleWebKit/537.36 (KHTML, like Gecko) Chrome/69.0.3497.81 Safari/537.36"
59.42.126.32 - - [26/Sep/2019:10:56:09 +0800] "GET /static/prism.css HTTP/1.1" 200 5132 "https://www.zymblog.top/" "Mozilla/5.0 (Windows NT 10.0; Win64; x64) AppleWebKit/537.36 (KHTML, like Gecko) Chrome/69.0.3497.81 Safari/537.36"
59.42.126.32 - - [26/Sep/2019:10:56:09 +0800] "GET /static/home.css HTTP/1.1" 200 270 "https://www.zymblog.top/" "Mozilla/5.0 (Windows NT 10.0; Win64; x64) AppleWebKit/537.36 (KHTML, like Gecko) Chrome/69.0.3497.81 Safari/537.36"
59.42.126.32 - - [26/Sep/2019:10:56:09 +0800] "GET /static/jquery_1.12.4.min.js HTTP/1.1" 200 97163 "https://www.zymblog.top/" "Mozilla/5.0 (Windows NT 10.0; Win64; x64) AppleWebKit/537.36 (KHTML, like Gecko) Chrome/69.0.3497.81 Safari/537.36"
59.42.126.32 - - [26/Sep/2019:10:56:09 +0800] "GET /static/jquery.cookie.js HTTP/1.1" 200 3121 "https://www.zymblog.top/" "Mozilla/5.0 (Windows NT 10.0; Win64; x64) AppleWebKit/537.36 (KHTML, like Gecko) Chrome/69.0.3497.81 Safari/537.36"
59.42.126.32 - - [26/Sep/2019:10:56:09 +0800] "GET /static/bootstrap-3.3.7/js/bootstrap.min.js HTTP/1.1" 200 37045 "https://www.zymblog.top/" "Mozilla/5.0 (Windows NT 10.0; Win64; x64) AppleWebKit/537.36 (KHTML, like Gecko) Chrome/69.0.3497.81 Safari/537.36"
59.42.126.32 - - [26/Sep/2019:10:56:09 +0800] "GET /static/notifications/notify.js HTTP/1.1" 200 2548 "https://www.zymblog.top/" "Mozilla/5.0 (Windows NT 10.0; Win64; x64) AppleWebKit/537.36 (KHTML, like Gecko) Chrome/69.0.3497.81 Safari/537.36"
59.42.126.32 - - [26/Sep/2019:10:56:10 +0800] "GET /static/prism/lib/prism/prism_patched.min.js HTTP/1.1" 200 99483 "https://www.zymblog.top/" "Mozilla/5.0 (Windows NT 10.0; Win64; x64) AppleWebKit/537.36 (KHTML, like Gecko) Chrome/69.0.3497.81 Safari/537.36"
59.42.126.32 - - [26/Sep/2019:10:56:10 +0800] "GET /static/bootstrap-3.3.7/fonts/glyphicons-halflings-regular.woff2 HTTP/1.1" 200 18028 "https://www.zymblog.top/static/bootstrap-3.3.7/css/bootstrap.min.css" "Mozilla/5.0 (Windows NT 10.0; Win64; x64) AppleWebKit/537.36 (KHTML, like Gecko) Chrome/69.0.3497.81 Safari/537.36"
59.42.126.32 - - [26/Sep/2019:10:56:11 +0800] "GET /notifications/api/unread_list/?max=5 HTTP/1.1" 200 38 "https://www.zymblog.top/" "Mozilla/5.0 (Windows NT 10.0; Win64; x64) AppleWebKit/537.36 (KHTML, like Gecko) Chrome/69.0.3497.81 Safari/537.36"
59.42.126.32 - - [26/Sep/2019:10:56:17 +0800] "GET /blog/ HTTP/1.1" 200 6569 "https://www.zymblog.top/" "Mozilla/5.0 (Windows NT 10.0; Win64; x64) AppleWebKit/537.36 (KHTML, like Gecko) Chrome/69.0.3497.81 Safari/537.36"
59.42.126.32 - - [26/Sep/2019:10:56:17 +0800] "GET /static/blog.css HTTP/1.1" 200 391 "https://www.zymblog.top/blog/" "Mozilla/5.0 (Windows NT 10.0; Win64; x64) AppleWebKit/537.36 (KHTML, like Gecko) Chrome/69.0.3497.81 Safari/537.36"
59.42.126.32 - - [26/Sep/2019:10:56:18 +0800] "GET /notifications/api/unread_list/?max=5 HTTP/1.1" 200 38 "https://www.zymblog.top/blog/" "Mozilla/5.0 (Windows NT 10.0; Win64; x64) AppleWebKit/537.36 (KHTML, like Gecko) Chrome/69.0.3497.81 Safari/537.36"
59.42.126.32 - - [26/Sep/2019:10:56:18 +0800] "GET /blog/124 HTTP/1.1" 200 12747 "https://www.zymblog.top/blog/" "Mozilla/5.0 (Windows NT 10.0; Win64; x64) AppleWebKit/537.36 (KHTML, like Gecko) Chrome/69.0.3497.81 Safari/537.36"
59.42.126.32 - - [26/Sep/2019:10:56:18 +0800] "GET /static/blog_detail.css HTTP/1.1" 200 2171 "https://www.zymblog.top/blog/124" "Mozilla/5.0 (Windows NT 10.0; Win64; x64) AppleWebKit/537.36 (KHTML, like Gecko) Chrome/69.0.3497.81 Safari/537.36"
59.42.126.32 - - [26/Sep/2019:10:56:18 +0800] "GET /static/googlecode.css HTTP/1.1" 200 1053 "https://www.zymblog.top/blog/124" "Mozilla/5.0 (Windows NT 10.0; Win64; x64) AppleWebKit/537.36 (KHTML, like Gecko) Chrome/69.0.3497.81 Safari/537.36"
59.42.126.32 - - [26/Sep/2019:10:56:18 +0800] "GET /static/highlight.pack.js HTTP/1.1" 200 30178 "https://www.zymblog.top/blog/124" "Mozilla/5.0 (Windows NT 10.0; Win64; x64) AppleWebKit/537.36 (KHTML, like Gecko) Chrome/69.0.3497.81 Safari/537.36"
59.42.126.32 - - [26/Sep/2019:10:56:18 +0800] "GET /static/ckeditor/ckeditor-init.js HTTP/1.1" 200 2039 "https://www.zymblog.top/blog/124" "Mozilla/5.0 (Windows NT 10.0; Win64; x64) AppleWebKit/537.36 (KHTML, like Gecko) Chrome/69.0.3497.81 Safari/537.36"
59.42.126.32 - - [26/Sep/2019:10:56:18 +0800] "GET /static/ckeditor/ckeditor/ckeditor.js HTTP/1.1" 200 690627 "https://www.zymblog.top/blog/124" "Mozilla/5.0 (Windows NT 10.0; Win64; x64) AppleWebKit/537.36 (KHTML, like Gecko) Chrome/69.0.3497.81 Safari/537.36"
59.42.126.32 - - [26/Sep/2019:10:56:19 +0800] "GET /notifications/api/unread_list/?max=5 HTTP/1.1" 200 38 "https://www.zymblog.top/blog/124" "Mozilla/5.0 (Windows NT 10.0; Win64; x64) AppleWebKit/537.36 (KHTML, like Gecko) Chrome/69.0.3497.81 Safari/537.36"
59.42.126.32 - - [26/Sep/2019:10:56:21 +0800] "GET /blog/ HTTP/1.1" 200 6577 "https://www.zymblog.top/" "Mozilla/5.0 (Windows NT 10.0; Win64; x64) AppleWebKit/537.36 (KHTML, like Gecko) Chrome/69.0.3497.81 Safari/537.36"
59.42.126.32 - - [26/Sep/2019:10:56:22 +0800] "GET /notifications/api/unread_list/?max=5 HTTP/1.1" 200 38 "https://www.zymblog.top/blog/" "Mozilla/5.0 (Windows NT 10.0; Win64; x64) AppleWebKit/537.36 (KHTML, like Gecko) Chrome/69.0.3497.81 Safari/537.36"
59.42.126.32 - - [26/Sep/2019:10:56:22 +0800] "GET /notifications/api/unread_list/?max=5 HTTP/1.1" 200 38 "https://www.zymblog.top/blog/" "Mozilla/5.0 (Windows NT 10.0; Win64; x64) AppleWebKit/537.36 (KHTML, like Gecko) Chrome/69.0.3497.81 Safari/537.36"
59.42.126.32 - - [26/Sep/2019:10:56:22 +0800] "GET /blog/123 HTTP/1.1" 200 11232 "https://www.zymblog.top/blog/" "Mozilla/5.0 (Windows NT 10.0; Win64; x64) AppleWebKit/537.36 (KHTML, like Gecko) Chrome/69.0.3497.81 Safari/537.36"
59.42.126.32 - - [26/Sep/2019:10:56:24 +0800] "GET /blog/ HTTP/1.1" 200 6571 "https://www.zymblog.top/" "Mozilla/5.0 (Windows NT 10.0; Win64; x64) AppleWebKit/537.36 (KHTML, like Gecko) Chrome/69.0.3497.81 Safari/537.36"
59.42.126.32 - - [26/Sep/2019:10:56:25 +0800] "GET /notifications/api/unread_list/?max=5 HTTP/1.1" 200 38 "https://www.zymblog.top/blog/" "Mozilla/5.0 (Windows NT 10.0; Win64; x64) AppleWebKit/537.36 (KHTML, like Gecko) Chrome/69.0.3497.81 Safari/537.36"
59.42.126.32 - - [26/Sep/2019:10:56:26 +0800] "GET /blog/122 HTTP/1.1" 200 11655 "https://www.zymblog.top/blog/" "Mozilla/5.0 (Windows NT 10.0; Win64; x64) AppleWebKit/537.36 (KHTML, like Gecko) Chrome/69.0.3497.81 Safari/537.36"
59.42.126.32 - - [26/Sep/2019:10:56:27 +0800] "GET /notifications/api/unread_list/?max=5 HTTP/1.1" 200 38 "https://www.zymblog.top/blog/122" "Mozilla/5.0 (Windows NT 10.0; Win64; x64) AppleWebKit/537.36 (KHTML, like Gecko) Chrome/69.0.3497.81 Safari/537.36"
59.42.126.32 - - [26/Sep/2019:10:56:27 +0800] "GET /blog/ HTTP/1.1" 200 6572 "https://www.zymblog.top/" "Mozilla/5.0 (Windows NT 10.0; Win64; x64) AppleWebKit/537.36 (KHTML, like Gecko) Chrome/69.0.3497.81 Safari/537.36"
59.42.126.32 - - [26/Sep/2019:10:56:28 +0800] "GET /notifications/api/unread_list/?max=5 HTTP/1.1" 200 38 "https://www.zymblog.top/blog/" "Mozilla/5.0 (Windows NT 10.0; Win64; x64) AppleWebKit/537.36 (KHTML, like Gecko) Chrome/69.0.3497.81 Safari/537.36"
59.42.126.32 - - [26/Sep/2019:10:56:29 +0800] "GET /blog/121 HTTP/1.1" 200 12995 "https://www.zymblog.top/blog/" "Mozilla/5.0 (Windows NT 10.0; Win64; x64) AppleWebKit/537.36 (KHTML, like Gecko) Chrome/69.0.3497.81 Safari/537.36"
59.42.126.32 - - [26/Sep/2019:10:56:30 +0800] "GET /notifications/api/unread_list/?max=5 HTTP/1.1" 200 38 "https://www.zymblog.top/blog/121" "Mozilla/5.0 (Windows NT 10.0; Win64; x64) AppleWebKit/537.36 (KHTML, like Gecko) Chrome/69.0.3497.81 Safari/537.36"
59.42.126.32 - - [26/Sep/2019:10:56:30 +0800] "GET /blog/ HTTP/1.1" 200 6582 "https://www.zymblog.top/" "Mozilla/5.0 (Windows NT 10.0; Win64; x64) AppleWebKit/537.36 (KHTML, like Gecko) Chrome/69.0.3497.81 Safari/537.36"
59.42.126.32 - - [26/Sep/2019:10:56:31 +0800] "GET /notifications/api/unread_list/?max=5 HTTP/1.1" 200 38 "https://www.zymblog.top/blog/" "Mozilla/5.0 (Windows NT 10.0; Win64; x64) AppleWebKit/537.36 (KHTML, like Gecko) Chrome/69.0.3497.81 Safari/537.36"
59.42.126.32 - - [26/Sep/2019:10:56:32 +0800] "GET /blog/120 HTTP/1.1" 200 8873 "https://www.zymblog.top/blog/" "Mozilla/5.0 (Windows NT 10.0; Win64; x64) AppleWebKit/537.36 (KHTML, like Gecko) Chrome/69.0.3497.81 Safari/537.36"
59.42.126.32 - - [26/Sep/2019:10:56:34 +0800] "GET /notifications/api/unread_list/?max=5 HTTP/1.1" 200 38 "https://www.zymblog.top/blog/120" "Mozilla/5.0 (Windows NT 10.0; Win64; x64) AppleWebKit/537.36 (KHTML, like Gecko) Chrome/69.0.3497.81 Safari/537.36"
59.42.126.32 - - [26/Sep/2019:10:56:34 +0800] "GET /blog/ HTTP/1.1" 200 6587 "https://www.zymblog.top/" "Mozilla/5.0 (Windows NT 10.0; Win64; x64) AppleWebKit/537.36 (KHTML, like Gecko) Chrome/69.0.3497.81 Safari/537.36"
59.42.126.32 - - [26/Sep/2019:10:56:36 +0800] "GET / HTTP/1.1" 200 4612 "https://www.zymblog.top/blog/" "Mozilla/5.0 (Windows NT 10.0; Win64; x64) AppleWebKit/537.36 (KHTML, like Gecko) Chrome/69.0.3497.81 Safari/537.36"
59.42.126.32 - - [26/Sep/2019:10:56:36 +0800] "GET /notifications/api/unread_list/?max=5 HTTP/1.1" 200 38 "https://www.zymblog.top/blog/" "Mozilla/5.0 (Windows NT 10.0; Win64; x64) AppleWebKit/537.36 (KHTML, like Gecko) Chrome/69.0.3497.81 Safari/537.36"
59.42.126.32 - - [26/Sep/2019:10:56:36 +0800] "GET /notifications/api/unread_list/?max=5 HTTP/1.1" 200 38 "https://www.zymblog.top/blog/" "Mozilla/5.0 (Windows NT 10.0; Win64; x64) AppleWebKit/537.36 (KHTML, like Gecko) Chrome/69.0.3497.81 Safari/537.36"
59.42.126.32 - - [26/Sep/2019:10:56:37 +0800] "GET /notifications/api/unread_list/?max=5 HTTP/1.1" 200 38 "https://www.zymblog.top/" "Mozilla/5.0 (Windows NT 10.0; Win64; x64) AppleWebKit/537.36 (KHTML, like Gecko) Chrome/69.0.3497.81 Safari/537.36"
59.42.126.32 - - [26/Sep/2019:10:56:41 +0800] "GET / HTTP/1.1" 200 4900 "https://www.zymblog.top/blog/" "Mozilla/5.0 (Windows NT 10.0; Win64; x64) AppleWebKit/537.36 (KHTML, like Gecko) Chrome/69.0.3497.81 Safari/537.36"
59.42.126.32 - - [26/Sep/2019:10:56:43 +0800] "GET /notifications/api/unread_list/?max=5 HTTP/1.1" 200 38 "https://www.zymblog.top/" "Mozilla/5.0 (Windows NT 10.0; Win64; x64) AppleWebKit/537.36 (KHTML, like Gecko) Chrome/69.0.3497.81 Safari/537.36"
59.42.126.32 - - [26/Sep/2019:10:56:58 +0800] "GET /notifications/api/unread_list/?max=5 HTTP/1.1" 200 38 "https://www.zymblog.top/" "Mozilla/5.0 (Windows NT 10.0; Win64; x64) AppleWebKit/537.36 (KHTML, like Gecko) Chrome/69.0.3497.81 Safari/537.36"
59.42.126.32 - - [26/Sep/2019:10:57:13 +0800] "GET /notifications/api/unread_list/?max=5 HTTP/1.1" 200 38 "https://www.zymblog.top/" "Mozilla/5.0 (Windows NT 10.0; Win64; x64) AppleWebKit/537.36 (KHTML, like Gecko) Chrome/69.0.3497.81 Safari/537.36"
59.42.126.32 - - [26/Sep/2019:10:57:29 +0800] "GET /notifications/api/unread_list/?max=5 HTTP/1.1" 200 38 "https://www.zymblog.top/" "Mozilla/5.0 (Windows NT 10.0; Win64; x64) AppleWebKit/537.36 (KHTML, like Gecko) Chrome/69.0.3497.81 Safari/537.36"
59.42.126.32 - - [26/Sep/2019:10:57:43 +0800] "GET /notifications/api/unread_list/?max=5 HTTP/1.1" 200 38 "https://www.zymblog.top/" "Mozilla/5.0 (Windows NT 10.0; Win64; x64) AppleWebKit/537.36 (KHTML, like Gecko) Chrome/69.0.3497.81 Safari/537.36"
59.42.126.32 - - [26/Sep/2019:10:57:58 +0800] "GET /notifications/api/unread_list/?max=5 HTTP/1.1" 200 38 "https://www.zymblog.top/" "Mozilla/5.0 (Windows NT 10.0; Win64; x64) AppleWebKit/537.36 (KHTML, like Gecko) Chrome/69.0.3497.81 Safari/537.36"
59.42.126.32 - - [26/Sep/2019:10:58:14 +0800] "GET /notifications/api/unread_list/?max=5 HTTP/1.1" 200 38 "https://www.zymblog.top/" "Mozilla/5.0 (Windows NT 10.0; Win64; x64) AppleWebKit/537.36 (KHTML, like Gecko) Chrome/69.0.3497.81 Safari/537.36"
59.42.126.32 - - [26/Sep/2019:10:58:29 +0800] "GET /notifications/api/unread_list/?max=5 HTTP/1.1" 200 38 "https://www.zymblog.top/" "Mozilla/5.0 (Windows NT 10.0; Win64; x64) AppleWebKit/537.36 (KHTML, like Gecko) Chrome/69.0.3497.81 Safari/537.36"
59.42.126.32 - - [26/Sep/2019:10:58:45 +0800] "GET /notifications/api/unread_list/?max=5 HTTP/1.1" 200 38 "https://www.zymblog.top/" "Mozilla/5.0 (Windows NT 10.0; Win64; x64) AppleWebKit/537.36 (KHTML, like Gecko) Chrome/69.0.3497.81 Safari/537.36"
59.42.126.32 - - [26/Sep/2019:10:59:01 +0800] "GET /notifications/api/unread_list/?max=5 HTTP/1.1" 200 38 "https://www.zymblog.top/" "Mozilla/5.0 (Windows NT 10.0; Win64; x64) AppleWebKit/537.36 (KHTML, like Gecko) Chrome/69.0.3497.81 Safari/537.36"
59.42.126.32 - - [26/Sep/2019:10:59:17 +0800] "GET /notifications/api/unread_list/?max=5 HTTP/1.1" 200 38 "https://www.zymblog.top/" "Mozilla/5.0 (Windows NT 10.0; Win64; x64) AppleWebKit/537.36 (KHTML, like Gecko) Chrome/69.0.3497.81 Safari/537.36"
59.42.126.32 - - [26/Sep/2019:10:59:33 +0800] "GET /notifications/api/unread_list/?max=5 HTTP/1.1" 200 38 "https://www.zymblog.top/" "Mozilla/5.0 (Windows NT 10.0; Win64; x64) AppleWebKit/537.36 (KHTML, like Gecko) Chrome/69.0.3497.81 Safari/537.36"
59.42.126.32 - - [26/Sep/2019:10:59:48 +0800] "GET /notifications/api/unread_list/?max=5 HTTP/1.1" 200 38 "https://www.zymblog.top/" "Mozilla/5.0 (Windows NT 10.0; Win64; x64) AppleWebKit/537.36 (KHTML, like Gecko) Chrome/69.0.3497.81 Safari/537.36"
59.42.126.32 - - [26/Sep/2019:11:00:04 +0800] "GET /notifications/api/unread_list/?max=5 HTTP/1.1" 200 38 "https://www.zymblog.top/" "Mozilla/5.0 (Windows NT 10.0; Win64; x64) AppleWebKit/537.36 (KHTML, like Gecko) Chrome/69.0.3497.81 Safari/537.36"
59.42.126.32 - - [26/Sep/2019:11:00:21 +0800] "GET /notifications/api/unread_list/?max=5 HTTP/1.1" 200 38 "https://www.zymblog.top/" "Mozilla/5.0 (Windows NT 10.0; Win64; x64) AppleWebKit/537.36 (KHTML, like Gecko) Chrome/69.0.3497.81 Safari/537.36"
59.42.126.32 - - [26/Sep/2019:11:00:37 +0800] "GET /notifications/api/unread_list/?max=5 HTTP/1.1" 200 38 "https://www.zymblog.top/" "Mozilla/5.0 (Windows NT 10.0; Win64; x64) AppleWebKit/537.36 (KHTML, like Gecko) Chrome/69.0.3497.81 Safari/537.36"
59.42.126.32 - - [26/Sep/2019:11:00:52 +0800] "GET /notifications/api/unread_list/?max=5 HTTP/1.1" 200 38 "https://www.zymblog.top/" "Mozilla/5.0 (Windows NT 10.0; Win64; x64) AppleWebKit/537.36 (KHTML, like Gecko) Chrome/69.0.3497.81 Safari/537.36"
59.42.126.32 - - [26/Sep/2019:11:01:09 +0800] "GET /notifications/api/unread_list/?max=5 HTTP/1.1" 200 38 "https://www.zymblog.top/" "Mozilla/5.0 (Windows NT 10.0; Win64; x64) AppleWebKit/537.36 (KHTML, like Gecko) Chrome/69.0.3497.81 Safari/537.36"
59.42.126.32 - - [26/Sep/2019:11:01:25 +0800] "GET /notifications/api/unread_list/?max=5 HTTP/1.1" 200 38 "https://www.zymblog.top/" "Mozilla/5.0 (Windows NT 10.0; Win64; x64) AppleWebKit/537.36 (KHTML, like Gecko) Chrome/69.0.3497.81 Safari/537.36"
59.42.126.32 - - [26/Sep/2019:11:01:41 +0800] "GET /notifications/api/unread_list/?max=5 HTTP/1.1" 200 38 "https://www.zymblog.top/" "Mozilla/5.0 (Windows NT 10.0; Win64; x64) AppleWebKit/537.36 (KHTML, like Gecko) Chrome/69.0.3497.81 Safari/537.36"
59.42.126.32 - - [26/Sep/2019:11:02:00 +0800] "GET /notifications/api/unread_list/?max=5 HTTP/1.1" 200 38 "https://www.zymblog.top/" "Mozilla/5.0 (Windows NT 10.0; Win64; x64) AppleWebKit/537.36 (KHTML, like Gecko) Chrome/69.0.3497.81 Safari/537.36"
59.42.126.32 - - [26/Sep/2019:11:02:12 +0800] "GET /notifications/api/unread_list/?max=5 HTTP/1.1" 200 38 "https://www.zymblog.top/" "Mozilla/5.0 (Windows NT 10.0; Win64; x64) AppleWebKit/537.36 (KHTML, like Gecko) Chrome/69.0.3497.81 Safari/537.36"
59.42.126.32 - - [26/Sep/2019:11:02:29 +0800] "GET /notifications/api/unread_list/?max=5 HTTP/1.1" 200 38 "https://www.zymblog.top/" "Mozilla/5.0 (Windows NT 10.0; Win64; x64) AppleWebKit/537.36 (KHTML, like Gecko) Chrome/69.0.3497.81 Safari/537.36"
59.42.126.32 - - [26/Sep/2019:11:02:45 +0800] "GET /notifications/api/unread_list/?max=5 HTTP/1.1" 200 38 "https://www.zymblog.top/" "Mozilla/5.0 (Windows NT 10.0; Win64; x64) AppleWebKit/537.36 (KHTML, like Gecko) Chrome/69.0.3497.81 Safari/537.36"
59.42.126.32 - - [26/Sep/2019:11:03:01 +0800] "GET /notifications/api/unread_list/?max=5 HTTP/1.1" 200 38 "https://www.zymblog.top/" "Mozilla/5.0 (Windows NT 10.0; Win64; x64) AppleWebKit/537.36 (KHTML, like Gecko) Chrome/69.0.3497.81 Safari/537.36"
59.42.126.32 - - [26/Sep/2019:11:03:16 +0800] "GET /notifications/api/unread_list/?max=5 HTTP/1.1" 200 38 "https://www.zymblog.top/" "Mozilla/5.0 (Windows NT 10.0; Win64; x64) AppleWebKit/537.36 (KHTML, like Gecko) Chrome/69.0.3497.81 Safari/537.36"
59.42.126.32 - - [26/Sep/2019:11:03:32 +0800] "GET /notifications/api/unread_list/?max=5 HTTP/1.1" 200 38 "https://www.zymblog.top/" "Mozilla/5.0 (Windows NT 10.0; Win64; x64) AppleWebKit/537.36 (KHTML, like Gecko) Chrome/69.0.3497.81 Safari/537.36"
59.42.126.32 - - [26/Sep/2019:11:03:49 +0800] "GET /notifications/api/unread_list/?max=5 HTTP/1.1" 200 38 "https://www.zymblog.top/" "Mozilla/5.0 (Windows NT 10.0; Win64; x64) AppleWebKit/537.36 (KHTML, like Gecko) Chrome/69.0.3497.81 Safari/537.36"
59.42.126.32 - - [26/Sep/2019:11:04:05 +0800] "GET /notifications/api/unread_list/?max=5 HTTP/1.1" 200 38 "https://www.zymblog.top/" "Mozilla/5.0 (Windows NT 10.0; Win64; x64) AppleWebKit/537.36 (KHTML, like Gecko) Chrome/69.0.3497.81 Safari/537.36"
59.42.126.32 - - [26/Sep/2019:11:04:20 +0800] "GET /notifications/api/unread_list/?max=5 HTTP/1.1" 200 38 "https://www.zymblog.top/" "Mozilla/5.0 (Windows NT 10.0; Win64; x64) AppleWebKit/537.36 (KHTML, like Gecko) Chrome/69.0.3497.81 Safari/537.36"
59.42.126.32 - - [26/Sep/2019:11:04:36 +0800] "GET /notifications/api/unread_list/?max=5 HTTP/1.1" 200 38 "https://www.zymblog.top/" "Mozilla/5.0 (Windows NT 10.0; Win64; x64) AppleWebKit/537.36 (KHTML, like Gecko) Chrome/69.0.3497.81 Safari/537.36"
14.246.88.71 - - [26/Sep/2019:11:04:50 +0800] "GET / HTTP/1.0" 302 170 "-" "-"
59.42.126.32 - - [26/Sep/2019:11:04:52 +0800] "GET /notifications/api/unread_list/?max=5 HTTP/1.1" 200 38 "https://www.zymblog.top/" "Mozilla/5.0 (Windows NT 10.0; Win64; x64) AppleWebKit/537.36 (KHTML, like Gecko) Chrome/69.0.3497.81 Safari/537.36"
59.42.126.32 - - [26/Sep/2019:11:05:08 +0800] "GET /notifications/api/unread_list/?max=5 HTTP/1.1" 200 38 "https://www.zymblog.top/" "Mozilla/5.0 (Windows NT 10.0; Win64; x64) AppleWebKit/537.36 (KHTML, like Gecko) Chrome/69.0.3497.81 Safari/537.36"
59.42.126.32 - - [26/Sep/2019:11:05:24 +0800] "GET /notifications/api/unread_list/?max=5 HTTP/1.1" 200 38 "https://www.zymblog.top/" "Mozilla/5.0 (Windows NT 10.0; Win64; x64) AppleWebKit/537.36 (KHTML, like Gecko) Chrome/69.0.3497.81 Safari/537.36"
59.42.126.32 - - [26/Sep/2019:11:05:41 +0800] "GET /notifications/api/unread_list/?max=5 HTTP/1.1" 200 38 "https://www.zymblog.top/" "Mozilla/5.0 (Windows NT 10.0; Win64; x64) AppleWebKit/537.36 (KHTML, like Gecko) Chrome/69.0.3497.81 Safari/537.36"
59.42.126.32 - - [26/Sep/2019:11:05:57 +0800] "GET /notifications/api/unread_list/?max=5 HTTP/1.1" 200 38 "https://www.zymblog.top/" "Mozilla/5.0 (Windows NT 10.0; Win64; x64) AppleWebKit/537.36 (KHTML, like Gecko) Chrome/69.0.3497.81 Safari/537.36"
59.42.126.32 - - [26/Sep/2019:11:06:13 +0800] "GET /notifications/api/unread_list/?max=5 HTTP/1.1" 200 38 "https://www.zymblog.top/" "Mozilla/5.0 (Windows NT 10.0; Win64; x64) AppleWebKit/537.36 (KHTML, like Gecko) Chrome/69.0.3497.81 Safari/537.36"
59.42.126.32 - - [26/Sep/2019:11:06:29 +0800] "GET /notifications/api/unread_list/?max=5 HTTP/1.1" 200 38 "https://www.zymblog.top/" "Mozilla/5.0 (Windows NT 10.0; Win64; x64) AppleWebKit/537.36 (KHTML, like Gecko) Chrome/69.0.3497.81 Safari/537.36"
59.42.126.32 - - [26/Sep/2019:11:06:45 +0800] "GET /notifications/api/unread_list/?max=5 HTTP/1.1" 200 38 "https://www.zymblog.top/" "Mozilla/5.0 (Windows NT 10.0; Win64; x64) AppleWebKit/537.36 (KHTML, like Gecko) Chrome/69.0.3497.81 Safari/537.36"
59.42.126.32 - - [26/Sep/2019:11:07:01 +0800] "GET /notifications/api/unread_list/?max=5 HTTP/1.1" 200 38 "https://www.zymblog.top/" "Mozilla/5.0 (Windows NT 10.0; Win64; x64) AppleWebKit/537.36 (KHTML, like Gecko) Chrome/69.0.3497.81 Safari/537.36"
14.246.88.71 - - [26/Sep/2019:11:29:56 +0800] "GET / HTTP/1.0" 302 170 "-" "-"
59.42.126.32 - - [26/Sep/2019:11:31:40 +0800] "GET /notifications/api/unread_list/?max=5 HTTP/1.1" 200 38 "https://www.zymblog.top/" "Mozilla/5.0 (Windows NT 10.0; Win64; x64) AppleWebKit/537.36 (KHTML, like Gecko) Chrome/69.0.3497.81 Safari/537.36"
59.42.126.32 - - [26/Sep/2019:11:31:41 +0800] "GET / HTTP/1.1" 200 4926 "https://www.zymblog.top/blog/" "Mozilla/5.0 (Windows NT 10.0; Win64; x64) AppleWebKit/537.36 (KHTML, like Gecko) Chrome/69.0.3497.81 Safari/537.36"
59.42.126.32 - - [26/Sep/2019:11:31:41 +0800] "GET /favicon.ico HTTP/1.1" 200 4286 "https://www.zymblog.top/" "Mozilla/5.0 (Windows NT 10.0; Win64; x64) AppleWebKit/537.36 (KHTML, like Gecko) Chrome/69.0.3497.81 Safari/537.36"
59.42.126.32 - - [26/Sep/2019:11:31:42 +0800] "GET /notifications/api/unread_list/?max=5 HTTP/1.1" 200 38 "https://www.zymblog.top/" "Mozilla/5.0 (Windows NT 10.0; Win64; x64) AppleWebKit/537.36 (KHTML, like Gecko) Chrome/69.0.3497.81 Safari/537.36"
59.42.126.32 - - [26/Sep/2019:11:31:58 +0800] "GET /notifications/api/unread_list/?max=5 HTTP/1.1" 200 38 "https://www.zymblog.top/" "Mozilla/5.0 (Windows NT 10.0; Win64; x64) AppleWebKit/537.36 (KHTML, like Gecko) Chrome/69.0.3497.81 Safari/537.36"
59.42.126.32 - - [26/Sep/2019:11:32:14 +0800] "GET /notifications/api/unread_list/?max=5 HTTP/1.1" 200 38 "https://www.zymblog.top/" "Mozilla/5.0 (Windows NT 10.0; Win64; x64) AppleWebKit/537.36 (KHTML, like Gecko) Chrome/69.0.3497.81 Safari/537.36"
59.42.126.32 - - [26/Sep/2019:11:32:30 +0800] "GET /notifications/api/unread_list/?max=5 HTTP/1.1" 200 38 "https://www.zymblog.top/" "Mozilla/5.0 (Windows NT 10.0; Win64; x64) AppleWebKit/537.36 (KHTML, like Gecko) Chrome/69.0.3497.81 Safari/537.36"
59.42.126.32 - - [26/Sep/2019:11:32:46 +0800] "GET /notifications/api/unread_list/?max=5 HTTP/1.1" 200 38 "https://www.zymblog.top/" "Mozilla/5.0 (Windows NT 10.0; Win64; x64) AppleWebKit/537.36 (KHTML, like Gecko) Chrome/69.0.3497.81 Safari/537.36"
59.42.126.32 - - [26/Sep/2019:11:33:02 +0800] "GET /notifications/api/unread_list/?max=5 HTTP/1.1" 200 38 "https://www.zymblog.top/" "Mozilla/5.0 (Windows NT 10.0; Win64; x64) AppleWebKit/537.36 (KHTML, like Gecko) Chrome/69.0.3497.81 Safari/537.36"
59.42.126.32 - - [26/Sep/2019:11:33:18 +0800] "GET /notifications/api/unread_list/?max=5 HTTP/1.1" 200 38 "https://www.zymblog.top/" "Mozilla/5.0 (Windows NT 10.0; Win64; x64) AppleWebKit/537.36 (KHTML, like Gecko) Chrome/69.0.3497.81 Safari/537.36"
59.42.126.32 - - [26/Sep/2019:11:33:34 +0800] "GET /notifications/api/unread_list/?max=5 HTTP/1.1" 200 38 "https://www.zymblog.top/" "Mozilla/5.0 (Windows NT 10.0; Win64; x64) AppleWebKit/537.36 (KHTML, like Gecko) Chrome/69.0.3497.81 Safari/537.36"
59.42.126.32 - - [26/Sep/2019:11:33:50 +0800] "GET /notifications/api/unread_list/?max=5 HTTP/1.1" 200 38 "https://www.zymblog.top/" "Mozilla/5.0 (Windows NT 10.0; Win64; x64) AppleWebKit/537.36 (KHTML, like Gecko) Chrome/69.0.3497.81 Safari/537.36"
59.42.126.32 - - [26/Sep/2019:11:34:06 +0800] "GET /notifications/api/unread_list/?max=5 HTTP/1.1" 200 38 "https://www.zymblog.top/" "Mozilla/5.0 (Windows NT 10.0; Win64; x64) AppleWebKit/537.36 (KHTML, like Gecko) Chrome/69.0.3497.81 Safari/537.36"
59.42.126.32 - - [26/Sep/2019:11:34:22 +0800] "GET /notifications/api/unread_list/?max=5 HTTP/1.1" 200 38 "https://www.zymblog.top/" "Mozilla/5.0 (Windows NT 10.0; Win64; x64) AppleWebKit/537.36 (KHTML, like Gecko) Chrome/69.0.3497.81 Safari/537.36"
59.42.126.32 - - [26/Sep/2019:11:34:38 +0800] "GET /notifications/api/unread_list/?max=5 HTTP/1.1" 200 38 "https://www.zymblog.top/" "Mozilla/5.0 (Windows NT 10.0; Win64; x64) AppleWebKit/537.36 (KHTML, like Gecko) Chrome/69.0.3497.81 Safari/537.36"
59.42.126.32 - - [26/Sep/2019:11:34:54 +0800] "GET /notifications/api/unread_list/?max=5 HTTP/1.1" 200 38 "https://www.zymblog.top/" "Mozilla/5.0 (Windows NT 10.0; Win64; x64) AppleWebKit/537.36 (KHTML, like Gecko) Chrome/69.0.3497.81 Safari/537.36"
59.42.126.32 - - [26/Sep/2019:11:35:10 +0800] "GET /notifications/api/unread_list/?max=5 HTTP/1.1" 200 38 "https://www.zymblog.top/" "Mozilla/5.0 (Windows NT 10.0; Win64; x64) AppleWebKit/537.36 (KHTML, like Gecko) Chrome/69.0.3497.81 Safari/537.36"
59.42.126.32 - - [26/Sep/2019:11:35:26 +0800] "GET /notifications/api/unread_list/?max=5 HTTP/1.1" 200 38 "https://www.zymblog.top/" "Mozilla/5.0 (Windows NT 10.0; Win64; x64) AppleWebKit/537.36 (KHTML, like Gecko) Chrome/69.0.3497.81 Safari/537.36"
59.42.126.32 - - [26/Sep/2019:11:35:41 +0800] "GET /notifications/api/unread_list/?max=5 HTTP/1.1" 200 38 "https://www.zymblog.top/" "Mozilla/5.0 (Windows NT 10.0; Win64; x64) AppleWebKit/537.36 (KHTML, like Gecko) Chrome/69.0.3497.81 Safari/537.36"
59.42.126.32 - - [26/Sep/2019:11:35:58 +0800] "GET /notifications/api/unread_list/?max=5 HTTP/1.1" 200 38 "https://www.zymblog.top/" "Mozilla/5.0 (Windows NT 10.0; Win64; x64) AppleWebKit/537.36 (KHTML, like Gecko) Chrome/69.0.3497.81 Safari/537.36"
59.42.126.32 - - [26/Sep/2019:11:36:13 +0800] "GET /notifications/api/unread_list/?max=5 HTTP/1.1" 200 38 "https://www.zymblog.top/" "Mozilla/5.0 (Windows NT 10.0; Win64; x64) AppleWebKit/537.36 (KHTML, like Gecko) Chrome/69.0.3497.81 Safari/537.36"
59.42.126.32 - - [26/Sep/2019:11:36:30 +0800] "GET /notifications/api/unread_list/?max=5 HTTP/1.1" 200 38 "https://www.zymblog.top/" "Mozilla/5.0 (Windows NT 10.0; Win64; x64) AppleWebKit/537.36 (KHTML, like Gecko) Chrome/69.0.3497.81 Safari/537.36"
59.42.126.32 - - [26/Sep/2019:11:36:45 +0800] "GET /notifications/api/unread_list/?max=5 HTTP/1.1" 200 38 "https://www.zymblog.top/" "Mozilla/5.0 (Windows NT 10.0; Win64; x64) AppleWebKit/537.36 (KHTML, like Gecko) Chrome/69.0.3497.81 Safari/537.36"
59.42.126.32 - - [26/Sep/2019:11:37:02 +0800] "GET /notifications/api/unread_list/?max=5 HTTP/1.1" 200 38 "https://www.zymblog.top/" "Mozilla/5.0 (Windows NT 10.0; Win64; x64) AppleWebKit/537.36 (KHTML, like Gecko) Chrome/69.0.3497.81 Safari/537.36"
59.42.126.32 - - [26/Sep/2019:11:37:18 +0800] "GET /notifications/api/unread_list/?max=5 HTTP/1.1" 200 38 "https://www.zymblog.top/" "Mozilla/5.0 (Windows NT 10.0; Win64; x64) AppleWebKit/537.36 (KHTML, like Gecko) Chrome/69.0.3497.81 Safari/537.36"
59.42.126.32 - - [26/Sep/2019:11:37:34 +0800] "GET /notifications/api/unread_list/?max=5 HTTP/1.1" 200 38 "https://www.zymblog.top/" "Mozilla/5.0 (Windows NT 10.0; Win64; x64) AppleWebKit/537.36 (KHTML, like Gecko) Chrome/69.0.3497.81 Safari/537.36"
59.42.126.32 - - [26/Sep/2019:11:37:50 +0800] "GET /notifications/api/unread_list/?max=5 HTTP/1.1" 200 38 "https://www.zymblog.top/" "Mozilla/5.0 (Windows NT 10.0; Win64; x64) AppleWebKit/537.36 (KHTML, like Gecko) Chrome/69.0.3497.81 Safari/537.36"
59.42.126.32 - - [26/Sep/2019:11:38:06 +0800] "GET /notifications/api/unread_list/?max=5 HTTP/1.1" 200 38 "https://www.zymblog.top/" "Mozilla/5.0 (Windows NT 10.0; Win64; x64) AppleWebKit/537.36 (KHTML, like Gecko) Chrome/69.0.3497.81 Safari/537.36"
59.42.126.32 - - [26/Sep/2019:11:38:22 +0800] "GET /notifications/api/unread_list/?max=5 HTTP/1.1" 200 38 "https://www.zymblog.top/" "Mozilla/5.0 (Windows NT 10.0; Win64; x64) AppleWebKit/537.36 (KHTML, like Gecko) Chrome/69.0.3497.81 Safari/537.36"
59.42.126.32 - - [26/Sep/2019:11:38:38 +0800] "GET /notifications/api/unread_list/?max=5 HTTP/1.1" 200 38 "https://www.zymblog.top/" "Mozilla/5.0 (Windows NT 10.0; Win64; x64) AppleWebKit/537.36 (KHTML, like Gecko) Chrome/69.0.3497.81 Safari/537.36"
59.42.126.32 - - [26/Sep/2019:11:38:54 +0800] "GET /notifications/api/unread_list/?max=5 HTTP/1.1" 200 38 "https://www.zymblog.top/" "Mozilla/5.0 (Windows NT 10.0; Win64; x64) AppleWebKit/537.36 (KHTML, like Gecko) Chrome/69.0.3497.81 Safari/537.36"
59.42.126.32 - - [26/Sep/2019:11:39:10 +0800] "GET /notifications/api/unread_list/?max=5 HTTP/1.1" 200 38 "https://www.zymblog.top/" "Mozilla/5.0 (Windows NT 10.0; Win64; x64) AppleWebKit/537.36 (KHTML, like Gecko) Chrome/69.0.3497.81 Safari/537.36"
59.42.126.32 - - [26/Sep/2019:11:39:26 +0800] "GET /notifications/api/unread_list/?max=5 HTTP/1.1" 200 38 "https://www.zymblog.top/" "Mozilla/5.0 (Windows NT 10.0; Win64; x64) AppleWebKit/537.36 (KHTML, like Gecko) Chrome/69.0.3497.81 Safari/537.36"
59.42.126.32 - - [26/Sep/2019:11:39:42 +0800] "GET /notifications/api/unread_list/?max=5 HTTP/1.1" 200 38 "https://www.zymblog.top/" "Mozilla/5.0 (Windows NT 10.0; Win64; x64) AppleWebKit/537.36 (KHTML, like Gecko) Chrome/69.0.3497.81 Safari/537.36"
59.42.126.32 - - [26/Sep/2019:11:39:58 +0800] "GET /notifications/api/unread_list/?max=5 HTTP/1.1" 200 38 "https://www.zymblog.top/" "Mozilla/5.0 (Windows NT 10.0; Win64; x64) AppleWebKit/537.36 (KHTML, like Gecko) Chrome/69.0.3497.81 Safari/537.36"
59.42.126.32 - - [26/Sep/2019:11:40:13 +0800] "GET /notifications/api/unread_list/?max=5 HTTP/1.1" 200 38 "https://www.zymblog.top/" "Mozilla/5.0 (Windows NT 10.0; Win64; x64) AppleWebKit/537.36 (KHTML, like Gecko) Chrome/69.0.3497.81 Safari/537.36"
